03-17 18:07:21.435 W/ResourceType(13337): No package identifier when getting value for resource number 0x00000000
03-17 18:07:21.436 W/PackageManager(13337): Failure retrieving resources for com.google.android.apps.fitness: Resource ID #0x0
03-17 18:07:21.444 W/ResourceType(13337): No package identifier when getting value for resource number 0x00000000
03-17 18:07:21.444 W/PackageManager(13337): Failure retrieving resources for com.sonymobile.wearable.pinpointlocation: Resource ID #0x0
03-17 18:07:21.498 W/ResourceType(13337): No package identifier when getting value for resource number 0x00000000
03-17 18:07:21.500 W/PackageManager(13337): Failure retrieving resources for com.google.android.deskclock: Resource ID #0x0
03-17 18:07:21.502 W/ResourceType(13337): No package identifier when getting value for resource number 0x00000000
03-17 18:07:21.502 W/PackageManager(13337): Failure retrieving resources for com.google.android.deskclock: Resource ID #0x0
03-17 18:07:21.503 W/ResourceType(13337): No package identifier when getting value for resource number 0x00000000
03-17 18:07:21.503 W/PackageManager(13337): Failure retrieving resources for com.google.android.deskclock: Resource ID #0x0
03-17 18:07:21.504 I/WindowManager(  427): Screen frozen for +2s212ms due to Window{3b0431f3 u0 com.baidu.wear.app/com.baidu.wear.app.HomeActivity}
03-17 18:07:21.507 W/ResourceType(13337): No package identifier when getting value for resource number 0x00000000
03-17 18:07:21.507 W/PackageManager(13337): Failure retrieving resources for com.baidu.wear.fitness: Resource ID #0x0
03-17 18:07:21.542 I/art     (13337): Background partial concurrent mark sweep GC freed 7436(436KB) AllocSpace objects, 3(664KB) LOS objects, 14% free, 11MB/13MB, paused 12.878ms total 269.866ms
03-17 18:07:21.544 W/ResourceType(13337): No package identifier when getting value for resource number 0x00000000
03-17 18:07:21.544 W/PackageManager(13337): Failure retrieving resources for com.creativedrewy.wearss: Resource ID #0x0
03-17 18:07:21.553 W/ResourceType(13337): No package identifier when getting value for resource number 0x00000000
03-17 18:07:21.553 W/PackageManager(13337): Failure retrieving resources for com.google.android.music: Resource ID #0x0
03-17 18:07:21.679 I/BaiduWearService(  648): WearableService:return binder com.baidu.wear.bws.service.aj@1fb91972
03-17 18:07:21.753 D/HomeActivity(13337): setStyle: watch face .services.watchface.WeatherMapWatchFaceService (card 1/0 bg 0 time false ambientPeek 0 peekOpacityMode 0 viewProtectionMode 3  statusBarGravity 81 hotwordIndicatorGravity 81 showUnreadCountIndicator false)
03-17 18:07:21.763 D/HomeActivity(13337): WatchServiceBroadcast had received!
03-17 18:07:21.802 W/bt-btif ( 1075): dm_pm_timer expires
03-17 18:07:21.802 W/bt-btif ( 1075): dm_pm_timer expires 0
03-17 18:07:21.802 W/bt-btif ( 1075): proc dm_pm_timer expires
03-17 18:07:21.892 W/art     (13337): Suspending all threads took: 11.383ms
03-17 18:07:21.931 I/art     (13337): Background sticky concurrent mark sweep GC freed 7845(324KB) AllocSpace objects, 2(40KB) LOS objects, 4% free, 12MB/13MB, paused 13.061ms total 66.619ms
03-17 18:07:22.173 W/libprocessgroup(  427): failed to kill pid 13363: No such process
03-17 18:07:22.175 I/ActivityManager(  427): Process com.sonymobile.wearable.somcprovider (pid 13363) has died
03-17 18:07:22.219 W/art     (13450): Suspending all threads took: 17.608ms
03-17 18:07:22.333 D/ZenLog  (  427): disable_effects: 0|com.google.android.apps.fitness|1|null|10021,listenerHints
03-17 18:07:22.400 I/FitnessWearable(13450): Starting SystemManager
03-17 18:07:22.534 D/StreamVibrator(13337): 
03-17 18:07:22.534 D/StreamVibrator(13337): Ambient, onStreamChange >>>>>>>>>>
03-17 18:07:22.534 D/StreamVibrator(13337): Add to pending, Id: StreamItemEntryId[com.google.android.apps.fitness, id=1]
03-17 18:07:22.534 D/StreamVibrator(13337): Ambient, mPendingVibrations size: 1
03-17 18:07:22.534 D/NotificationAdapter(13337): > Scheduled update 100ms from now...
03-17 18:07:22.575 I/art     (13337): Background partial concurrent mark sweep GC freed 4774(285KB) AllocSpace objects, 4(1224KB) LOS objects, 13% free, 13MB/15MB, paused 1.068ms total 130.126ms
03-17 18:07:22.645 D/HomeActivity(13337): requestApplyStreamUpdates, resumed: true, ambient: false, isInteractive: true
03-17 18:07:22.645 D/NotificationAdapter(13337): ApplyPending: false
03-17 18:07:22.656 D/StreamVibrator(13337): Ambient, maybeVibrate size: 1, Id: StreamItemEntryId[com.google.android.apps.fitness, id=1]
03-17 18:07:22.658 W/StreamVibrator(13337): isWakeAllowed:
03-17 18:07:22.658 W/StreamVibrator(13337): theaterMode: false
03-17 18:07:22.658 W/StreamVibrator(13337): matchFilter: false
03-17 18:07:22.658 W/StreamVibrator(13337): isPluggedIn: false
03-17 18:07:22.658 W/StreamVibrator(13337): isInAmbient: false
03-17 18:07:22.659 I/StreamVibrator(13337): 
03-17 18:07:22.659 I/StreamVibrator(13337): hasVibrationPattern:false
03-17 18:07:22.659 I/StreamVibrator(13337): alertUnlessPluggedIn:false
03-17 18:07:22.659 I/StreamVibrator(13337): isPluggedIn:false
03-17 18:07:22.659 I/StreamVibrator(13337): performWake:false
03-17 18:07:22.659 D/NotificationAdapter(13337): count is 1
03-17 18:07:22.659 D/NotificationAdapter(13337): > Id: StreamItemEntryId[com.google.android.apps.fitness, id=1]
03-17 18:07:22.659 D/StreamGridPager(13337): Received notify... ambient
03-17 18:07:22.702 I/FitnessWearable(13450): Watch connected
03-17 18:07:22.709 W/CardScrollView(13337): No CardFrame has been added.
03-17 18:07:22.720 W/CardScrollView(13337): No CardFrame has been added.
03-17 18:07:22.721 D/CustomDisplayPage(13337): height = 256
03-17 18:07:22.721 D/CustomDisplayPage(13337): i = 0
03-17 18:07:22.762 W/CardScrollView(13337): No CardFrame has been added.
03-17 18:07:22.764 D/NotificationAdapter(13337): Ambient onChange applied...
03-17 18:07:22.764 I/StreamVibrator(13337): Ambient, maybeWakeScreen:
03-17 18:07:22.764 I/StreamVibrator(13337): mWakeId: null
03-17 18:07:22.764 I/StreamVibrator(13337):      Id: StreamItemEntryId[com.google.android.apps.fitness, id=1]
03-17 18:07:22.764 D/HomeView(13337): onPeekModeChanged: SIMPLE->SIMPLE
03-17 18:07:22.817 I/ContactLocale(13469): AddressBook Labels [zh-CN]: [, A, B, C, D, E, F, G, H, I, J, K, L, M, N, O, P, Q, R, S, T, U, V, W, X, Y, Z, , , , , , , , , , , , , , , , , , , , , , , , , , , , , , , , , , , , , , , , , , , , , , , , , , , , , , , , , , , , , , , , , , , , , , , , , , , , , , , , , , , , , , , , , , , , , , , , , , , , , , , , , , , , , , , , , , , , , , , , , , , , , , , , , , , , , , , , , , , , , , , , , , , , , , , , , , , , , , , , , , , , , , , , , , , , , , , , , , , , , , , , , , , , #, ]
03-17 18:07:23.461 I/ContactsProvider(13469): Locale has changed from en-US;zh-CN to zh-CN
03-17 18:07:23.465 I/ContactsDatabaseHelper(13469): Switching to locale zh-CN (ICU v53.1.0.1)
03-17 18:07:23.623 I/art     (  427): Explicit concurrent mark sweep GC freed 14801(1054KB) AllocSpace objects, 1(16KB) LOS objects, 14% free, 11MB/13MB, paused 1.586ms total 102.233ms
03-17 18:07:23.671 I/ContactsDatabaseHelper(13469): Locale change completed in 206ms
03-17 18:07:23.681 I/ContactsDatabaseHelper(13469): Switching to locale zh-CN (ICU v53.1.0.1)
03-17 18:07:23.792 I/art     (13337): Background sticky concurrent mark sweep GC freed 2296(103KB) AllocSpace objects, 4(160KB) LOS objects, 0% free, 15MB/15MB, paused 9.765ms total 16.998ms
03-17 18:07:23.855 I/ContactsDatabaseHelper(13469): Locale change completed in 174ms
03-17 18:07:23.952 I/ContactsFTS(13469): Rebuild contact search index in 44ms, 0 contacts
03-17 18:07:25.093 W/bt-btif ( 1075): dm_pm_timer expires
03-17 18:07:25.093 W/bt-btif ( 1075): dm_pm_timer expires 0
03-17 18:07:25.093 W/bt-btif ( 1075): proc dm_pm_timer expires
03-17 18:07:25.274 E/ActivityThread(29964): Failed to find provider info for sms
03-17 18:07:27.414 E/StreamVibrator(  590): Found notifications that tried to vibrate, but they never made it to the top of the stream. Not vibrating.
03-17 18:07:28.775 I/art     (  427): Explicit concurrent mark sweep GC freed 5581(440KB) AllocSpace objects, 0(0B) LOS objects, 15% free, 11MB/13MB, paused 1.525ms total 80.078ms
03-17 18:07:30.290 E/ActivityThread(29964): Failed to find provider info for sms
03-17 18:07:32.612 D/HomeView(13337): handleTouchDown mStatusPanel
03-17 18:07:32.775 D/HomeView(13337): handleTouchUp StreamGridPager
03-17 18:07:33.212 D/HomeView(13337): handleTouchDown mStatusPanel
03-17 18:07:33.375 D/HomeView(13337): handleTouchUp StreamGridPager
03-17 18:07:33.739 I/art     ( 1075): Explicit concurrent mark sweep GC freed 958(40KB) AllocSpace objects, 0(0B) LOS objects, 25% free, 4MB/5MB, paused 1.037ms total 39.123ms
03-17 18:07:35.296 E/ActivityThread(29964): Failed to find provider info for sms
03-17 18:07:36.384 D/HomeView(13337): handleTouchDown mStatusPanel
03-17 18:07:36.886 D/HomeView(13337): handleLongClick, home view response long click event!
03-17 18:07:37.150 I/art     (13337): Background sticky concurrent mark sweep GC freed 202(35KB) AllocSpace objects, 0(0B) LOS objects, 1% free, 18MB/19MB, paused 7.873ms total 16.937ms
03-17 18:07:37.312 D/HomeView(13337): handleTouchUp StreamGridPager
03-17 18:07:38.742 I/art     (  729): Explicit concurrent mark sweep GC freed 420(19KB) AllocSpace objects, 0(0B) LOS objects, 24% free, 4MB/6MB, paused 946us total 37.048ms
03-17 18:07:40.314 E/ActivityThread(29964): Failed to find provider info for sms
03-17 18:07:43.756 I/art     (  590): Explicit concurrent mark sweep GC freed 5039(299KB) AllocSpace objects, 0(0B) LOS objects, 17% free, 9MB/11MB, paused 1.007ms total 46.051ms
03-17 18:07:45.328 E/ActivityThread(29964): Failed to find provider info for sms
03-17 18:07:47.799 D/ClockworkHome(13337): Updating current watch face DataItem: ComponentInfo{mobi.byss.instaweather.watchface/mobi.byss.instaweather.watchface.services.watchface.WeatherMapWatchFaceService}
03-17 18:07:47.803 W/System.err(13337): com.baidu.wear.common.mobileclient.WearableException: java.lang.IllegalStateException: await must not be called on the UI thread when time is greater than zero
03-17 18:07:47.803 W/System.err(13337): 	at com.baidu.wear.common.mobileclient.j.c(DataManager.java:230)
03-17 18:07:47.803 W/System.err(13337): 	at com.baidu.wear.app.HomeActivity.a(HomeActivity.java:659)
03-17 18:07:47.803 W/System.err(13337): 	at com.baidu.wear.app.HomeActivity.a(HomeActivity.java:675)
03-17 18:07:47.803 W/System.err(13337): 	at com.baidu.wear.app.HomeActivity.a(HomeActivity.java:439)
03-17 18:07:47.803 W/System.err(13337): 	at com.baidu.wear.app.ui.component.WatchFacePicker.a(WatchFacePicker.java:155)
03-17 18:07:47.803 W/System.err(13337): 	at com.baidu.wear.app.ui.component.WatchFacePicker$c$1.onClick(WatchFacePicker.java:252)
03-17 18:07:47.804 W/System.err(13337): 	at android.view.View.performClick(View.java:4756)
03-17 18:07:47.804 W/System.err(13337): 	at android.view.View$PerformClick.run(View.java:19749)
03-17 18:07:47.804 W/System.err(13337): 	at android.os.Handler.handleCallback(Handler.java:739)
03-17 18:07:47.804 W/System.err(13337): 	at android.os.Handler.dispatchMessage(Handler.java:95)
03-17 18:07:47.804 W/System.err(13337): 	at android.os.Looper.loop(Looper.java:135)
03-17 18:07:47.804 W/System.err(13337): 	at android.app.ActivityThread.main(ActivityThread.java:5221)
03-17 18:07:47.804 W/System.err(13337): 	at java.lang.reflect.Method.invoke(Native Method)
03-17 18:07:47.804 W/System.err(13337): 	at java.lang.reflect.Method.invoke(Method.java:372)
03-17 18:07:47.804 W/System.err(13337): 	at com.android.internal.os.ZygoteInit$MethodAndArgsCaller.run(ZygoteInit.java:899)
03-17 18:07:47.804 W/System.err(13337): 	at com.android.internal.os.ZygoteInit.main(ZygoteInit.java:694)
03-17 18:07:47.804 W/System.err(13337): Caused by: java.lang.IllegalStateException: await must not be called on the UI thread when time is greater than zero
03-17 18:07:47.805 W/System.err(13337): 	at com.baidu.wear.bws.util.a.a(BwsClientUtil.java:206)
03-17 18:07:47.805 W/System.err(13337): 	at com.baidu.wear.bws.internal.l$a.a(RemoteCallHelper.java:294)
03-17 18:07:47.805 W/System.err(13337): 	at com.baidu.wear.common.mobileclient.d.b(BWSDataManager.java:36)
03-17 18:07:47.805 W/System.err(13337): 	at com.baidu.wear.common.mobileclient.j.c(DataManager.java:228)
03-17 18:07:47.805 W/System.err(13337): 	... 15 more
03-17 18:07:48.797 I/art     (  629): Explicit concurrent mark sweep GC freed 18290(1302KB) AllocSpace objects, 14(275KB) LOS objects, 24% free, 5MB/6MB, paused 1.220ms total 70.343ms
03-17 18:07:50.339 E/ActivityThread(29964): Failed to find provider info for sms
03-17 18:07:53.768 I/art     ( 7250): Explicit concurrent mark sweep GC freed 13624(850KB) AllocSpace objects, 5(955KB) LOS objects, 24% free, 5MB/7MB, paused 701us total 46.722ms
03-17 18:07:55.351 E/ActivityThread(29964): Failed to find provider info for sms
03-17 18:07:56.014 D/HomeView(13337): handleTouchDown mStatusPanel
03-17 18:07:56.516 D/HomeView(13337): handleLongClick, home view response long click event!
03-17 18:07:56.958 D/HomeView(13337): handleTouchUp StreamGridPager
03-17 18:07:58.776 I/art     (29964): Explicit concurrent mark sweep GC freed 18076(651KB) AllocSpace objects, 0(0B) LOS objects, 21% free, 7MB/9MB, paused 1.800ms total 52.612ms
03-17 18:08:00.358 E/ActivityThread(29964): Failed to find provider info for sms
03-17 18:08:03.192 D/ClockworkHome(13337): Updating current watch face DataItem: ComponentInfo{mobi.byss.instaweather.watchface/mobi.byss.instaweather.watchface.services.watchface.WeatherMapWatchFaceService}
03-17 18:08:03.194 W/System.err(13337): com.baidu.wear.common.mobileclient.WearableException: java.lang.IllegalStateException: await must not be called on the UI thread when time is greater than zero
03-17 18:08:03.194 W/System.err(13337): 	at com.baidu.wear.common.mobileclient.j.c(DataManager.java:230)
03-17 18:08:03.195 W/System.err(13337): 	at com.baidu.wear.app.HomeActivity.a(HomeActivity.java:659)
03-17 18:08:03.195 W/System.err(13337): 	at com.baidu.wear.app.HomeActivity.a(HomeActivity.java:675)
03-17 18:08:03.195 W/System.err(13337): 	at com.baidu.wear.app.HomeActivity.a(HomeActivity.java:439)
03-17 18:08:03.195 W/System.err(13337): 	at com.baidu.wear.app.ui.component.WatchFacePicker.a(WatchFacePicker.java:155)
03-17 18:08:03.195 W/System.err(13337): 	at com.baidu.wear.app.ui.component.WatchFacePicker$c$1.onClick(WatchFacePicker.java:252)
03-17 18:08:03.195 W/System.err(13337): 	at android.view.View.performClick(View.java:4756)
03-17 18:08:03.195 W/System.err(13337): 	at android.view.View$PerformClick.run(View.java:19749)
03-17 18:08:03.195 W/System.err(13337): 	at android.os.Handler.handleCallback(Handler.java:739)
03-17 18:08:03.195 W/System.err(13337): 	at android.os.Handler.dispatchMessage(Handler.java:95)
03-17 18:08:03.195 W/System.err(13337): 	at android.os.Looper.loop(Looper.java:135)
03-17 18:08:03.195 W/System.err(13337): 	at android.app.ActivityThread.main(ActivityThread.java:5221)
03-17 18:08:03.195 W/System.err(13337): 	at java.lang.reflect.Method.invoke(Native Method)
03-17 18:08:03.195 W/System.err(13337): 	at java.lang.reflect.Method.invoke(Method.java:372)
03-17 18:08:03.195 W/System.err(13337): 	at com.android.internal.os.ZygoteInit$MethodAndArgsCaller.run(ZygoteInit.java:899)
03-17 18:08:03.196 W/System.err(13337): 	at com.android.internal.os.ZygoteInit.main(ZygoteInit.java:694)
03-17 18:08:03.196 W/System.err(13337): Caused by: java.lang.IllegalStateException: await must not be called on the UI thread when time is greater than zero
03-17 18:08:03.196 W/System.err(13337): 	at com.baidu.wear.bws.util.a.a(BwsClientUtil.java:206)
03-17 18:08:03.196 W/System.err(13337): 	at com.baidu.wear.bws.internal.l$a.a(RemoteCallHelper.java:294)
03-17 18:08:03.196 W/System.err(13337): 	at com.baidu.wear.common.mobileclient.d.b(BWSDataManager.java:36)
03-17 18:08:03.196 W/System.err(13337): 	at com.baidu.wear.common.mobileclient.j.c(DataManager.java:228)
03-17 18:08:03.196 W/System.err(13337): 	... 15 more
03-17 18:08:05.079 I/art     (  648): Explicit concurrent mark sweep GC freed 15691(1603KB) AllocSpace objects, 0(0B) LOS objects, 24% free, 5MB/7MB, paused 671us total 30.303ms
03-17 18:08:05.373 E/ActivityThread(29964): Failed to find provider info for sms
03-17 18:08:06.850 I/WakeUpController(13337): onWakeUp() 
03-17 18:08:06.850 D/HomeActivity(13337): wake up key words 
03-17 18:08:06.925 D/SpeechSearchClient(13337): client is created
03-17 18:08:07.002 E/WriteLog(13337): uncaughtException
03-17 18:08:07.002 E/WriteLog(13337): 
03-17 18:08:07.002 E/WriteLog(13337): java.lang.IllegalArgumentException
03-17 18:08:07.002 E/WriteLog(13337): 	at com.baidu.android.a.d.b.a(Utility.java:227)
03-17 18:08:07.002 E/WriteLog(13337): 	at com.baidu.android.speech.asr.a.i.a(WakeUpReadAudioDataThread.java:135)
03-17 18:08:07.002 E/WriteLog(13337): 	at com.baidu.android.speech.asr.a.i.run(WakeUpReadAudioDataThread.java:97)
03-17 18:08:07.002 E/WriteLog(13337): 	at java.util.concurrent.ThreadPoolExecutor.runWorker(ThreadPoolExecutor.java:1112)
03-17 18:08:07.002 E/WriteLog(13337): 	at java.util.concurrent.ThreadPoolExecutor$Worker.run(ThreadPoolExecutor.java:587)
03-17 18:08:07.002 E/WriteLog(13337): 	at java.lang.Thread.run(Thread.java:818)
03-17 18:08:07.008 E/AndroidRuntime(13337): FATAL EXCEPTION: pool-3-thread-1
03-17 18:08:07.008 E/AndroidRuntime(13337): Process: com.baidu.wear.app, PID: 13337
03-17 18:08:07.008 E/AndroidRuntime(13337): java.lang.IllegalArgumentException
03-17 18:08:07.008 E/AndroidRuntime(13337): 	at com.baidu.android.a.d.b.a(Utility.java:227)
03-17 18:08:07.008 E/AndroidRuntime(13337): 	at com.baidu.android.speech.asr.a.i.a(WakeUpReadAudioDataThread.java:135)
03-17 18:08:07.008 E/AndroidRuntime(13337): 	at com.baidu.android.speech.asr.a.i.run(WakeUpReadAudioDataThread.java:97)
03-17 18:08:07.008 E/AndroidRuntime(13337): 	at java.util.concurrent.ThreadPoolExecutor.runWorker(ThreadPoolExecutor.java:1112)
03-17 18:08:07.008 E/AndroidRuntime(13337): 	at java.util.concurrent.ThreadPoolExecutor$Worker.run(ThreadPoolExecutor.java:587)
03-17 18:08:07.008 E/AndroidRuntime(13337): 	at java.lang.Thread.run(Thread.java:818)
03-17 18:08:07.009 I/WakeUpController(13337): stop()
03-17 18:08:07.012 W/ActivityManager(  427):   Force finishing activity com.baidu.wear.app/.HomeActivity
03-17 18:08:07.019 I/art     (13337): Background sticky concurrent mark sweep GC freed 25541(715KB) AllocSpace objects, 3(48KB) LOS objects, 2% free, 27MB/27MB, paused 5.462ms total 42.327ms
03-17 18:08:07.516 W/ActivityManager(  427): Activity pause timeout for ActivityRecord{2d3f8642 u0 com.baidu.wear.app/.HomeActivity t20 f}
03-17 18:08:07.528 I/ActivityManager(  427): START u0 {act=android.intent.action.MAIN cat=[android.intent.category.HOME] flg=0x10000000 cmp=com.baidu.wear.app/.HomeActivity} from uid 0 on display 0
03-17 18:08:09.554 W/AudioFlinger(  156): RecordThread: buffer overflow
03-17 18:08:10.385 E/ActivityThread(29964): Failed to find provider info for sms
03-17 18:08:12.548 W/BroadcastQueue(  427): Skipping deliver [background] BroadcastRecord{27e59ce6 u0 com.google.android.wearable.watchfaces.action.REQUEST_STATE} to ReceiverList{2a76b498 13337 com.baidu.wear.app/10002/u0 remote:6ec6e7b}: process crashing
03-17 18:08:15.398 E/ActivityThread(29964): Failed to find provider info for sms
03-17 18:08:17.017 W/ActivityManager(  427): Launch timeout has expired, giving up wake lock!
03-17 18:08:17.535 W/ActivityManager(  427): Activity destroy timeout for ActivityRecord{2d3f8642 u0 com.baidu.wear.app/.HomeActivity t20 f}
03-17 18:08:20.415 E/ActivityThread(29964): Failed to find provider info for sms
03-17 18:08:21.197 W/BroadcastQueue(  427): Skipping deliver [background] BroadcastRecord{17e2fe7d u-1 android.intent.action.BATTERY_CHANGED} to ReceiverList{1e021f4a 13337 com.baidu.wear.app/10002/u0 remote:2e80ecb5}: process crashing
03-17 18:08:21.197 W/BroadcastQueue(  427): Skipping deliver [background] BroadcastRecord{17e2fe7d u-1 android.intent.action.BATTERY_CHANGED} to ReceiverList{28f487fe 13337 com.baidu.wear.app/10002/u0 remote:85577b9}: process crashing
03-17 18:08:21.198 W/BroadcastQueue(  427): Skipping deliver [background] BroadcastRecord{17e2fe7d u-1 android.intent.action.BATTERY_CHANGED} to ReceiverList{689d5dc 13337 com.baidu.wear.app/10002/u0 remote:2c25fa4f}: process crashing
03-17 18:08:21.218 I/Process (13337): Sending signal. PID: 13337 SIG: 9
03-17 18:08:21.341 V/NotificationListeners(  427): notification listener connection lost: ComponentInfo{com.baidu.wear.app/com.baidu.wear.common.stream.NotificationCollectorService}
03-17 18:08:21.398 I/ActivityManager(  427): Process com.baidu.wear.app (pid 13337) has died
03-17 18:08:21.399 W/ActivityManager(  427): Service crashed 2 times, stopping: ServiceRecord{1f92fddf u0 com.baidu.wear.app/com.baidu.wear.ota.OTAService}
03-17 18:08:21.399 W/ActivityManager(  427): Service crashed 2 times, stopping: ServiceRecord{edcde82 u0 com.baidu.wear.app/com.baidu.wear.common.stream.NotificationCollectorMonitorService}
03-17 18:08:21.399 W/ActivityManager(  427): Service crashed 2 times, stopping: ServiceRecord{e53a246 u0 com.baidu.wear.app/com.baidu.wear.common.stream.NotificationCollectorService}
03-17 18:08:21.399 W/ActivityManager(  427): Scheduling restart of crashed service com.baidu.wear.app/.BWSControlService in 1000ms
03-17 18:08:21.450 I/ActivityManager(  427): Start proc com.baidu.wear.app for activity com.baidu.wear.app/.HomeActivity: pid=13682 uid=10002 gids={50002, 9997, 2001, 1028, 1015, 3002, 3001} abi=armeabi-v7a
03-17 18:08:21.472 I/art     (  160): Explicit concurrent mark sweep GC freed 704(30KB) AllocSpace objects, 0(0B) LOS objects, 25% free, 3MB/5MB, paused 305us total 21.087ms
03-17 18:08:21.489 I/art     (  160): Explicit concurrent mark sweep GC freed 7(240B) AllocSpace objects, 0(0B) LOS objects, 24% free, 3MB/5MB, paused 274us total 16.204ms
03-17 18:08:21.507 I/art     (  160): Explicit concurrent mark sweep GC freed 5(160B) AllocSpace objects, 0(0B) LOS objects, 24% free, 3MB/5MB, paused 274us total 16.662ms
03-17 18:08:21.589 D/audio_in(  156): ENTERING in_standby() for device -2147483644
03-17 18:08:21.589 V/alsa_hal_controller(  156): ENTERING set_app_profile()
03-17 18:08:21.589 V/alsa_hal_controller(  156): ENTERING enable_app_profile 7
03-17 18:08:21.589 E/alsa_control(  156): Control not initialized
03-17 18:08:21.590 V/alsa_hal_controller(  156): LEAVING set_app_profile() status = 1 profile 7  enable 0
03-17 18:08:21.590 D/audio_in(  156): LEAVING in_standby() for device -2147483644
03-17 18:08:21.590 V/audio_hw(  156): ENTERING adev_close_input_stream()
03-17 18:08:21.590 D/audio_in(  156): ENTERING in_standby() for device -2147483644
03-17 18:08:21.590 D/audio_in(  156): LEAVING in_standby() for device -2147483644
03-17 18:08:21.590 V/audio_hw(  156): HPF FILTER CLOSED
03-17 18:08:21.590 V/audio_hw(  156): LEAVING adev_close_input_stream()
03-17 18:08:21.707 I/BaiduWearService(13682): BaiduWearClient:service is not connected. adding task to queue
03-17 18:08:21.708 I/BaiduWearService(13682): BaiduWearClient:service is not connected. adding task to queue
03-17 18:08:21.722 I/BaiduWearService(13682): BaiduWearClient:service is not connected. adding task to queue
03-17 18:08:21.773 I/ActivityManager(  427): Start proc com.sonymobile.wearable.somcprovider for broadcast com.sonymobile.wearable.somcprovider/.SetupDefaultsIntentReceiver: pid=13706 uid=10012 gids={50012, 9997} abi=armeabi-v7a
03-17 18:08:21.780 I/BaiduWearService(13682): BaiduWearClient:service is not connected. adding task to queue
03-17 18:08:21.824 D/NotificationAdapter(13682): ApplyPending: false
03-17 18:08:21.825 D/NotificationAdapter(13682): TopLevelItems is empty...
03-17 18:08:21.825 D/NotificationAdapter(13682): count is 0
03-17 18:08:21.867 I/BaiduWearService(13682): BaiduWearClient:service is not connected. adding task to queue
03-17 18:08:21.867 I/BaiduWearService(13682): BaiduWearClient:service is not connected. adding task to queue
03-17 18:08:21.867 D/SyncStatusBar(13682): register version listener.....
03-17 18:08:21.868 D/SyncStatusBar(13682): register interruptions state listener.....
03-17 18:08:21.911 I/art     (13682): Background sticky concurrent mark sweep GC freed 4301(356KB) AllocSpace objects, 2(32KB) LOS objects, 7% free, 4MB/5MB, paused 5.767ms total 27.648ms
03-17 18:08:21.934 W/Settings(13682): Setting airplane_mode_on has moved from android.provider.Settings.System to android.provider.Settings.Global, returning read-only value.
03-17 18:08:21.948 W/bt-btif ( 1075): dm_pm_timer expires
03-17 18:08:21.948 W/bt-btif ( 1075): dm_pm_timer expires 0
03-17 18:08:21.948 W/bt-btif ( 1075): proc dm_pm_timer expires
03-17 18:08:22.015 W/art     (13682): Suspending all threads took: 5.462ms
03-17 18:08:22.042 I/art     (13682): Background partial concurrent mark sweep GC freed 873(112KB) AllocSpace objects, 0(0B) LOS objects, 25% free, 5MB/6MB, paused 21.575ms total 58.654ms
03-17 18:08:22.068 W/ResourceType(13682): No package identifier when getting value for resource number 0x00000000
03-17 18:08:22.068 W/PackageManager(13682): Failure retrieving resources for com.google.android.apps.wearable.settings: Resource ID #0x0
03-17 18:08:22.075 W/ResourceType(13682): No package identifier when getting value for resource number 0x00000000
03-17 18:08:22.075 W/PackageManager(13682): Failure retrieving resources for com.sonymobile.test.crashnotifier: Resource ID #0x0
03-17 18:08:22.099 W/ResourceType(13682): No package identifier when getting value for resource number 0x00000000
03-17 18:08:22.099 W/PackageManager(13682): Failure retrieving resources for com.wandoujia.phoenix2: Resource ID #0x0
03-17 18:08:22.122 W/ResourceType(13682): No package identifier when getting value for resource number 0x00000000
03-17 18:08:22.122 W/PackageManager(13682): Failure retrieving resources for com.google.android.apps.fitness: Resource ID #0x0
03-17 18:08:22.128 W/ResourceType(13682): No package identifier when getting value for resource number 0x00000000
03-17 18:08:22.128 W/PackageManager(13682): Failure retrieving resources for com.sonymobile.wearable.pinpointlocation: Resource ID #0x0
03-17 18:08:22.139 W/ResourceType(13682): No package identifier when getting value for resource number 0x00000000
03-17 18:08:22.140 W/PackageManager(13682): Failure retrieving resources for com.google.android.deskclock: Resource ID #0x0
03-17 18:08:22.141 W/ResourceType(13682): No package identifier when getting value for resource number 0x00000000
03-17 18:08:22.141 W/PackageManager(13682): Failure retrieving resources for com.google.android.deskclock: Resource ID #0x0
03-17 18:08:22.142 D/HomeView(13682): onPeekModeChanged: null->SIMPLE
03-17 18:08:22.143 W/ResourceType(13682): No package identifier when getting value for resource number 0x00000000
03-17 18:08:22.143 W/PackageManager(13682): Failure retrieving resources for com.google.android.deskclock: Resource ID #0x0
03-17 18:08:22.147 I/WakeUpController(13682): startListening()
03-17 18:08:22.147 W/ResourceType(13682): No package identifier when getting value for resource number 0x00000000
03-17 18:08:22.147 W/PackageManager(13682): Failure retrieving resources for com.baidu.wear.fitness: Resource ID #0x0
03-17 18:08:22.152 V/audio_hw(  156): ENTERING adev_get_input_buffer_size()
03-17 18:08:22.158 V/audio_hw(  156): ENTERING adev_open_input_stream() channels = 1 channel mask = 16  format = 1  sample_rate = 8000
03-17 18:08:22.158 V/audio_hw(  156): ENTERING check_input_parameters
03-17 18:08:22.158 V/audio_hw(  156): LEAVING check_input_parameters ret = 0, channels = 1, channel mask = 16, format = 1, sample_rate = 8000
03-17 18:08:22.158 V/audio_hw(  156): dump.audio.pcmin = OFF
03-17 18:08:22.158 V/audio_hw(  156): Data Dump is disabled for input stream
03-17 18:08:22.158 V/audio_hw(  156): dump.audio.voip = OFF
03-17 18:08:22.158 V/audio_hw(  156): Data Dump is disabled for voip input
03-17 18:08:22.158 D/audio_hw(  156): In adev_open_input_stream devices = 80000004, channel_count = 1
03-17 18:08:22.158 V/audio_hw(  156): select_alsa_input_dev:SpeechIn
03-17 18:08:22.158 D/audio_hw(  156): config->sample_rate = 8000, devices = 80000004
03-17 18:08:22.158 V/audio_hw(  156): HPF CREATED SUCCESSFULLY
03-17 18:08:22.159 D/alsa_pcm(  156): channels = 1, Fs = 8000, period_size = 0x800, periods = 2
03-17 18:08:22.159 D/alsa_pcm(  156): pcm_handle->bufSize_bytes = 0x1000 samples = 0x1000
03-17 18:08:22.159 V/audio_hw(  156): LEAVING adev_open_input_stream() channels = 1 format = 1 sample_rate = 8000 pcm device = 80000004
03-17 18:08:22.160 I/AudioFlinger(  156): AudioFlinger's thread 0xb58f1008 ready to run
03-17 18:08:22.160 D/audio_in(  156): ENTERING in_standby() for device -2147483644
03-17 18:08:22.160 D/audio_in(  156): LEAVING in_standby() for device -2147483644
03-17 18:08:22.163 W/ResourceType(13682): No package identifier when getting value for resource number 0x00000000
03-17 18:08:22.163 W/PackageManager(13682): Failure retrieving resources for com.creativedrewy.wearss: Resource ID #0x0
03-17 18:08:22.166 D/audio_in(  156): ENTERING in_standby() for device -2147483644
03-17 18:08:22.166 D/audio_in(  156): LEAVING in_standby() for device -2147483644
03-17 18:08:22.180 W/ResourceType(13682): No package identifier when getting value for resource number 0x00000000
03-17 18:08:22.180 W/PackageManager(13682): Failure retrieving resources for com.google.android.music: Resource ID #0x0
03-17 18:08:22.189 D/HomeActivity(13682): onResume... mPendingUpdates: false
03-17 18:08:22.190 D/HomeActivity(13682): WindowToken from mHomeView is null, can't resend binder.
03-17 18:08:22.192 D/audio_in(  156): ENTERING in_set_parameters() input_source=1;routing=-2147483644
03-17 18:08:22.203 D/audio_in(  156): ENTERING start_input_stream(), in->main_channels=16, in->requested_rate=8000
03-17 18:08:22.203 V/alsa_hal_controller(  156): ENTERING set_app_profile()
03-17 18:08:22.203 V/alsa_hal_controller(  156): ENTERING enable_app_profile 7
03-17 18:08:22.203 E/alsa_control(  156): Control not initialized
03-17 18:08:22.203 V/alsa_hal_controller(  156): LEAVING set_app_profile() status = 1 profile 7  enable 1
03-17 18:08:22.203 V/alsa_hal_controller(  156): ENTERING select_input_device() current device = 0x80000004 new device = 0x80000004 in = 0xb89e2b38
03-17 18:08:22.203 V/alsa_hal_controller(  156): no need to switch device in_cur_dev = -2147483644, new device = -2147483644, mode = 0
03-17 18:08:22.203 V/alsa_hal_controller(  156): LEAVING select_input_device()
03-17 18:08:22.203 V/audio_hw(  156): select_alsa_input_dev:SpeechIn
03-17 18:08:22.204 D/alsa_pcm(  156): channels = 1, Fs = 8000, period_size = 0x800, periods = 2
03-17 18:08:22.205 D/alsa_pcm(  156): pcm_handle->bufSize_bytes = 0x1000 samples = 0x1000
03-17 18:08:22.205 D/audio_in(  156): LEAVING start_input_stream() in->need_echo_reference=0
03-17 18:08:22.207 I/Utility (13682): getLicenseData not exist
03-17 18:08:22.227 D/OpenGLRenderer(13682): Render dirty regions requested: true
03-17 18:08:22.232 D/ION     (13682): config: version(0x10001) secure(0xf000) 256M(0x221) fast(0x608) hwwr(0x4)
03-17 18:08:22.233 I/MM_DEVICE(13682): Waiting for mm thread to come up
03-17 18:08:22.234 I/MM_DEVICE(13682): mm_device_thread starting
03-17 18:08:22.234 I/MM_DEVICE(13682): Waiting for mm thread to come up
03-17 18:08:22.240 D/Atlas   (13682): Validating map...
03-17 18:08:22.273 I/BaiduWearService(  648): WearableService:return binder com.baidu.wear.bws.service.aj@277fa29
03-17 18:08:22.286 E/EASR    (13682): PRONDICT::Read: can't open null:f_5
03-17 18:08:22.380 I/art     (13682): Background sticky concurrent mark sweep GC freed 3357(137KB) AllocSpace objects, 0(0B) LOS objects, 0% free, 6MB/6MB, paused 6.134ms total 61.309ms
03-17 18:08:22.442 E/EASR    (13682): NET::ParsePronPhrase: can't find the pron for H
03-17 18:08:22.443 E/EASR    (13682): NET::ParsePronPhrase: can't find the pron for Hi
03-17 18:08:22.452 I/BaiduWearService(13682): BaiduWearClient:service is not connected. adding task to queue
03-17 18:08:22.502 D/BluetoothManagerService(  427): checkIfCallerIsForegroundUser: valid=true callingUser=0 foregroundUser=0
03-17 18:08:22.503 D/BluetoothManagerService(  427): checkIfCallerIsForegroundUser: valid=true callingUser=0 foregroundUser=0
03-17 18:08:22.510 D/BluetoothManagerService(  427): Message: 20
03-17 18:08:22.511 D/BluetoothManagerService(  427): Added callback: android.bluetooth.IBluetoothManagerCallback$Stub$Proxy@2d3880a0:true
03-17 18:08:22.515 I/BaiduWearService(13682): BaiduWearClient:service is not connected. adding task to queue
03-17 18:08:22.523 W/art     (13682): Suspending all threads took: 6.134ms
03-17 18:08:22.531 I/BaiduWearService(13682): BaiduWearClient:service is not connected. adding task to queue
03-17 18:08:22.531 I/Choreographer(13682): Skipped 32 frames!  The application may be doing too much work on its main thread.
03-17 18:08:22.544 I/art     (13682): Background partial concurrent mark sweep GC freed 5977(391KB) AllocSpace objects, 7(203KB) LOS objects, 20% free, 7MB/9MB, paused 12.145ms total 110.595ms
03-17 18:08:22.576 I/art     (13406): WaitForGcToComplete blocked for 6.347ms for cause DisableMovingGc
03-17 18:08:22.623 I/BaiduWearService(13682): BaiduWearClient:service is not connected. adding task to queue
03-17 18:08:22.651 D/        (13682): HwMemAllocatorImpl Static Counters 0 0
03-17 18:08:22.651 D/        (13682): HwMemAllocatorImpl[ad8fd0a8] totalDeviceAllocSize[0] totalFree[0] maxFree[0] in numSlabs[0]
03-17 18:08:22.654 I/OpenGLRenderer(13682): Initialized EGL, version 1.4
03-17 18:08:22.656 D/OpenGLRenderer(13682): Enabling debug mode 0
03-17 18:08:22.695 I/WearableClient(13682): onConnected: null
03-17 18:08:22.703 W/ResourcesManager(13406): Asset path '/system/framework/com.android.location.provider.jar' does not exist or contains no resources.
03-17 18:08:22.717 I/MultiDex(13406): VM with version 2.1.0 has multidex support
03-17 18:08:22.717 I/MultiDex(13406): install
03-17 18:08:22.717 I/MultiDex(13406): VM has multidex support, MultiDex support library is disabled.
03-17 18:08:22.777 I/ProviderInstaller(13406): Insert disabled by gate 'gms:security:enable_conscrypt_in_gms_application'
03-17 18:08:22.824 I/ActivityManager(  427): Start proc com.google.android.gms for broadcast com.google.android.gms/.wearable.init.InitializeGmsWearableReceiver: pid=13746 uid=10009 gids={50009, 9997, 3003, 1028, 1015, 3002, 3001, 1005, 1007, 3007, 2001, 3006} abi=armeabi-v7a
03-17 18:08:22.901 W/ResourceType(13682): No package identifier when getting value for resource number 0x00000000
03-17 18:08:22.908 W/PackageManager(13682): Failure retrieving resources for com.google.android.deskclock: Resource ID #0x0
03-17 18:08:22.958 I/ActivityManager(  427): Displayed com.baidu.wear.app/.HomeActivity: +5s412ms
03-17 18:08:23.064 D/SyncStatusBar(13682): query version: 19
03-17 18:08:23.103 D/HomeActivity(13682): setStyle: watch face .services.watchface.WeatherMapWatchFaceService (card 1/0 bg 0 time false ambientPeek 0 peekOpacityMode 0 viewProtectionMode 3  statusBarGravity 81 hotwordIndicatorGravity 81 showUnreadCountIndicator false)
03-17 18:08:23.120 D/HomeActivity(13682): WatchServiceBroadcast had received!
03-17 18:08:23.130 I/art     (13682): Background sticky concurrent mark sweep GC freed 17020(668KB) AllocSpace objects, 1(19KB) LOS objects, 0% free, 9MB/9MB, paused 7.080ms total 254.943ms
03-17 18:08:23.150 W/ResourcesManager(13746): Asset path '/system/framework/com.android.location.provider.jar' does not exist or contains no resources.
03-17 18:08:23.196 I/MultiDex(13746): VM with version 2.1.0 has multidex support
03-17 18:08:23.197 I/MultiDex(13746): install
03-17 18:08:23.197 I/MultiDex(13746): VM has multidex support, MultiDex support library is disabled.
03-17 18:08:23.207 I/Clockwork.Settings(13682): data item timezone: Asia/Chongqing
03-17 18:08:23.219 D/TimeService(  729): paramIntent.getAction() = com.google.android.clockwork.settings.SET_TIMEZONE
03-17 18:08:23.219 I/Clockwork.TimeService(  729): set timezone to Asia/Chongqing
03-17 18:08:23.220 D/AlarmManagerService(  427): Kernel timezone updated to -480 minutes west of GMT
03-17 18:08:23.260 D/Clockwork.Settings(13682): got new locale zh_CN
03-17 18:08:23.260 D/Clockwork.Settings(13682): starting locale service
03-17 18:08:23.277 D/TimeService(  729): paramIntent.getAction() = com.google.android.clockwork.settings.SET_24HOUR
03-17 18:08:23.277 D/Clockwork.TimeService(  729): set is24Hour to false
03-17 18:08:23.288 I/Clockwork.LocaleService(  729): changed system locale to zh_CN
03-17 18:08:23.322 W/art     (13682): Suspending all threads took: 35.614ms
03-17 18:08:23.339 W/ResourceType(13682): No package identifier when getting value for resource number 0x00000000
03-17 18:08:23.339 W/PackageManager(13682): Failure retrieving resources for com.google.android.deskclock: Resource ID #0x0
03-17 18:08:23.373 I/art     (13682): Background partial concurrent mark sweep GC freed 8103(447KB) AllocSpace objects, 5(541KB) LOS objects, 16% free, 9MB/11MB, paused 44.677ms total 212.219ms
03-17 18:08:23.380 W/BaiduWearService(  648): MessageDispacher:send message occurred on a potentially invalid nodeId: the other guy
03-17 18:08:23.386 W/RequestTask(13682): send error RequestTask:com.baidu.wear.common.mobileclient.m$b$1@b3f10c4
03-17 18:08:23.393 I/ProviderInstaller(13746): Insert disabled by gate 'gms:security:enable_conscrypt_in_gms_application'
03-17 18:08:23.401 W/ResourceType(13682): No package identifier when getting value for resource number 0x00000000
03-17 18:08:23.401 W/PackageManager(13682): Failure retrieving resources for com.google.android.wearable.app: Resource ID #0x0
03-17 18:08:23.488 W/ResourceType(13682): No package identifier when getting value for resource number 0x00000000
03-17 18:08:23.488 W/PackageManager(13682): Failure retrieving resources for com.google.android.deskclock: Resource ID #0x0
03-17 18:08:23.503 I/ActivityManager(  427): Delay finish: com.google.android.gms/.wearable.init.InitializeGmsWearableReceiver
03-17 18:08:23.517 I/ActivityManager(  427): Resuming delayed broadcast
03-17 18:08:23.527 D/GCM     (13406): COMPAT: Multi user not supported
03-17 18:08:23.572 W/ResourceType(13682): No package identifier when getting value for resource number 0x00000000
03-17 18:08:23.572 W/PackageManager(13682): Failure retrieving resources for com.google.android.apps.fitness: Resource ID #0x0
03-17 18:08:23.623 W/ResourceType(13682): No package identifier when getting value for resource number 0x00000000
03-17 18:08:23.623 W/PackageManager(13682): Failure retrieving resources for com.google.android.apps.fitness: Resource ID #0x0
03-17 18:08:23.681 W/ResourceType(13682): No package identifier when getting value for resource number 0x00000000
03-17 18:08:23.681 W/PackageManager(13682): Failure retrieving resources for com.google.android.deskclock: Resource ID #0x0
03-17 18:08:23.692 I/art     (13406): Background sticky concurrent mark sweep GC freed 5643(559KB) AllocSpace objects, 0(0B) LOS objects, 10% free, 5MB/5MB, paused 5.187ms total 50.262ms
03-17 18:08:23.694 D/GCM     (13406): GcmService start Intent { act=com.google.android.gms.INITIALIZE flg=0x10 pkg=com.google.android.gms cmp=com.google.android.gms/.gcm.GcmService } com.google.android.gms.INITIALIZE
03-17 18:08:23.754 D/AuthorizationBluetoothService(13406): Received GmsCore event: Intent { act=com.google.android.gms.INITIALIZE flg=0x10 pkg=com.google.android.gms cmp=com.google.android.gms/.auth.be.proximity.authorization.bt.AuthorizationBluetoothService$AutoStarter }.
03-17 18:08:23.771 W/ResourceType(13682): No package identifier when getting value for resource number 0x00000000
03-17 18:08:23.771 W/PackageManager(13682): Failure retrieving resources for com.google.android.deskclock: Resource ID #0x0
03-17 18:08:23.781 D/c       (13406): Getting all permits...
03-17 18:08:23.781 D/a       (13406): Opening database...
03-17 18:08:23.866 W/ResourceType(13682): No package identifier when getting value for resource number 0x00000000
03-17 18:08:23.866 W/PackageManager(13682): Failure retrieving resources for com.google.android.wearable.app: Resource ID #0x0
03-17 18:08:23.876 D/a       (13406): Opening database auth.proximity.permit_store...
03-17 18:08:23.878 D/a       (13406): Closing database...
03-17 18:08:23.907 V/GmsCoreStatsServiceLauncher(13746): Received broadcast intent Intent { act=com.google.android.gms.INITIALIZE flg=0x10 pkg=com.google.android.gms cmp=com.google.android.gms/.common.stats.GmsCoreStatsServiceLauncher }
03-17 18:08:23.911 I/art     (13682): Background sticky concurrent mark sweep GC freed 12430(645KB) AllocSpace objects, 7(144KB) LOS objects, 6% free, 11MB/11MB, paused 9.765ms total 96.313ms
03-17 18:08:23.931 W/ResourceType(13682): No package identifier when getting value for resource number 0x00000000
03-17 18:08:23.931 W/PackageManager(13682): Failure retrieving resources for com.google.android.deskclock: Resource ID #0x0
03-17 18:08:24.022 I/ActivityManager(  427): Start proc com.google.process.location for service com.google.android.gms/.common.stats.GmsCoreStatsService: pid=13783 uid=10009 gids={50009, 9997, 3003, 1028, 1015, 3002, 3001, 1005, 1007, 3007, 2001, 3006} abi=armeabi-v7a
03-17 18:08:24.033 I/ActivityManager(  427): Delay finish: com.google.android.gms/.common.stats.GmsCoreStatsServiceLauncher
03-17 18:08:24.038 W/art     (13682): Suspending all threads took: 6.835ms
03-17 18:08:24.047 I/art     (13682): Background sticky concurrent mark sweep GC freed 1275(222KB) AllocSpace objects, 1(19KB) LOS objects, 5% free, 11MB/11MB, paused 8.026ms total 78.582ms
03-17 18:08:24.090 W/ResourceType(13682): No package identifier when getting value for resource number 0x00000000
03-17 18:08:24.092 W/PackageManager(13682): Failure retrieving resources for com.google.android.apps.fitness: Resource ID #0x0
03-17 18:08:24.211 W/ResourceType(13682): No package identifier when getting value for resource number 0x00000000
03-17 18:08:24.211 W/PackageManager(13682): Failure retrieving resources for com.google.android.apps.fitness: Resource ID #0x0
03-17 18:08:24.270 W/ResourcesManager(13783): Asset path '/system/framework/com.android.location.provider.jar' does not exist or contains no resources.
03-17 18:08:24.299 I/MultiDex(13783): VM with version 2.1.0 has multidex support
03-17 18:08:24.299 I/MultiDex(13783): install
03-17 18:08:24.299 I/MultiDex(13783): VM has multidex support, MultiDex support library is disabled.
03-17 18:08:24.330 I/ProviderInstaller(13783): Insert disabled by gate 'gms:security:enable_conscrypt_in_gms_application'
03-17 18:08:25.134 D/HomeView(13682): handleTouchDown mStatusPanel
03-17 18:08:25.430 E/ActivityThread(29964): Failed to find provider info for sms
03-17 18:08:25.434 W/bt-btif ( 1075): dm_pm_timer expires
03-17 18:08:25.434 W/bt-btif ( 1075): dm_pm_timer expires 0
03-17 18:08:25.434 W/bt-btif ( 1075): proc dm_pm_timer expires
03-17 18:08:25.645 D/HomeView(13682): handleLongClick, home view response long click event!
03-17 18:08:25.823 I/art     (13682): Background partial concurrent mark sweep GC freed 1470(144KB) AllocSpace objects, 4(1218KB) LOS objects, 13% free, 13MB/15MB, paused 1.068ms total 110.107ms
03-17 18:08:25.932 I/art     (13682): Background sticky concurrent mark sweep GC freed 1611(29KB) AllocSpace objects, 1(24KB) LOS objects, 1% free, 15MB/15MB, paused 6.835ms total 13.854ms
03-17 18:08:26.072 D/HomeView(13682): handleTouchUp StreamGridPager
03-17 18:08:27.591 D/ClockworkHome(13682): Updating current watch face DataItem: ComponentInfo{mobi.byss.instaweather.watchface/mobi.byss.instaweather.watchface.services.watchface.WeatherRadarWatchFaceService}
03-17 18:08:27.599 W/System.err(13682): com.baidu.wear.common.mobileclient.WearableException: java.lang.IllegalStateException: await must not be called on the UI thread when time is greater than zero
03-17 18:08:27.599 W/System.err(13682): 	at com.baidu.wear.common.mobileclient.j.c(DataManager.java:230)
03-17 18:08:27.600 W/System.err(13682): 	at com.baidu.wear.app.HomeActivity.a(HomeActivity.java:659)
03-17 18:08:27.600 W/System.err(13682): 	at com.baidu.wear.app.HomeActivity.a(HomeActivity.java:675)
03-17 18:08:27.600 W/System.err(13682): 	at com.baidu.wear.app.HomeActivity.a(HomeActivity.java:439)
03-17 18:08:27.600 W/System.err(13682): 	at com.baidu.wear.app.ui.component.WatchFacePicker.a(WatchFacePicker.java:155)
03-17 18:08:27.600 W/System.err(13682): 	at com.baidu.wear.app.ui.component.WatchFacePicker$c$1.onClick(WatchFacePicker.java:252)
03-17 18:08:27.600 W/System.err(13682): 	at android.view.View.performClick(View.java:4756)
03-17 18:08:27.601 W/System.err(13682): 	at android.view.View$PerformClick.run(View.java:19749)
03-17 18:08:27.601 W/System.err(13682): 	at android.os.Handler.handleCallback(Handler.java:739)
03-17 18:08:27.601 W/System.err(13682): 	at android.os.Handler.dispatchMessage(Handler.java:95)
03-17 18:08:27.601 W/System.err(13682): 	at android.os.Looper.loop(Looper.java:135)
03-17 18:08:27.601 W/System.err(13682): 	at android.app.ActivityThread.main(ActivityThread.java:5221)
03-17 18:08:27.601 W/System.err(13682): 	at java.lang.reflect.Method.invoke(Native Method)
03-17 18:08:27.601 W/System.err(13682): 	at java.lang.reflect.Method.invoke(Method.java:372)
03-17 18:08:27.601 W/System.err(13682): 	at com.android.internal.os.ZygoteInit$MethodAndArgsCaller.run(ZygoteInit.java:899)
03-17 18:08:27.601 W/System.err(13682): 	at com.android.internal.os.ZygoteInit.main(ZygoteInit.java:694)
03-17 18:08:27.601 W/System.err(13682): Caused by: java.lang.IllegalStateException: await must not be called on the UI thread when time is greater than zero
03-17 18:08:27.601 W/System.err(13682): 	at com.baidu.wear.bws.util.a.a(BwsClientUtil.java:206)
03-17 18:08:27.601 W/System.err(13682): 	at com.baidu.wear.bws.internal.l$a.a(RemoteCallHelper.java:294)
03-17 18:08:27.602 W/System.err(13682): 	at com.baidu.wear.common.mobileclient.d.b(BWSDataManager.java:36)
03-17 18:08:27.602 W/System.err(13682): 	at com.baidu.wear.common.mobileclient.j.c(DataManager.java:228)
03-17 18:08:27.602 W/System.err(13682): 	... 15 more
03-17 18:08:27.683 D/HomeActivity(13682): WatchServiceBroadcast had received!
03-17 18:08:27.683 I/art     (  427): Background sticky concurrent mark sweep GC freed 14480(1608KB) AllocSpace objects, 9(259KB) LOS objects, 13% free, 11MB/13MB, paused 6.500ms total 61.614ms
03-17 18:08:27.782 D/HomeActivity(13682): WatchServiceBroadcast had received!
03-17 18:08:27.806 D/HomeActivity(13682): WatchServiceBroadcast had received!
03-17 18:08:27.834 D/HomeActivity(13682): WatchServiceBroadcast had received!
03-17 18:08:27.863 D/HomeActivity(13682): setStyle: watch face .services.watchface.WeatherRadarWatchFaceService (card 1/0 bg 0 time false ambientPeek 0 peekOpacityMode 0 viewProtectionMode 3  statusBarGravity 49 hotwordIndicatorGravity 49 showUnreadCountIndicator false)
03-17 18:08:27.894 I/art     (13682): Background partial concurrent mark sweep GC freed 2417(145KB) AllocSpace objects, 5(1492KB) LOS objects, 9% free, 19MB/21MB, paused 9.979ms total 164.337ms
03-17 18:08:30.028 W/bt-btif ( 1075): dm_pm_timer expires
03-17 18:08:30.028 W/bt-btif ( 1075): dm_pm_timer expires 0
03-17 18:08:30.028 W/bt-btif ( 1075): proc dm_pm_timer expires
03-17 18:08:30.364 I/art     (  648): Background sticky concurrent mark sweep GC freed 14308(1512KB) AllocSpace objects, 0(0B) LOS objects, 21% free, 5MB/7MB, paused 7.293ms total 24.536ms
03-17 18:08:30.427 E/ActivityThread(29964): Failed to find provider info for sms
03-17 18:08:31.328 I/art     (13682): Background partial concurrent mark sweep GC freed 619(60KB) AllocSpace objects, 4(1893KB) LOS objects, 9% free, 20MB/22MB, paused 12.969ms total 80.200ms
03-17 18:08:31.644 I/WakeUpController(13682): onWakeUp() 
03-17 18:08:31.644 D/HomeActivity(13682): wake up key words 
03-17 18:08:31.688 D/SpeechSearchClient(13682): client is created
03-17 18:08:31.751 I/WakeUpController(13682): stop()
03-17 18:08:32.245 D/audio_in(  156): ENTERING in_standby() for device -2147483644
03-17 18:08:32.245 V/alsa_hal_controller(  156): ENTERING set_app_profile()
03-17 18:08:32.245 V/alsa_hal_controller(  156): ENTERING enable_app_profile 7
03-17 18:08:32.245 E/alsa_control(  156): Control not initialized
03-17 18:08:32.245 V/alsa_hal_controller(  156): LEAVING set_app_profile() status = 1 profile 7  enable 0
03-17 18:08:32.245 D/audio_in(  156): LEAVING in_standby() for device -2147483644
03-17 18:08:32.246 V/audio_hw(  156): ENTERING adev_close_input_stream()
03-17 18:08:32.246 D/audio_in(  156): ENTERING in_standby() for device -2147483644
03-17 18:08:32.246 D/audio_in(  156): LEAVING in_standby() for device -2147483644
03-17 18:08:32.246 V/audio_hw(  156): HPF FILTER CLOSED
03-17 18:08:32.246 V/audio_hw(  156): LEAVING adev_close_input_stream()
03-17 18:08:32.256 D/SpeechSearchClient(13682): start to search
03-17 18:08:32.257 D/VoiceRecognizerPanel(13682): UNINITIALIZED -> STARTED
03-17 18:08:32.257 D/VoiceSearchFragment(13682): onStageChanged + first
03-17 18:08:32.257 I/Choreographer(13682): Skipped 30 frames!  The application may be doing too much work on its main thread.
