--------- beginning of crash
03-17 14:32:39.761 E/AndroidRuntime( 1356): FATAL EXCEPTION: main
03-17 14:32:39.761 E/AndroidRuntime( 1356): Process: net.nurik.roman.muzei, PID: 1356
03-17 14:32:39.761 E/AndroidRuntime( 1356): java.lang.NullPointerException: Attempt to invoke virtual method 'int android.graphics.Bitmap.getWidth()' on a null object reference
03-17 14:32:39.761 E/AndroidRuntime( 1356): 	at com.google.android.apps.muzei.MuzeiWatchFace$Engine.onDraw(MuzeiWatchFace.java:443)
03-17 14:32:39.761 E/AndroidRuntime( 1356): 	at android.support.wearable.watchface.CanvasWatchFaceService$Engine.draw(CanvasWatchFaceService.java:156)
03-17 14:32:39.761 E/AndroidRuntime( 1356): 	at android.support.wearable.watchface.CanvasWatchFaceService$Engine.onSurfaceRedrawNeeded(CanvasWatchFaceService.java:94)
03-17 14:32:39.761 E/AndroidRuntime( 1356): 	at android.service.wallpaper.WallpaperService$Engine.updateSurface(WallpaperService.java:803)
03-17 14:32:39.761 E/AndroidRuntime( 1356): 	at android.service.wallpaper.WallpaperService$IWallpaperEngineWrapper.executeMessage(WallpaperService.java:1195)
03-17 14:32:39.761 E/AndroidRuntime( 1356): 	at com.android.internal.os.HandlerCaller$MyHandler.handleMessage(HandlerCaller.java:37)
03-17 14:32:39.761 E/AndroidRuntime( 1356): 	at android.os.Handler.dispatchMessage(Handler.java:102)
03-17 14:32:39.761 E/AndroidRuntime( 1356): 	at android.os.Looper.loop(Looper.java:135)
03-17 14:32:39.761 E/AndroidRuntime( 1356): 	at android.app.ActivityThread.main(ActivityThread.java:5221)
03-17 14:32:39.761 E/AndroidRuntime( 1356): 	at java.lang.reflect.Method.invoke(Native Method)
03-17 14:32:39.761 E/AndroidRuntime( 1356): 	at java.lang.reflect.Method.invoke(Method.java:372)
03-17 14:32:39.761 E/AndroidRuntime( 1356): 	at com.android.internal.os.ZygoteInit$MethodAndArgsCaller.run(ZygoteInit.java:899)
03-17 14:32:39.761 E/AndroidRuntime( 1356): 	at com.android.internal.os.ZygoteInit.main(ZygoteInit.java:694)
--------- beginning of system
03-17 17:27:56.077 I/ActivityManager(  427): Start proc com.google.process.gapps for content provider com.google.android.gsf/.gservices.GservicesProvider: pid=5576 uid=10009 gids={50009, 9997, 3003, 1028, 1015, 3002, 3001, 1005, 1007, 3007, 2001, 3006} abi=armeabi-v7a
03-17 17:27:56.243 D/ActivityThread( 5576): Loading provider com.google.android.gsf.gservices: com.google.android.gsf.gservices.GservicesProvider
03-17 17:27:56.685 I/ActivityManager(  427): Start proc com.google.android.gms for broadcast com.google.android.gms/.wearable.init.InitializeGmsWearableReceiver: pid=5598 uid=10009 gids={50009, 9997, 3003, 1028, 1015, 3002, 3001, 1005, 1007, 3007, 2001, 3006} abi=armeabi-v7a
03-17 17:27:56.775 W/ResourcesManager( 5598): Asset path '/system/framework/com.android.location.provider.jar' does not exist or contains no resources.
03-17 17:27:56.957 I/ActivityManager(  427): Delay finish: com.google.android.gms/.wearable.init.InitializeGmsWearableReceiver
03-17 17:27:56.980 I/ActivityManager(  427): Resuming delayed broadcast
03-17 17:27:57.011 W/ResourcesManager( 5576): Asset path '/system/framework/com.android.location.provider.jar' does not exist or contains no resources.
03-17 17:27:57.059 I/ActivityManager(  427): Delay finish: com.google.android.gms/.gcm.ServiceAutoStarter
03-17 17:27:57.194 I/ActivityManager(  427): Resuming delayed broadcast
03-17 17:27:57.441 I/ActivityManager(  427): Delay finish: com.google.android.gms/.wearable.init.InitializeGmsWearableReceiver
03-17 17:27:57.449 I/ActivityManager(  427): Resuming delayed broadcast
03-17 17:27:57.466 I/ActivityManager(  427): Delay finish: com.google.android.gms/.gcm.ServiceAutoStarter
03-17 17:27:57.474 I/ActivityManager(  427): Resuming delayed broadcast
03-17 17:27:57.634 I/ActivityManager(  427): Process com.google.android.gms (pid 5598) has died
03-17 17:27:58.638 I/ActivityManager(  427): Start proc com.google.android.gms for broadcast com.google.android.gms/.fitness.service.FitnessInitReceiver: pid=5635 uid=10009 gids={50009, 9997, 3003, 1028, 1015, 3002, 3001, 1005, 1007, 3007, 2001, 3006} abi=armeabi-v7a
03-17 17:27:58.729 W/ResourcesManager( 5635): Asset path '/system/framework/com.android.location.provider.jar' does not exist or contains no resources.
03-17 17:27:58.850 I/ActivityManager(  427): Delay finish: com.google.android.gms/.wearable.init.InitializeGmsWearableReceiver
03-17 17:27:58.869 I/ActivityManager(  427): Resuming delayed broadcast
03-17 17:27:58.880 I/ActivityManager(  427): Delay finish: com.google.android.gms/.gcm.ServiceAutoStarter
03-17 17:27:58.884 I/ActivityManager(  427): Resuming delayed broadcast
03-17 17:27:58.991 I/ActivityManager(  427): Delay finish: com.google.android.gms/.wearable.init.InitializeGmsWearableReceiver
03-17 17:27:58.996 I/ActivityManager(  427): Resuming delayed broadcast
03-17 17:27:59.001 I/ActivityManager(  427): Delay finish: com.google.android.gms/.gcm.ServiceAutoStarter
03-17 17:27:59.003 I/ActivityManager(  427): Resuming delayed broadcast
03-17 17:27:59.309 E/ActivityThread(29964): Failed to find provider info for sms
03-17 17:27:59.393 I/ActivityManager(  427): Process com.google.process.gapps (pid 5576) has died
03-17 17:28:04.309 E/ActivityThread(29964): Failed to find provider info for sms
03-17 17:28:08.011 I/ActivityManager(  427): Process com.google.android.gms (pid 5635) has died
03-17 17:28:09.320 E/ActivityThread(29964): Failed to find provider info for sms
03-17 17:28:14.332 E/ActivityThread(29964): Failed to find provider info for sms
03-17 17:28:19.336 E/ActivityThread(29964): Failed to find provider info for sms
03-17 17:28:24.346 E/ActivityThread(29964): Failed to find provider info for sms
03-17 17:28:29.368 E/ActivityThread(29964): Failed to find provider info for sms
03-17 17:28:34.376 E/ActivityThread(29964): Failed to find provider info for sms
03-17 17:28:39.384 E/ActivityThread(29964): Failed to find provider info for sms
03-17 17:28:44.397 E/ActivityThread(29964): Failed to find provider info for sms
03-17 17:28:49.410 E/ActivityThread(29964): Failed to find provider info for sms
03-17 17:28:54.417 E/ActivityThread(29964): Failed to find provider info for sms
03-17 17:28:56.385 I/ActivityManager(  427): Process com.google.process.location (pid 5557) has died
03-17 17:28:56.386 W/ActivityManager(  427): Scheduling restart of crashed service com.google.android.gms/.common.stats.GmsCoreStatsService in 28695ms
03-17 17:28:59.429 E/ActivityThread(29964): Failed to find provider info for sms
03-17 17:29:04.436 E/ActivityThread(29964): Failed to find provider info for sms
03-17 17:29:05.143 I/ActivityManager(  427): Start proc com.sonymobile.test.crashnotifier for service com.sonymobile.test.crashnotifier/.CrashNotifyService: pid=5827 uid=10020 gids={50020, 9997, 1028} abi=armeabi-v7a
03-17 17:29:09.449 E/ActivityThread(29964): Failed to find provider info for sms
03-17 17:29:14.465 E/ActivityThread(29964): Failed to find provider info for sms
03-17 17:29:15.153 I/ActivityManager(  427): Start proc com.google.android.music for service com.google.android.music/com.google.android.wearable.datatransfer.ClientOnlyConnectionService: pid=5866 uid=10035 gids={50035, 9997, 3003} abi=armeabi-v7a
03-17 17:29:19.469 E/ActivityThread(29964): Failed to find provider info for sms
03-17 17:29:24.481 E/ActivityThread(29964): Failed to find provider info for sms
03-17 17:29:25.128 I/ActivityManager(  427): Start proc com.google.process.location for service com.google.android.gms/.common.stats.GmsCoreStatsService: pid=5912 uid=10009 gids={50009, 9997, 3003, 1028, 1015, 3002, 3001, 1005, 1007, 3007, 2001, 3006} abi=armeabi-v7a
03-17 17:29:25.200 W/ResourcesManager( 5912): Asset path '/system/framework/com.android.location.provider.jar' does not exist or contains no resources.
03-17 17:29:25.271 I/ActivityManager(  427): Start proc com.google.process.gapps for content provider com.google.android.gsf/.gservices.GservicesProvider: pid=5931 uid=10009 gids={50009, 9997, 3003, 1028, 1015, 3002, 3001, 1005, 1007, 3007, 2001, 3006} abi=armeabi-v7a
03-17 17:29:25.438 D/ActivityThread( 5931): Loading provider com.google.android.gsf.gservices: com.google.android.gsf.gservices.GservicesProvider
03-17 17:29:25.725 I/ActivityManager(  427): Start proc com.google.android.gms for broadcast com.google.android.gms/.wearable.init.InitializeGmsWearableReceiver: pid=5954 uid=10009 gids={50009, 9997, 3003, 1028, 1015, 3002, 3001, 1005, 1007, 3007, 2001, 3006} abi=armeabi-v7a
03-17 17:29:25.798 W/ResourcesManager( 5954): Asset path '/system/framework/com.android.location.provider.jar' does not exist or contains no resources.
03-17 17:29:25.864 I/ActivityManager(  427): Delay finish: com.google.android.gms/.wearable.init.InitializeGmsWearableReceiver
03-17 17:29:25.876 I/ActivityManager(  427): Resuming delayed broadcast
03-17 17:29:25.903 W/ResourcesManager( 5931): Asset path '/system/framework/com.android.location.provider.jar' does not exist or contains no resources.
03-17 17:29:25.955 I/ActivityManager(  427): Delay finish: com.google.android.gms/.gcm.ServiceAutoStarter
03-17 17:29:26.000 I/ActivityManager(  427): Resuming delayed broadcast
03-17 17:29:26.098 I/ActivityManager(  427): Delay finish: com.google.android.gms/.wearable.init.InitializeGmsWearableReceiver
03-17 17:29:26.106 I/ActivityManager(  427): Resuming delayed broadcast
03-17 17:29:26.111 I/ActivityManager(  427): Delay finish: com.google.android.gms/.gcm.ServiceAutoStarter
03-17 17:29:26.113 I/ActivityManager(  427): Resuming delayed broadcast
03-17 17:29:26.181 I/ActivityManager(  427): Delay finish: com.google.android.gms/.wearable.init.InitializeGmsWearableReceiver
03-17 17:29:26.192 I/ActivityManager(  427): Resuming delayed broadcast
03-17 17:29:26.201 I/ActivityManager(  427): Delay finish: com.google.android.gms/.gcm.ServiceAutoStarter
03-17 17:29:26.203 I/ActivityManager(  427): Resuming delayed broadcast
03-17 17:29:26.433 I/ActivityManager(  427): Process com.google.process.gapps (pid 5931) has died
03-17 17:29:27.515 I/ActivityManager(  427): Process com.google.android.gms (pid 5954) has died
03-17 17:29:28.647 I/ActivityManager(  427): Start proc com.wandoujia.phoenix2 for broadcast com.wandoujia.phoenix2/com.wandoujia.p4.download.ipfb.FeedbackReceiver: pid=5993 uid=10039 gids={50039, 9997, 3003, 1028, 1015, 3002} abi=armeabi
03-17 17:29:29.490 E/ActivityThread(29964): Failed to find provider info for sms
03-17 17:29:29.551 I/ActivityManager(  427): Start proc com.wandoujia.phoenix2:athena for service com.wandoujia.phoenix2/com.wandoujia.p4.athena.AthenaService: pid=6012 uid=10039 gids={50039, 9997, 3003, 1028, 1015, 3002} abi=armeabi
03-17 17:29:29.825 I/ActivityManager(  427): Process com.google.android.music (pid 5866) has died
03-17 17:29:29.826 W/ActivityManager(  427): Scheduling restart of crashed service com.google.android.music/com.google.android.wearable.datatransfer.ClientOnlyConnectionService in 397252ms
03-17 17:29:29.830 I/ActivityManager(  427): Process com.sonymobile.test.crashnotifier (pid 5827) has died
03-17 17:29:29.831 W/ActivityManager(  427): Scheduling restart of crashed service com.sonymobile.test.crashnotifier/.CrashNotifyService in 357264ms
03-17 17:29:30.373 W/ActivityManager(  427): Unable to start service Intent { act=com.redstone.intent.action.CALL_DMSYS } U=0: not found
03-17 17:29:30.393 W/ActivityManager(  427): Unable to start service Intent { act=com.redstone.intent.action.CALL_DMSYS } U=0: not found
03-17 17:29:30.843 D/WifiService(  427): New client listening to asynchronous messages
03-17 17:29:31.015 D/WifiService(  427): Client connection lost with reason: 4
03-17 17:29:31.034 I/ActivityManager(  427): Process com.wandoujia.phoenix2:athena (pid 6012) has died
03-17 17:29:31.035 W/ActivityManager(  427): Scheduling restart of crashed service com.wandoujia.phoenix2/com.wandoujia.p4.athena.AthenaService in 18111ms
03-17 17:29:31.037 I/ActivityManager(  427): Process com.google.process.location (pid 5912) has died
03-17 17:29:31.038 W/ActivityManager(  427): Scheduling restart of crashed service com.google.android.gms/.common.stats.GmsCoreStatsService in 114780ms
03-17 17:29:31.272 I/ActivityManager(  427): Delay finish: com.wandoujia.phoenix2/com.wandoujia.p4.download.ipfb.FeedbackReceiver
03-17 17:29:31.717 I/ActivityManager(  427): Process com.wandoujia.phoenix2 (pid 5993) has died
03-17 17:29:34.509 E/ActivityThread(29964): Failed to find provider info for sms
03-17 17:29:39.217 I/ActivityManager(  427): Start proc com.sony.systemmonitor.service for service com.sony.systemmonitor.service/.SystemMonitorService: pid=6114 uid=10026 gids={50026, 9997, 3002, 3003} abi=armeabi-v7a
03-17 17:29:39.287 W/ResourcesManager( 6114): Asset path '/system/framework/com.google.protobuf-2.3.0.jar' does not exist or contains no resources.
03-17 17:29:39.288 W/ResourcesManager( 6114): Asset path '/system/framework/com.sonyericsson.idd.jar' does not exist or contains no resources.
03-17 17:29:39.513 E/ActivityThread(29964): Failed to find provider info for sms
03-17 17:29:44.526 E/ActivityThread(29964): Failed to find provider info for sms
03-17 17:29:44.552 I/ActivityManager(  427): Waited long enough for: ServiceRecord{31a5318 u0 com.wandoujia.phoenix2/com.wandoujia.p4.athena.AthenaService}
03-17 17:29:44.552 I/ActivityManager(  427): Resuming delayed broadcast
03-17 17:29:49.222 I/ActivityManager(  427): Start proc com.wandoujia.phoenix2:athena for service com.wandoujia.phoenix2/com.wandoujia.p4.athena.AthenaService: pid=6154 uid=10039 gids={50039, 9997, 3003, 1028, 1015, 3002} abi=armeabi
03-17 17:29:49.536 E/ActivityThread(29964): Failed to find provider info for sms
03-17 17:29:49.748 W/ActivityManager(  427): Unable to start service Intent { act=com.redstone.intent.action.CALL_DMSYS } U=0: not found
03-17 17:29:49.998 D/WifiService(  427): New client listening to asynchronous messages
03-17 17:29:54.552 E/ActivityThread(29964): Failed to find provider info for sms
03-17 17:29:59.561 E/ActivityThread(29964): Failed to find provider info for sms
03-17 17:30:00.069 I/ActivityManager(  427): Process com.sony.systemmonitor.service (pid 6114) has died
03-17 17:30:00.070 W/ActivityManager(  427): Scheduling restart of crashed service com.sony.systemmonitor.service/.SystemMonitorService in 493632ms
03-17 17:30:00.084 D/WifiService(  427): Client connection lost with reason: 4
03-17 17:30:00.087 I/ActivityManager(  427): Process com.wandoujia.phoenix2:athena (pid 6154) has died
03-17 17:30:00.088 W/ActivityManager(  427): Scheduling restart of crashed service com.wandoujia.phoenix2/com.wandoujia.p4.athena.AthenaService in 72444ms
03-17 17:30:04.578 E/ActivityThread(29964): Failed to find provider info for sms
03-17 17:30:09.594 E/ActivityThread(29964): Failed to find provider info for sms
03-17 17:30:14.604 E/ActivityThread(29964): Failed to find provider info for sms
03-17 17:30:19.616 E/ActivityThread(29964): Failed to find provider info for sms
03-17 17:30:24.633 E/ActivityThread(29964): Failed to find provider info for sms
03-17 17:30:29.646 E/ActivityThread(29964): Failed to find provider info for sms
03-17 17:30:34.659 E/ActivityThread(29964): Failed to find provider info for sms
03-17 17:30:39.668 E/ActivityThread(29964): Failed to find provider info for sms
03-17 17:30:43.384 I/ActivityManager(  427): Start proc com.fivehundredpx.viewer for service com.fivehundredpx.viewer/.HandsWatchFaceService: pid=6318 uid=10033 gids={50033, 9997} abi=armeabi-v7a
03-17 17:30:44.023 I/ActivityManager(  427): Process mobi.byss.instaweather.watchface (pid 5488) has died
03-17 17:30:44.681 E/ActivityThread(29964): Failed to find provider info for sms
03-17 17:30:49.679 E/ActivityThread(29964): Failed to find provider info for sms
03-17 17:30:54.690 E/ActivityThread(29964): Failed to find provider info for sms
03-17 17:30:59.704 E/ActivityThread(29964): Failed to find provider info for sms
03-17 17:31:03.163 I/ActivityManager(  427): Start proc com.wandoujia.phoenix2 for service com.wandoujia.phoenix2/com.wandoujia.p4.alarm.AlarmService: pid=6387 uid=10039 gids={50039, 9997, 3003, 1028, 1015, 3002} abi=armeabi
03-17 17:31:03.662 I/ActivityManager(  427): Start proc com.wandoujia.phoenix2:athena for service com.wandoujia.phoenix2/com.wandoujia.p4.athena.AthenaService: pid=6407 uid=10039 gids={50039, 9997, 3003, 1028, 1015, 3002} abi=armeabi
03-17 17:31:03.984 W/ActivityManager(  427): Unable to start service Intent { act=com.redstone.intent.action.CALL_DMSYS } U=0: not found
03-17 17:31:04.508 W/ActivityManager(  427): Unable to start service Intent { act=com.redstone.intent.action.CALL_DMSYS } U=0: not found
03-17 17:31:04.714 E/ActivityThread(29964): Failed to find provider info for sms
03-17 17:31:04.760 D/WifiService(  427): New client listening to asynchronous messages
03-17 17:31:04.953 D/WifiService(  427): New client listening to asynchronous messages
03-17 17:31:09.725 E/ActivityThread(29964): Failed to find provider info for sms
03-17 17:31:14.746 E/ActivityThread(29964): Failed to find provider info for sms
03-17 17:31:19.761 E/ActivityThread(29964): Failed to find provider info for sms
03-17 17:31:24.760 E/ActivityThread(29964): Failed to find provider info for sms
03-17 17:31:25.864 I/ActivityManager(  427): Start proc com.google.process.location for service com.google.android.gms/.common.stats.GmsCoreStatsService: pid=6564 uid=10009 gids={50009, 9997, 3003, 1028, 1015, 3002, 3001, 1005, 1007, 3007, 2001, 3006} abi=armeabi-v7a
03-17 17:31:26.004 W/ResourcesManager( 6564): Asset path '/system/framework/com.android.location.provider.jar' does not exist or contains no resources.
03-17 17:31:26.234 I/ActivityManager(  427): Start proc com.google.process.gapps for content provider com.google.android.gsf/.gservices.GservicesProvider: pid=6585 uid=10009 gids={50009, 9997, 3003, 1028, 1015, 3002, 3001, 1005, 1007, 3007, 2001, 3006} abi=armeabi-v7a
03-17 17:31:26.404 D/ActivityThread( 6585): Loading provider com.google.android.gsf.gservices: com.google.android.gsf.gservices.GservicesProvider
03-17 17:31:26.714 I/ActivityManager(  427): Start proc com.google.android.gms for broadcast com.google.android.gms/.wearable.init.InitializeGmsWearableReceiver: pid=6606 uid=10009 gids={50009, 9997, 3003, 1028, 1015, 3002, 3001, 1005, 1007, 3007, 2001, 3006} abi=armeabi-v7a
03-17 17:31:26.782 W/ResourcesManager( 6606): Asset path '/system/framework/com.android.location.provider.jar' does not exist or contains no resources.
03-17 17:31:26.883 I/ActivityManager(  427): Delay finish: com.google.android.gms/.wearable.init.InitializeGmsWearableReceiver
03-17 17:31:26.902 I/ActivityManager(  427): Resuming delayed broadcast
03-17 17:31:26.931 W/ResourcesManager( 6585): Asset path '/system/framework/com.android.location.provider.jar' does not exist or contains no resources.
03-17 17:31:26.998 I/ActivityManager(  427): Delay finish: com.google.android.gms/.gcm.ServiceAutoStarter
03-17 17:31:27.077 I/ActivityManager(  427): Resuming delayed broadcast
03-17 17:31:27.236 I/ActivityManager(  427): Process com.google.android.gms (pid 6606) has died
03-17 17:31:27.247 I/ActivityManager(  427): Process com.google.process.gapps (pid 6585) has died
03-17 17:31:27.374 D/WifiService(  427): Client connection lost with reason: 4
03-17 17:31:27.376 I/ActivityManager(  427): Process com.wandoujia.phoenix2:athena (pid 6407) has died
03-17 17:31:27.377 W/ActivityManager(  427): Scheduling restart of crashed service com.wandoujia.phoenix2/com.wandoujia.p4.athena.AthenaService in 1000ms
03-17 17:31:27.381 D/WifiService(  427): Client connection lost with reason: 4
03-17 17:31:27.383 I/ActivityManager(  427): Process com.wandoujia.phoenix2 (pid 6387) has died
03-17 17:31:27.383 W/ActivityManager(  427): Scheduling restart of crashed service com.wandoujia.phoenix2/com.wandoujia.p4.alarm.AlarmService in 10993ms
03-17 17:31:28.261 I/ActivityManager(  427): Low on memory:
03-17 17:31:28.261 I/ActivityManager(  427):   ntv   N     3948 kB: zygote (160) native
03-17 17:31:28.261 I/ActivityManager(  427):   ntv   N     2282 kB: mediaserver (156) native
03-17 17:31:28.261 I/ActivityManager(  427):   ntv   N     2000 kB: logd (138) native
03-17 17:31:28.261 I/ActivityManager(  427):   ntv   N     1781 kB: sysdbg_service (963) native
03-17 17:31:28.261 I/ActivityManager(  427):   ntv   N     1615 kB: surfaceflinger (143) native
03-17 17:31:28.261 I/ActivityManager(  427):   ntv   N     1044 kB: glgps (159) native
03-17 17:31:28.261 I/ActivityManager(  427):   ntv   N      583 kB: netd (153) native
03-17 17:31:28.261 I/ActivityManager(  427):   ntv   N      515 kB: vold (142) native
03-17 17:31:28.261 I/ActivityManager(  427):   ntv   N      497 kB: keystore (158) native
03-17 17:31:28.261 I/ActivityManager(  427):   ntv   N      492 kB: iddd (964) native
03-17 17:31:28.261 I/ActivityManager(  427):   ntv   N      462 kB: ClockworkProxy (148) native
03-17 17:31:28.261 I/ActivityManager(  427):   ntv   N      344 kB: adbd (163) native
03-17 17:31:28.261 I/ActivityManager(  427):   ntv   N      314 kB: ueventd (121) native
03-17 17:31:28.261 I/ActivityManager(  427):   ntv   N      307 kB: /init (1) native
03-17 17:31:28.261 I/ActivityManager(  427):   ntv   N      272 kB: sdcard (161) native
03-17 17:31:28.261 I/ActivityManager(  427):   ntv   N      270 kB: lmkd (140) native
03-17 17:31:28.261 I/ActivityManager(  427):   ntv   N      224 kB: debuggerd (154) native
03-17 17:31:28.261 I/ActivityManager(  427):   ntv   N      214 kB: servicemanager (141) native
03-17 17:31:28.261 I/ActivityManager(  427):   ntv   N      202 kB: installd (157) native
03-17 17:31:28.261 I/ActivityManager(  427):   ntv   N      186 kB: sh (150) native
03-17 17:31:28.261 I/ActivityManager(  427):   ntv   N      184 kB: healthd (139) native
03-17 17:31:28.261 I/ActivityManager(  427):   ntv   N      172 kB: key_sleep_vibrate_service (962) native
03-17 17:31:28.261 I/ActivityManager(  427):   ntv   N      104 kB: tad_static (122) native
03-17 17:31:28.261 I/ActivityManager(  427):   sys   P    27773 kB: system (427) fixed
03-17 17:31:28.261 I/ActivityManager(  427):   psvc  IF    8223 kB: com.android.bluetooth (1075) service
03-17 17:31:28.261 I/ActivityManager(  427):                        com.android.bluetooth/.btservice.AdapterService<=Proc{427:system/1000}
03-17 17:31:28.261 I/ActivityManager(  427):   fore  T    51967 kB: com.baidu.wear.app (608) top-activity
03-17 17:31:28.261 I/ActivityManager(  427):   vis   IF   15023 kB: com.google.android.wearable.app (590) service
03-17 17:31:28.261 I/ActivityManager(  427):                        com.google.android.wearable.app/com.google.android.clockwork.stream.NotificationCollectorService<=Proc{427:system/1000}
03-17 17:31:28.261 I/ActivityManager(  427):   vis   IF   12047 kB: com.fivehundredpx.viewer (6318) service
03-17 17:31:28.261 I/ActivityManager(  427):                        com.fivehundredpx.viewer/.DigitsWatchFaceService<=Proc{427:system/1000}
03-17 17:31:28.261 I/ActivityManager(  427):   vis   IF   10197 kB: com.google.android.gms.wearable (629) service
03-17 17:31:28.261 I/ActivityManager(  427):                        com.google.android.gms/.wearable.service.WearableService<=Proc{590:com.google.android.wearable.app/u0a3}
03-17 17:31:28.261 I/ActivityManager(  427):   vis   IF    9436 kB: com.baidu.wear.bws (648) service
03-17 17:31:28.261 I/ActivityManager(  427):                        com.baidu.wear.app/com.baidu.wear.bws.service.WearableService<=Proc{608:com.baidu.wear.app/u0a2}
03-17 17:31:28.261 I/ActivityManager(  427):   vis   T     9042 kB: com.google.android.apps.fitness (3092) visible
03-17 17:31:28.261 I/ActivityManager(  427):   vis   IF    8243 kB: com.google.android.apps.wearable.settings (729) provider
03-17 17:31:28.261 I/ActivityManager(  427):                        com.google.android.apps.wearable.settings/com.google.android.clockwork.settings.SettingsProvider<=Proc{590:com.google.android.wearable.app/u0a3}
03-17 17:31:28.261 I/ActivityManager(  427):   prcp  IF   12140 kB: com.wandoujia.phoenix2.usbproxy (29964) fg-service
03-17 17:31:28.261 I/ActivityManager(  427):   svc   S     8353 kB: com.google.process.location (6564) started-services
03-17 17:31:28.261 I/ActivityManager(  427):   svc   S        0 kB: com.wandoujia.phoenix2 (6387) started-services
03-17 17:31:28.261 I/ActivityManager(  427):   svcb  S        0 kB: com.wandoujia.phoenix2:athena (6407) started-services
03-17 17:31:28.261 I/ActivityManager(  427):             190456 kB: TOTAL
03-17 17:31:28.261 I/ActivityManager(  427):   MemInfo: 35948 kB slab, 2060 kB shmem, 184 kB buffers, 56264 kB cached, 93420 kB free
03-17 17:31:28.427 I/ActivityManager(  427): Start proc com.wandoujia.phoenix2:athena for service com.wandoujia.phoenix2/com.wandoujia.p4.athena.AthenaService: pid=6634 uid=10039 gids={50039, 9997, 3003, 1028, 1015, 3002} abi=armeabi
03-17 17:31:29.033 W/ActivityManager(  427): Unable to start service Intent { act=com.redstone.intent.action.CALL_DMSYS } U=0: not found
03-17 17:31:29.338 D/WifiService(  427): New client listening to asynchronous messages
03-17 17:31:29.772 E/ActivityThread(29964): Failed to find provider info for sms
03-17 17:31:34.779 E/ActivityThread(29964): Failed to find provider info for sms
03-17 17:31:38.437 I/ActivityManager(  427): Start proc com.wandoujia.phoenix2 for service com.wandoujia.phoenix2/com.wandoujia.p4.alarm.AlarmService: pid=6706 uid=10039 gids={50039, 9997, 3003, 1028, 1015, 3002} abi=armeabi
03-17 17:31:39.231 W/ActivityManager(  427): Unable to start service Intent { act=com.redstone.intent.action.CALL_DMSYS } U=0: not found
03-17 17:31:39.681 D/WifiService(  427): New client listening to asynchronous messages
03-17 17:31:39.798 E/ActivityThread(29964): Failed to find provider info for sms
03-17 17:31:42.644 I/ActivityManager(  427): Start proc com.google.android.gms for broadcast com.google.android.gms/.fitness.service.FitnessInitReceiver: pid=6771 uid=10009 gids={50009, 9997, 3003, 1028, 1015, 3002, 3001, 1005, 1007, 3007, 2001, 3006} abi=armeabi-v7a
03-17 17:31:42.732 W/ResourcesManager( 6771): Asset path '/system/framework/com.android.location.provider.jar' does not exist or contains no resources.
03-17 17:31:42.862 D/WifiService(  427): Client connection lost with reason: 4
03-17 17:31:42.866 I/ActivityManager(  427): Process com.wandoujia.phoenix2 (pid 6706) has died
03-17 17:31:42.922 I/ActivityManager(  427): Start proc com.google.process.gapps for content provider com.google.android.gsf/.gservices.GservicesProvider: pid=6791 uid=10009 gids={50009, 9997, 3003, 1028, 1015, 3002, 3001, 1005, 1007, 3007, 2001, 3006} abi=armeabi-v7a
03-17 17:31:43.055 D/ActivityThread( 6791): Loading provider com.google.android.gsf.gservices: com.google.android.gsf.gservices.GservicesProvider
03-17 17:31:43.340 I/ActivityManager(  427): Delay finish: com.google.android.gms/.wearable.init.InitializeGmsWearableReceiver
03-17 17:31:43.374 I/ActivityManager(  427): Resuming delayed broadcast
03-17 17:31:43.404 W/ResourcesManager( 6791): Asset path '/system/framework/com.android.location.provider.jar' does not exist or contains no resources.
03-17 17:31:43.520 I/ActivityManager(  427): Start proc net.codejugglers.android.cjwatchface for service net.codejugglers.android.cjwatchface/.components.ChronoWatchFaceService: pid=6819 uid=10029 gids={50029, 9997} abi=armeabi-v7a
03-17 17:31:43.555 I/ActivityManager(  427): Delay finish: com.google.android.gms/.gcm.ServiceAutoStarter
03-17 17:31:43.713 I/ActivityManager(  427): Resuming delayed broadcast
03-17 17:31:43.944 I/ActivityManager(  427): Delay finish: com.google.android.gms/.wearable.init.InitializeGmsWearableReceiver
03-17 17:31:43.977 I/ActivityManager(  427): Resuming delayed broadcast
03-17 17:31:43.987 I/ActivityManager(  427): Delay finish: com.google.android.gms/.gcm.ServiceAutoStarter
03-17 17:31:44.007 I/ActivityManager(  427): Resuming delayed broadcast
03-17 17:31:44.031 I/WindowState(  427): WIN DEATH: Window{2311b461 u0 com.fivehundredpx.viewer.DigitsWatchFaceService EXITING}
03-17 17:31:44.032 I/ActivityManager(  427): Process com.fivehundredpx.viewer (pid 6318) has died
03-17 17:31:44.166 I/ActivityManager(  427): Delay finish: com.google.android.gms/.wearable.init.InitializeGmsWearableReceiver
03-17 17:31:44.180 I/ActivityManager(  427): Resuming delayed broadcast
03-17 17:31:44.199 I/ActivityManager(  427): Delay finish: com.google.android.gms/.gcm.ServiceAutoStarter
03-17 17:31:44.220 I/ActivityManager(  427): Resuming delayed broadcast
03-17 17:31:44.369 I/ActivityManager(  427): Process com.google.android.gms (pid 6771) has died
03-17 17:31:44.417 I/ActivityManager(  427): Process com.google.process.gapps (pid 6791) has died
03-17 17:31:44.801 E/ActivityThread(29964): Failed to find provider info for sms
03-17 17:31:45.429 I/ActivityManager(  427): Start proc com.google.process.gapps for broadcast com.google.android.gms/.auth.be.proximity.authorization.bt.AuthorizationBluetoothService$AutoStarter: pid=6862 uid=10009 gids={50009, 9997, 3003, 1028, 1015, 3002, 3001, 1005, 1007, 3007, 2001, 3006} abi=armeabi-v7a
03-17 17:31:45.487 W/ResourcesManager( 6862): Asset path '/system/framework/com.android.location.provider.jar' does not exist or contains no resources.
03-17 17:31:45.535 D/ActivityThread( 6862): Loading provider com.google.android.gsf.gservices: com.google.android.gsf.gservices.GservicesProvider
03-17 17:31:45.840 I/ActivityManager(  427): Start proc com.google.android.gms for broadcast com.google.android.gms/.common.stats.GmsCoreStatsServiceLauncher: pid=6885 uid=10009 gids={50009, 9997, 3003, 1028, 1015, 3002, 3001, 1005, 1007, 3007, 2001, 3006} abi=armeabi-v7a
03-17 17:31:45.903 W/ResourcesManager( 6885): Asset path '/system/framework/com.android.location.provider.jar' does not exist or contains no resources.
03-17 17:31:46.000 I/ActivityManager(  427): Delay finish: com.google.android.gms/.wearable.init.InitializeGmsWearableReceiver
03-17 17:31:46.014 I/ActivityManager(  427): Resuming delayed broadcast
03-17 17:31:46.030 I/ActivityManager(  427): Delay finish: com.google.android.gms/.gcm.ServiceAutoStarter
03-17 17:31:46.090 I/ActivityManager(  427): Resuming delayed broadcast
03-17 17:31:46.159 I/ActivityManager(  427): Delay finish: com.google.android.gms/.wearable.init.InitializeGmsWearableReceiver
03-17 17:31:46.163 I/ActivityManager(  427): Resuming delayed broadcast
03-17 17:31:46.168 I/ActivityManager(  427): Delay finish: com.google.android.gms/.gcm.ServiceAutoStarter
03-17 17:31:46.172 I/ActivityManager(  427): Resuming delayed broadcast
03-17 17:31:46.218 I/ActivityManager(  427): Delay finish: com.google.android.gms/.wearable.init.InitializeGmsWearableReceiver
03-17 17:31:46.224 I/ActivityManager(  427): Resuming delayed broadcast
03-17 17:31:46.232 I/ActivityManager(  427): Delay finish: com.google.android.gms/.gcm.ServiceAutoStarter
03-17 17:31:46.234 I/ActivityManager(  427): Resuming delayed broadcast
03-17 17:31:46.550 I/ActivityManager(  427): Process com.google.process.gapps (pid 6862) has died
03-17 17:31:49.812 E/ActivityThread(29964): Failed to find provider info for sms
03-17 17:31:54.830 E/ActivityThread(29964): Failed to find provider info for sms
03-17 17:31:59.842 E/ActivityThread(29964): Failed to find provider info for sms
03-17 17:32:04.852 E/ActivityThread(29964): Failed to find provider info for sms
03-17 17:32:09.857 E/ActivityThread(29964): Failed to find provider info for sms
03-17 17:32:14.874 E/ActivityThread(29964): Failed to find provider info for sms
03-17 17:32:19.104 I/PowerManagerService(  427): Going to sleep due to screen timeout (uid 1000)...
03-17 17:32:19.116 I/DreamManagerService(  427): Entering dreamland.
03-17 17:32:19.141 I/PowerManagerService(  427): Dozing...
03-17 17:32:19.170 I/DreamController(  427): Starting dream: name=ComponentInfo{com.baidu.wear.app/com.baidu.wear.app.home.AmbientMode}, isTest=false, canDoze=true, userId=0
03-17 17:32:19.173 E/InputMethodManagerService(  427): Ignoring setImeWindowStatus due to an invalid token. uid:1000 token:null
03-17 17:32:19.177 E/InputMethodManagerService(  427): Ignoring setImeWindowStatus due to an invalid token. uid:1000 token:null
03-17 17:32:19.457 W/IntentResolver(  427): resolveIntent: multiple matches, only some with CATEGORY_DEFAULT
03-17 17:32:19.463 I/ActivityManager(  427): START u0 {act=android.intent.action.MAIN cat=[android.intent.category.HOME] flg=0x10000000 cmp=com.baidu.wear.app/.HomeActivity (has extras)} from uid 10002 on display 0
03-17 17:32:19.548 I/DisplayManagerService(  427): Display device changed: DisplayDeviceInfo{"Built-in Screen": 320 x 320, 60.0 fps, supportedRefreshRates [60.0], density 240, 280.275 x 280.275 dpi, appVsyncOff 0, presDeadline 17666667, touch INTERNAL, rotation 0, type BUILT_IN, state DOZE_SUSPEND, FLAG_DEFAULT_DISPLAY, FLAG_ROTATES_WITH_CONTENT, FLAG_SECURE, FLAG_SUPPORTS_PROTECTED_BUFFERS}
03-17 17:32:19.550 V/ActivityManager(  427): Display changed displayId=0
03-17 17:32:19.558 I/ActivityManager(  427): Activity reported stop, but no longer stopping: ActivityRecord{1d66887c u0 com.baidu.wear.app/.HomeActivity t1}
03-17 17:32:19.891 E/ActivityThread(29964): Failed to find provider info for sms
03-17 17:32:24.904 E/ActivityThread(29964): Failed to find provider info for sms
03-17 17:32:29.920 E/ActivityThread(29964): Failed to find provider info for sms
03-17 17:32:34.936 E/ActivityThread(29964): Failed to find provider info for sms
03-17 17:32:37.156 I/ActivityManager(  427): Process com.google.android.gms (pid 6885) has died
03-17 17:32:37.396 I/ActivityManager(  427): Process com.google.process.location (pid 6564) has died
03-17 17:32:37.397 W/ActivityManager(  427): Scheduling restart of crashed service com.google.android.gms/.common.stats.GmsCoreStatsService in 1000ms
03-17 17:32:37.414 D/WifiService(  427): Client connection lost with reason: 4
03-17 17:32:37.415 I/ActivityManager(  427): Process com.wandoujia.phoenix2:athena (pid 6634) has died
03-17 17:32:37.416 W/ActivityManager(  427): Scheduling restart of crashed service com.wandoujia.phoenix2/com.wandoujia.p4.athena.AthenaService in 10982ms
03-17 17:32:38.490 I/ActivityManager(  427): Start proc com.google.process.location for service com.google.android.gms/.common.stats.GmsCoreStatsService: pid=7028 uid=10009 gids={50009, 9997, 3003, 1028, 1015, 3002, 3001, 1005, 1007, 3007, 2001, 3006} abi=armeabi-v7a
03-17 17:32:38.594 W/ResourcesManager( 7028): Asset path '/system/framework/com.android.location.provider.jar' does not exist or contains no resources.
03-17 17:32:38.724 I/ActivityManager(  427): Start proc com.google.process.gapps for content provider com.google.android.gsf/.gservices.GservicesProvider: pid=7047 uid=10009 gids={50009, 9997, 3003, 1028, 1015, 3002, 3001, 1005, 1007, 3007, 2001, 3006} abi=armeabi-v7a
03-17 17:32:38.830 D/ActivityThread( 7047): Loading provider com.google.android.gsf.gservices: com.google.android.gsf.gservices.GservicesProvider
03-17 17:32:39.107 I/ActivityManager(  427): Start proc com.google.android.gms for broadcast com.google.android.gms/.wearable.init.InitializeGmsWearableReceiver: pid=7067 uid=10009 gids={50009, 9997, 3003, 1028, 1015, 3002, 3001, 1005, 1007, 3007, 2001, 3006} abi=armeabi-v7a
03-17 17:32:39.230 W/ResourcesManager( 7067): Asset path '/system/framework/com.android.location.provider.jar' does not exist or contains no resources.
03-17 17:32:39.331 I/ActivityManager(  427): Delay finish: com.google.android.gms/.wearable.init.InitializeGmsWearableReceiver
03-17 17:32:39.353 I/ActivityManager(  427): Resuming delayed broadcast
03-17 17:32:39.384 W/ResourcesManager( 7047): Asset path '/system/framework/com.android.location.provider.jar' does not exist or contains no resources.
03-17 17:32:39.427 I/ActivityManager(  427): Delay finish: com.google.android.gms/.gcm.ServiceAutoStarter
03-17 17:32:39.485 I/ActivityManager(  427): Resuming delayed broadcast
03-17 17:32:39.656 I/ActivityManager(  427): Delay finish: com.google.android.gms/.wearable.init.InitializeGmsWearableReceiver
03-17 17:32:39.670 I/ActivityManager(  427): Resuming delayed broadcast
03-17 17:32:39.677 I/ActivityManager(  427): Delay finish: com.google.android.gms/.gcm.ServiceAutoStarter
03-17 17:32:39.679 I/ActivityManager(  427): Resuming delayed broadcast
03-17 17:32:39.747 I/ActivityManager(  427): Delay finish: com.google.android.gms/.wearable.init.InitializeGmsWearableReceiver
03-17 17:32:39.760 I/ActivityManager(  427): Resuming delayed broadcast
03-17 17:32:39.767 I/ActivityManager(  427): Delay finish: com.google.android.gms/.gcm.ServiceAutoStarter
03-17 17:32:39.770 I/ActivityManager(  427): Resuming delayed broadcast
03-17 17:32:39.952 E/ActivityThread(29964): Failed to find provider info for sms
03-17 17:32:44.961 E/ActivityThread(29964): Failed to find provider info for sms
03-17 17:32:47.756 I/PowerManagerService(  427): Waking up from dozing (uid 1000)...
03-17 17:32:47.757 W/KeyguardServiceDelegate(  427): onScreenTurnedOn(): no keyguard service!
03-17 17:32:47.825 V/ActivityManager(  427): Display changed displayId=0
03-17 17:32:47.827 E/InputMethodManagerService(  427): Ignoring setImeWindowStatus due to an invalid token. uid:1000 token:null
03-17 17:32:47.975 I/DisplayManagerService(  427): Display device changed: DisplayDeviceInfo{"Built-in Screen": 320 x 320, 60.0 fps, supportedRefreshRates [60.0], density 240, 280.275 x 280.275 dpi, appVsyncOff 0, presDeadline 17666667, touch INTERNAL, rotation 0, type BUILT_IN, state ON, FLAG_DEFAULT_DISPLAY, FLAG_ROTATES_WITH_CONTENT, FLAG_SECURE, FLAG_SUPPORTS_PROTECTED_BUFFERS}
03-17 17:32:47.979 V/ActivityManager(  427): Display changed displayId=0
03-17 17:32:47.995 I/DreamManagerService(  427): Gently waking up from dream.
03-17 17:32:48.010 I/DreamManagerService(  427): Leaving dreamland.
03-17 17:32:48.011 I/DreamController(  427): Stopping dream: name=ComponentInfo{com.baidu.wear.app/com.baidu.wear.app.home.AmbientMode}, isTest=false, canDoze=true, userId=0
03-17 17:32:48.478 I/ActivityManager(  427): Start proc com.wandoujia.phoenix2:athena for service com.wandoujia.phoenix2/com.wandoujia.p4.athena.AthenaService: pid=7123 uid=10039 gids={50039, 9997, 3003, 1028, 1015, 3002} abi=armeabi
03-17 17:32:49.025 W/ActivityManager(  427): Unable to start service Intent { act=com.redstone.intent.action.CALL_DMSYS } U=0: not found
03-17 17:32:49.526 I/ActivityManager(  427): Process com.google.process.gapps (pid 7047) has died
03-17 17:32:49.832 D/WifiService(  427): New client listening to asynchronous messages
03-17 17:32:49.966 E/ActivityThread(29964): Failed to find provider info for sms
03-17 17:32:50.065 I/ActivityManager(  427): Process com.google.android.gms (pid 7067) has died
03-17 17:32:54.988 E/ActivityThread(29964): Failed to find provider info for sms
03-17 17:32:59.988 D/WifiService(  427): Client connection lost with reason: 4
03-17 17:32:59.998 I/ActivityManager(  427): Process com.wandoujia.phoenix2:athena (pid 7123) has died
03-17 17:33:00.012 E/ActivityThread(29964): Failed to find provider info for sms
03-17 17:33:05.036 E/ActivityThread(29964): Failed to find provider info for sms
03-17 17:33:10.049 E/ActivityThread(29964): Failed to find provider info for sms
03-17 17:33:15.058 E/ActivityThread(29964): Failed to find provider info for sms
03-17 17:33:20.076 E/ActivityThread(29964): Failed to find provider info for sms
03-17 17:33:23.712 I/ActivityManager(  427): Start proc mobi.byss.instaweather.watchface for service mobi.byss.instaweather.watchface/.services.watchface.WeatherRadarWatchFaceService: pid=7250 uid=10032 gids={50032, 9997} abi=armeabi-v7a
03-17 17:33:23.784 E/ActivityThread( 6819): Service net.codejugglers.android.cjwatchface.components.ChronoWatchFaceService has leaked IntentReceiver android.support.wearable.watchface.WatchFaceService$Engine$1@73931f6 that was originally registered here. Are you missing a call to unregisterReceiver()?
03-17 17:33:23.784 E/ActivityThread( 6819): android.app.IntentReceiverLeaked: Service net.codejugglers.android.cjwatchface.components.ChronoWatchFaceService has leaked IntentReceiver android.support.wearable.watchface.WatchFaceService$Engine$1@73931f6 that was originally registered here. Are you missing a call to unregisterReceiver()?
03-17 17:33:23.784 E/ActivityThread( 6819): 	at android.app.LoadedApk$ReceiverDispatcher.<init>(LoadedApk.java:898)
03-17 17:33:23.784 E/ActivityThread( 6819): 	at android.app.LoadedApk.getReceiverDispatcher(LoadedApk.java:699)
03-17 17:33:23.784 E/ActivityThread( 6819): 	at android.app.ContextImpl.registerReceiverInternal(ContextImpl.java:1637)
03-17 17:33:23.784 E/ActivityThread( 6819): 	at android.app.ContextImpl.registerReceiver(ContextImpl.java:1617)
03-17 17:33:23.784 E/ActivityThread( 6819): 	at android.app.ContextImpl.registerReceiver(ContextImpl.java:1611)
03-17 17:33:23.784 E/ActivityThread( 6819): 	at android.content.ContextWrapper.registerReceiver(ContextWrapper.java:488)
03-17 17:33:23.784 E/ActivityThread( 6819): 	at android.support.wearable.watchface.WatchFaceService$Engine.dispatchAmbientModeChanged(WatchFaceService.java:429)
03-17 17:33:23.784 E/ActivityThread( 6819): 	at android.support.wearable.watchface.WatchFaceService$Engine.maybeUpdateAmbientMode(WatchFaceService.java:419)
03-17 17:33:23.784 E/ActivityThread( 6819): 	at android.support.wearable.watchface.WatchFaceService$Engine.onCommand(WatchFaceService.java:192)
03-17 17:33:23.784 E/ActivityThread( 6819): 	at android.service.wallpaper.WallpaperService$Engine.doCommand(WallpaperService.java:977)
03-17 17:33:23.784 E/ActivityThread( 6819): 	at android.service.wallpaper.WallpaperService$IWallpaperEngineWrapper.executeMessage(WallpaperService.java:1191)
03-17 17:33:23.784 E/ActivityThread( 6819): 	at com.android.internal.os.HandlerCaller$MyHandler.handleMessage(HandlerCaller.java:37)
03-17 17:33:23.784 E/ActivityThread( 6819): 	at android.os.Handler.dispatchMessage(Handler.java:102)
03-17 17:33:23.784 E/ActivityThread( 6819): 	at android.os.Looper.loop(Looper.java:135)
03-17 17:33:23.784 E/ActivityThread( 6819): 	at android.app.ActivityThread.main(ActivityThread.java:5221)
03-17 17:33:23.784 E/ActivityThread( 6819): 	at java.lang.reflect.Method.invoke(Native Method)
03-17 17:33:23.784 E/ActivityThread( 6819): 	at java.lang.reflect.Method.invoke(Method.java:372)
03-17 17:33:23.784 E/ActivityThread( 6819): 	at com.android.internal.os.ZygoteInit$MethodAndArgsCaller.run(ZygoteInit.java:899)
03-17 17:33:23.784 E/ActivityThread( 6819): 	at com.android.internal.os.ZygoteInit.main(ZygoteInit.java:694)
03-17 17:33:24.338 I/ActivityManager(  427): Process net.codejugglers.android.cjwatchface (pid 6819) has died
03-17 17:33:25.086 E/ActivityThread(29964): Failed to find provider info for sms
03-17 17:33:30.101 E/ActivityThread(29964): Failed to find provider info for sms
03-17 17:33:35.110 E/ActivityThread(29964): Failed to find provider info for sms
03-17 17:33:40.118 E/ActivityThread(29964): Failed to find provider info for sms
03-17 17:33:45.138 E/ActivityThread(29964): Failed to find provider info for sms
03-17 17:33:50.147 E/ActivityThread(29964): Failed to find provider info for sms
03-17 17:33:55.150 E/ActivityThread(29964): Failed to find provider info for sms
03-17 17:33:56.397 I/PowerManagerService(  427): Going to sleep due to screen timeout (uid 1000)...
03-17 17:33:56.399 I/DreamManagerService(  427): Entering dreamland.
03-17 17:33:56.399 I/PowerManagerService(  427): Dozing...
03-17 17:33:56.440 I/DreamController(  427): Starting dream: name=ComponentInfo{com.baidu.wear.app/com.baidu.wear.app.home.AmbientMode}, isTest=false, canDoze=true, userId=0
03-17 17:33:56.446 E/InputMethodManagerService(  427): Ignoring setImeWindowStatus due to an invalid token. uid:1000 token:null
03-17 17:33:56.447 E/InputMethodManagerService(  427): Ignoring setImeWindowStatus due to an invalid token. uid:1000 token:null
03-17 17:33:56.912 W/IntentResolver(  427): resolveIntent: multiple matches, only some with CATEGORY_DEFAULT
03-17 17:33:56.916 I/ActivityManager(  427): START u0 {act=android.intent.action.MAIN cat=[android.intent.category.HOME] flg=0x10000000 cmp=com.baidu.wear.app/.HomeActivity (has extras)} from uid 10002 on display 0
03-17 17:33:56.921 V/ActivityManager(  427): Display changed displayId=0
03-17 17:33:56.983 I/DisplayManagerService(  427): Display device changed: DisplayDeviceInfo{"Built-in Screen": 320 x 320, 60.0 fps, supportedRefreshRates [60.0], density 240, 280.275 x 280.275 dpi, appVsyncOff 0, presDeadline 17666667, touch INTERNAL, rotation 0, type BUILT_IN, state DOZE_SUSPEND, FLAG_DEFAULT_DISPLAY, FLAG_ROTATES_WITH_CONTENT, FLAG_SECURE, FLAG_SUPPORTS_PROTECTED_BUFFERS}
03-17 17:33:56.985 V/ActivityManager(  427): Display changed displayId=0
03-17 17:33:56.994 I/ActivityManager(  427): Activity reported stop, but no longer stopping: ActivityRecord{1d66887c u0 com.baidu.wear.app/.HomeActivity t1}
03-17 17:34:00.134 W/IntentResolver(  427): resolveIntent: multiple matches, only some with CATEGORY_DEFAULT
03-17 17:34:00.135 I/ActivityManager(  427): START u0 {act=android.intent.action.MAIN cat=[android.intent.category.HOME] flg=0x10000000 cmp=com.baidu.wear.app/.HomeActivity (has extras)} from uid 10002 on display 0
03-17 17:34:00.141 V/ActivityManager(  427): Display changed displayId=0
03-17 17:34:00.164 E/ActivityThread(29964): Failed to find provider info for sms
03-17 17:34:05.177 E/ActivityThread(29964): Failed to find provider info for sms
03-17 17:34:06.403 I/PowerManagerService(  427): Waking up from dozing (uid 10003)...
03-17 17:34:06.407 W/KeyguardServiceDelegate(  427): onScreenTurnedOn(): no keyguard service!
03-17 17:34:06.458 E/InputMethodManagerService(  427): Ignoring setImeWindowStatus due to an invalid token. uid:1000 token:null
03-17 17:34:06.607 I/DisplayManagerService(  427): Display device changed: DisplayDeviceInfo{"Built-in Screen": 320 x 320, 60.0 fps, supportedRefreshRates [60.0], density 240, 280.275 x 280.275 dpi, appVsyncOff 0, presDeadline 17666667, touch INTERNAL, rotation 0, type BUILT_IN, state ON, FLAG_DEFAULT_DISPLAY, FLAG_ROTATES_WITH_CONTENT, FLAG_SECURE, FLAG_SUPPORTS_PROTECTED_BUFFERS}
03-17 17:34:06.608 V/ActivityManager(  427): Display changed displayId=0
03-17 17:34:06.618 I/DreamManagerService(  427): Gently waking up from dream.
03-17 17:34:06.644 I/DreamManagerService(  427): Leaving dreamland.
03-17 17:34:06.645 I/DreamController(  427): Stopping dream: name=ComponentInfo{com.baidu.wear.app/com.baidu.wear.app.home.AmbientMode}, isTest=false, canDoze=true, userId=0
03-17 17:34:10.198 E/ActivityThread(29964): Failed to find provider info for sms
03-17 17:34:15.206 E/ActivityThread(29964): Failed to find provider info for sms
03-17 17:34:20.220 E/ActivityThread(29964): Failed to find provider info for sms
03-17 17:34:25.236 E/ActivityThread(29964): Failed to find provider info for sms
03-17 17:34:30.255 E/ActivityThread(29964): Failed to find provider info for sms
03-17 17:34:35.274 E/ActivityThread(29964): Failed to find provider info for sms
03-17 17:34:40.288 E/ActivityThread(29964): Failed to find provider info for sms
03-17 17:34:45.293 E/ActivityThread(29964): Failed to find provider info for sms
03-17 17:34:50.299 E/ActivityThread(29964): Failed to find provider info for sms
03-17 17:34:55.309 E/ActivityThread(29964): Failed to find provider info for sms
03-17 17:35:00.321 E/ActivityThread(29964): Failed to find provider info for sms
03-17 17:35:05.343 E/ActivityThread(29964): Failed to find provider info for sms
03-17 17:35:06.967 I/PowerManagerService(  427): Going to sleep due to screen timeout (uid 1000)...
03-17 17:35:06.979 I/DreamManagerService(  427): Entering dreamland.
03-17 17:35:06.979 I/PowerManagerService(  427): Dozing...
03-17 17:35:06.981 I/DreamController(  427): Starting dream: name=ComponentInfo{com.baidu.wear.app/com.baidu.wear.app.home.AmbientMode}, isTest=false, canDoze=true, userId=0
03-17 17:35:06.985 E/InputMethodManagerService(  427): Ignoring setImeWindowStatus due to an invalid token. uid:1000 token:null
03-17 17:35:06.986 E/InputMethodManagerService(  427): Ignoring setImeWindowStatus due to an invalid token. uid:1000 token:null
03-17 17:35:07.345 W/IntentResolver(  427): resolveIntent: multiple matches, only some with CATEGORY_DEFAULT
03-17 17:35:07.345 I/ActivityManager(  427): START u0 {act=android.intent.action.MAIN cat=[android.intent.category.HOME] flg=0x10000000 cmp=com.baidu.wear.app/.HomeActivity (has extras)} from uid 10002 on display 0
03-17 17:35:07.349 V/ActivityManager(  427): Display changed displayId=0
03-17 17:35:07.405 I/DisplayManagerService(  427): Display device changed: DisplayDeviceInfo{"Built-in Screen": 320 x 320, 60.0 fps, supportedRefreshRates [60.0], density 240, 280.275 x 280.275 dpi, appVsyncOff 0, presDeadline 17666667, touch INTERNAL, rotation 0, type BUILT_IN, state DOZE_SUSPEND, FLAG_DEFAULT_DISPLAY, FLAG_ROTATES_WITH_CONTENT, FLAG_SECURE, FLAG_SUPPORTS_PROTECTED_BUFFERS}
03-17 17:35:07.407 V/ActivityManager(  427): Display changed displayId=0
03-17 17:35:07.431 I/ActivityManager(  427): Activity reported stop, but no longer stopping: ActivityRecord{1d66887c u0 com.baidu.wear.app/.HomeActivity t1}
03-17 17:35:08.178 I/PowerManagerService(  427): Waking up from dozing (uid 1000)...
03-17 17:35:08.179 W/KeyguardServiceDelegate(  427): onScreenTurnedOn(): no keyguard service!
