03-17 17:35:08.219 V/ActivityManager(  427): Display changed displayId=0
03-17 17:35:08.225 E/InputMethodManagerService(  427): Ignoring setImeWindowStatus due to an invalid token. uid:1000 token:null
03-17 17:35:08.377 I/DisplayManagerService(  427): Display device changed: DisplayDeviceInfo{"Built-in Screen": 320 x 320, 60.0 fps, supportedRefreshRates [60.0], density 240, 280.275 x 280.275 dpi, appVsyncOff 0, presDeadline 17666667, touch INTERNAL, rotation 0, type BUILT_IN, state ON, FLAG_DEFAULT_DISPLAY, FLAG_ROTATES_WITH_CONTENT, FLAG_SECURE, FLAG_SUPPORTS_PROTECTED_BUFFERS}
03-17 17:35:08.378 V/ActivityManager(  427): Display changed displayId=0
03-17 17:35:08.386 I/DreamManagerService(  427): Gently waking up from dream.
03-17 17:35:08.392 I/DreamManagerService(  427): Leaving dreamland.
03-17 17:35:08.392 I/DreamController(  427): Stopping dream: name=ComponentInfo{com.baidu.wear.app/com.baidu.wear.app.home.AmbientMode}, isTest=false, canDoze=true, userId=0
03-17 17:35:10.346 E/ActivityThread(29964): Failed to find provider info for sms
03-17 17:35:13.513 I/PowerManagerService(  427): Going to sleep due to power button (uid 1000)...
03-17 17:35:13.522 I/DreamManagerService(  427): Entering dreamland.
03-17 17:35:13.523 I/PowerManagerService(  427): Dozing...
03-17 17:35:13.524 I/DreamController(  427): Starting dream: name=ComponentInfo{com.baidu.wear.app/com.baidu.wear.app.home.AmbientMode}, isTest=false, canDoze=true, userId=0
03-17 17:35:13.526 E/InputMethodManagerService(  427): Ignoring setImeWindowStatus due to an invalid token. uid:1000 token:null
03-17 17:35:13.526 E/InputMethodManagerService(  427): Ignoring setImeWindowStatus due to an invalid token. uid:1000 token:null
03-17 17:35:14.009 W/IntentResolver(  427): resolveIntent: multiple matches, only some with CATEGORY_DEFAULT
03-17 17:35:14.010 I/ActivityManager(  427): START u0 {act=android.intent.action.MAIN cat=[android.intent.category.HOME] flg=0x10000000 cmp=com.baidu.wear.app/.HomeActivity (has extras)} from uid 10002 on display 0
03-17 17:35:14.014 V/ActivityManager(  427): Display changed displayId=0
03-17 17:35:14.094 I/DisplayManagerService(  427): Display device changed: DisplayDeviceInfo{"Built-in Screen": 320 x 320, 60.0 fps, supportedRefreshRates [60.0], density 240, 280.275 x 280.275 dpi, appVsyncOff 0, presDeadline 17666667, touch INTERNAL, rotation 0, type BUILT_IN, state DOZE_SUSPEND, FLAG_DEFAULT_DISPLAY, FLAG_ROTATES_WITH_CONTENT, FLAG_SECURE, FLAG_SUPPORTS_PROTECTED_BUFFERS}
03-17 17:35:14.095 V/ActivityManager(  427): Display changed displayId=0
03-17 17:35:14.132 I/ActivityManager(  427): Activity reported stop, but no longer stopping: ActivityRecord{1d66887c u0 com.baidu.wear.app/.HomeActivity t1}
03-17 17:35:15.362 E/ActivityThread(29964): Failed to find provider info for sms
03-17 17:35:20.369 E/ActivityThread(29964): Failed to find provider info for sms
03-17 17:35:25.384 E/ActivityThread(29964): Failed to find provider info for sms
03-17 17:35:27.170 I/ActivityManager(  427): Start proc com.sonymobile.test.crashnotifier for service com.sonymobile.test.crashnotifier/.CrashNotifyService: pid=7553 uid=10020 gids={50020, 9997, 1028} abi=armeabi-v7a
03-17 17:35:30.396 E/ActivityThread(29964): Failed to find provider info for sms
03-17 17:35:34.667 W/libprocessgroup(  427): failed to kill pid 7028: No such process
03-17 17:35:34.669 I/ActivityManager(  427): Process com.google.process.location (pid 7028) has died
03-17 17:35:34.671 W/ActivityManager(  427): Scheduling restart of crashed service com.google.android.gms/.common.stats.GmsCoreStatsService in 1000ms
03-17 17:35:35.415 E/ActivityThread(29964): Failed to find provider info for sms
03-17 17:35:35.737 I/ActivityManager(  427): Start proc com.google.process.location for service com.google.android.gms/.common.stats.GmsCoreStatsService: pid=7590 uid=10009 gids={50009, 9997, 3003, 1028, 1015, 3002, 3001, 1005, 1007, 3007, 2001, 3006} abi=armeabi-v7a
03-17 17:35:35.828 W/ResourcesManager( 7590): Asset path '/system/framework/com.android.location.provider.jar' does not exist or contains no resources.
03-17 17:35:35.970 I/ActivityManager(  427): Start proc com.google.process.gapps for content provider com.google.android.gsf/.gservices.GservicesProvider: pid=7609 uid=10009 gids={50009, 9997, 3003, 1028, 1015, 3002, 3001, 1005, 1007, 3007, 2001, 3006} abi=armeabi-v7a
03-17 17:35:36.135 D/ActivityThread( 7609): Loading provider com.google.android.gsf.gservices: com.google.android.gsf.gservices.GservicesProvider
03-17 17:35:36.579 I/ActivityManager(  427): Start proc com.google.android.gms for broadcast com.google.android.gms/.wearable.init.InitializeGmsWearableReceiver: pid=7630 uid=10009 gids={50009, 9997, 3003, 1028, 1015, 3002, 3001, 1005, 1007, 3007, 2001, 3006} abi=armeabi-v7a
03-17 17:35:36.680 W/ResourcesManager( 7630): Asset path '/system/framework/com.android.location.provider.jar' does not exist or contains no resources.
03-17 17:35:36.808 I/ActivityManager(  427): Delay finish: com.google.android.gms/.wearable.init.InitializeGmsWearableReceiver
03-17 17:35:36.843 I/ActivityManager(  427): Resuming delayed broadcast
03-17 17:35:36.883 W/ResourcesManager( 7609): Asset path '/system/framework/com.android.location.provider.jar' does not exist or contains no resources.
03-17 17:35:36.959 I/ActivityManager(  427): Delay finish: com.google.android.gms/.gcm.ServiceAutoStarter
03-17 17:35:37.051 I/ActivityManager(  427): Resuming delayed broadcast
03-17 17:35:37.236 I/ActivityManager(  427): Delay finish: com.google.android.gms/.wearable.init.InitializeGmsWearableReceiver
03-17 17:35:37.245 I/ActivityManager(  427): Resuming delayed broadcast
03-17 17:35:37.253 I/ActivityManager(  427): Delay finish: com.google.android.gms/.gcm.ServiceAutoStarter
03-17 17:35:37.257 I/ActivityManager(  427): Resuming delayed broadcast
03-17 17:35:37.341 I/ActivityManager(  427): Delay finish: com.google.android.gms/.wearable.init.InitializeGmsWearableReceiver
03-17 17:35:37.351 I/ActivityManager(  427): Resuming delayed broadcast
03-17 17:35:37.359 I/ActivityManager(  427): Delay finish: com.google.android.gms/.gcm.ServiceAutoStarter
03-17 17:35:37.361 I/ActivityManager(  427): Resuming delayed broadcast
03-17 17:35:40.431 E/ActivityThread(29964): Failed to find provider info for sms
03-17 17:35:45.210 I/PowerManagerService(  427): Waking up from dozing (uid 1000)...
03-17 17:35:45.215 W/KeyguardServiceDelegate(  427): onScreenTurnedOn(): no keyguard service!
03-17 17:35:45.296 V/ActivityManager(  427): Display changed displayId=0
03-17 17:35:45.302 E/InputMethodManagerService(  427): Ignoring setImeWindowStatus due to an invalid token. uid:1000 token:null
03-17 17:35:45.400 I/DisplayManagerService(  427): Display device changed: DisplayDeviceInfo{"Built-in Screen": 320 x 320, 60.0 fps, supportedRefreshRates [60.0], density 240, 280.275 x 280.275 dpi, appVsyncOff 0, presDeadline 17666667, touch INTERNAL, rotation 0, type BUILT_IN, state ON, FLAG_DEFAULT_DISPLAY, FLAG_ROTATES_WITH_CONTENT, FLAG_SECURE, FLAG_SUPPORTS_PROTECTED_BUFFERS}
03-17 17:35:45.402 V/ActivityManager(  427): Display changed displayId=0
03-17 17:35:45.408 I/DreamManagerService(  427): Gently waking up from dream.
03-17 17:35:45.412 I/DreamManagerService(  427): Leaving dreamland.
03-17 17:35:45.412 I/DreamController(  427): Stopping dream: name=ComponentInfo{com.baidu.wear.app/com.baidu.wear.app.home.AmbientMode}, isTest=false, canDoze=true, userId=0
03-17 17:35:45.426 E/ActivityThread(29964): Failed to find provider info for sms
03-17 17:35:50.448 E/ActivityThread(29964): Failed to find provider info for sms
03-17 17:35:55.453 E/ActivityThread(29964): Failed to find provider info for sms
03-17 17:36:00.131 I/UsageStatsService(  427): User[0] Flushing usage stats to disk
03-17 17:36:00.461 E/ActivityThread(29964): Failed to find provider info for sms
03-17 17:36:05.477 E/ActivityThread(29964): Failed to find provider info for sms
03-17 17:36:05.937 E/ActivityThread( 7250): Service mobi.byss.instaweather.watchface.services.watchface.WeatherRadarWatchFaceService has leaked IntentReceiver android.support.wearable.watchface.WatchFaceService$Engine$1@1f71ed4b that was originally registered here. Are you missing a call to unregisterReceiver()?
03-17 17:36:05.937 E/ActivityThread( 7250): android.app.IntentReceiverLeaked: Service mobi.byss.instaweather.watchface.services.watchface.WeatherRadarWatchFaceService has leaked IntentReceiver android.support.wearable.watchface.WatchFaceService$Engine$1@1f71ed4b that was originally registered here. Are you missing a call to unregisterReceiver()?
03-17 17:36:05.937 E/ActivityThread( 7250): 	at android.app.LoadedApk$ReceiverDispatcher.<init>(LoadedApk.java:898)
03-17 17:36:05.937 E/ActivityThread( 7250): 	at android.app.LoadedApk.getReceiverDispatcher(LoadedApk.java:699)
03-17 17:36:05.937 E/ActivityThread( 7250): 	at android.app.ContextImpl.registerReceiverInternal(ContextImpl.java:1637)
03-17 17:36:05.937 E/ActivityThread( 7250): 	at android.app.ContextImpl.registerReceiver(ContextImpl.java:1617)
03-17 17:36:05.937 E/ActivityThread( 7250): 	at android.app.ContextImpl.registerReceiver(ContextImpl.java:1611)
03-17 17:36:05.937 E/ActivityThread( 7250): 	at android.content.ContextWrapper.registerReceiver(ContextWrapper.java:488)
03-17 17:36:05.937 E/ActivityThread( 7250): 	at android.support.wearable.watchface.WatchFaceService$Engine.dispatchAmbientModeChanged(WatchFaceService.java:429)
03-17 17:36:05.937 E/ActivityThread( 7250): 	at android.support.wearable.watchface.WatchFaceService$Engine.maybeUpdateAmbientMode(WatchFaceService.java:419)
03-17 17:36:05.937 E/ActivityThread( 7250): 	at android.support.wearable.watchface.WatchFaceService$Engine.onCommand(WatchFaceService.java:192)
03-17 17:36:05.937 E/ActivityThread( 7250): 	at android.service.wallpaper.WallpaperService$Engine.doCommand(WallpaperService.java:977)
03-17 17:36:05.937 E/ActivityThread( 7250): 	at android.service.wallpaper.WallpaperService$IWallpaperEngineWrapper.executeMessage(WallpaperService.java:1191)
03-17 17:36:05.937 E/ActivityThread( 7250): 	at com.android.internal.os.HandlerCaller$MyHandler.handleMessage(HandlerCaller.java:37)
03-17 17:36:05.937 E/ActivityThread( 7250): 	at android.os.Handler.dispatchMessage(Handler.java:102)
03-17 17:36:05.937 E/ActivityThread( 7250): 	at android.os.Looper.loop(Looper.java:135)
03-17 17:36:05.937 E/ActivityThread( 7250): 	at android.app.ActivityThread.main(ActivityThread.java:5221)
03-17 17:36:05.937 E/ActivityThread( 7250): 	at java.lang.reflect.Method.invoke(Native Method)
03-17 17:36:05.937 E/ActivityThread( 7250): 	at java.lang.reflect.Method.invoke(Method.java:372)
03-17 17:36:05.937 E/ActivityThread( 7250): 	at com.android.internal.os.ZygoteInit$MethodAndArgsCaller.run(ZygoteInit.java:899)
03-17 17:36:05.937 E/ActivityThread( 7250): 	at com.android.internal.os.ZygoteInit.main(ZygoteInit.java:694)
03-17 17:36:05.985 I/ActivityManager(  427): Process com.google.process.gapps (pid 7609) has died
03-17 17:36:06.049 I/ActivityManager(  427): Process com.google.android.gms (pid 7630) has died
03-17 17:36:07.128 I/ActivityManager(  427): Start proc com.google.android.music for service com.google.android.music/com.google.android.wearable.datatransfer.ClientOnlyConnectionService: pid=7739 uid=10035 gids={50035, 9997, 3003} abi=armeabi-v7a
03-17 17:36:10.488 E/ActivityThread(29964): Failed to find provider info for sms
03-17 17:36:15.497 E/ActivityThread(29964): Failed to find provider info for sms
03-17 17:36:17.683 I/ActivityManager(  427): Process com.sonymobile.test.crashnotifier (pid 7553) has died
03-17 17:36:17.683 W/ActivityManager(  427): Scheduling restart of crashed service com.sonymobile.test.crashnotifier/.CrashNotifyService in 1429056ms
03-17 17:36:17.708 I/ActivityManager(  427): Process com.google.android.music (pid 7739) has died
03-17 17:36:17.708 W/ActivityManager(  427): Scheduling restart of crashed service com.google.android.music/com.google.android.wearable.datatransfer.ClientOnlyConnectionService in 1589008ms
03-17 17:36:17.712 I/ActivityManager(  427): Process com.google.process.location (pid 7590) has died
03-17 17:36:17.713 W/ActivityManager(  427): Scheduling restart of crashed service com.google.android.gms/.common.stats.GmsCoreStatsService in 4000ms
03-17 17:36:20.519 E/ActivityThread(29964): Failed to find provider info for sms
03-17 17:36:21.759 I/ActivityManager(  427): Start proc com.google.process.location for service com.google.android.gms/.common.stats.GmsCoreStatsService: pid=7789 uid=10009 gids={50009, 9997, 3003, 1028, 1015, 3002, 3001, 1005, 1007, 3007, 2001, 3006} abi=armeabi-v7a
03-17 17:36:21.853 W/ResourcesManager( 7789): Asset path '/system/framework/com.android.location.provider.jar' does not exist or contains no resources.
03-17 17:36:21.945 I/ActivityManager(  427): Start proc com.google.process.gapps for content provider com.google.android.gsf/.gservices.GservicesProvider: pid=7808 uid=10009 gids={50009, 9997, 3003, 1028, 1015, 3002, 3001, 1005, 1007, 3007, 2001, 3006} abi=armeabi-v7a
03-17 17:36:22.113 D/ActivityThread( 7808): Loading provider com.google.android.gsf.gservices: com.google.android.gsf.gservices.GservicesProvider
03-17 17:36:22.445 I/ActivityManager(  427): Start proc com.google.android.gms for broadcast com.google.android.gms/.wearable.init.InitializeGmsWearableReceiver: pid=7831 uid=10009 gids={50009, 9997, 3003, 1028, 1015, 3002, 3001, 1005, 1007, 3007, 2001, 3006} abi=armeabi-v7a
03-17 17:36:22.525 W/ResourcesManager( 7831): Asset path '/system/framework/com.android.location.provider.jar' does not exist or contains no resources.
03-17 17:36:22.653 I/ActivityManager(  427): Delay finish: com.google.android.gms/.wearable.init.InitializeGmsWearableReceiver
03-17 17:36:22.680 I/ActivityManager(  427): Resuming delayed broadcast
03-17 17:36:22.723 W/ResourcesManager( 7808): Asset path '/system/framework/com.android.location.provider.jar' does not exist or contains no resources.
03-17 17:36:22.789 I/ActivityManager(  427): Delay finish: com.google.android.gms/.gcm.ServiceAutoStarter
03-17 17:36:22.856 I/ActivityManager(  427): Resuming delayed broadcast
03-17 17:36:22.999 I/ActivityManager(  427): Delay finish: com.google.android.gms/.wearable.init.InitializeGmsWearableReceiver
03-17 17:36:23.141 I/ActivityManager(  427): Resuming delayed broadcast
03-17 17:36:23.184 I/ActivityManager(  427): Process com.google.process.location (pid 7789) has died
03-17 17:36:23.184 W/ActivityManager(  427): Scheduling restart of crashed service com.google.android.gms/.common.stats.GmsCoreStatsService in 16000ms
03-17 17:36:23.216 I/ActivityManager(  427): Process com.google.process.gapps (pid 7808) has died
03-17 17:36:25.525 E/ActivityThread(29964): Failed to find provider info for sms
03-17 17:36:30.545 E/ActivityThread(29964): Failed to find provider info for sms
03-17 17:36:35.555 E/ActivityThread(29964): Failed to find provider info for sms
03-17 17:36:39.260 I/ActivityManager(  427): Start proc com.google.process.location for service com.google.android.gms/.common.stats.GmsCoreStatsService: pid=7893 uid=10009 gids={50009, 9997, 3003, 1028, 1015, 3002, 3001, 1005, 1007, 3007, 2001, 3006} abi=armeabi-v7a
03-17 17:36:39.342 W/ResourcesManager( 7893): Asset path '/system/framework/com.android.location.provider.jar' does not exist or contains no resources.
03-17 17:36:39.438 I/ActivityManager(  427): Start proc com.google.process.gapps for content provider com.google.android.gsf/.gservices.GservicesProvider: pid=7912 uid=10009 gids={50009, 9997, 3003, 1028, 1015, 3002, 3001, 1005, 1007, 3007, 2001, 3006} abi=armeabi-v7a
03-17 17:36:39.518 D/ActivityThread( 7912): Loading provider com.google.android.gsf.gservices: com.google.android.gsf.gservices.GservicesProvider
03-17 17:36:39.774 W/ResourcesManager( 7912): Asset path '/system/framework/com.android.location.provider.jar' does not exist or contains no resources.
03-17 17:36:39.888 I/ActivityManager(  427): Delay finish: com.google.android.gms/.wearable.init.InitializeGmsWearableReceiver
03-17 17:36:39.897 I/ActivityManager(  427): Resuming delayed broadcast
03-17 17:36:39.911 I/ActivityManager(  427): Delay finish: com.google.android.gms/.gcm.ServiceAutoStarter
03-17 17:36:39.953 I/ActivityManager(  427): Resuming delayed broadcast
03-17 17:36:40.016 I/ActivityManager(  427): Delay finish: com.google.android.gms/.wearable.init.InitializeGmsWearableReceiver
03-17 17:36:40.024 I/ActivityManager(  427): Resuming delayed broadcast
03-17 17:36:40.031 I/ActivityManager(  427): Delay finish: com.google.android.gms/.gcm.ServiceAutoStarter
03-17 17:36:40.033 I/ActivityManager(  427): Resuming delayed broadcast
03-17 17:36:40.080 I/ActivityManager(  427): Delay finish: com.google.android.gms/.wearable.init.InitializeGmsWearableReceiver
03-17 17:36:40.086 I/ActivityManager(  427): Resuming delayed broadcast
03-17 17:36:40.094 I/ActivityManager(  427): Delay finish: com.google.android.gms/.gcm.ServiceAutoStarter
03-17 17:36:40.095 I/ActivityManager(  427): Resuming delayed broadcast
03-17 17:36:40.561 E/ActivityThread(29964): Failed to find provider info for sms
03-17 17:36:45.582 E/ActivityThread(29964): Failed to find provider info for sms
03-17 17:36:50.592 E/ActivityThread(29964): Failed to find provider info for sms
03-17 17:36:50.948 I/ActivityManager(  427): Process com.google.process.gapps (pid 7912) has died
03-17 17:36:50.966 I/ActivityManager(  427): Process com.google.android.gms (pid 7831) has died
03-17 17:36:51.927 I/ActivityManager(  427): Low on memory:
03-17 17:36:51.927 I/ActivityManager(  427):   ntv   N     3977 kB: zygote (160) native
03-17 17:36:51.927 I/ActivityManager(  427):   ntv   N     2385 kB: mediaserver (156) native
03-17 17:36:51.927 I/ActivityManager(  427):   ntv   N     2020 kB: logd (138) native
03-17 17:36:51.927 I/ActivityManager(  427):   ntv   N     1781 kB: sysdbg_service (963) native
03-17 17:36:51.927 I/ActivityManager(  427):   ntv   N     1619 kB: surfaceflinger (143) native
03-17 17:36:51.927 I/ActivityManager(  427):   ntv   N     1044 kB: glgps (159) native
03-17 17:36:51.927 I/ActivityManager(  427):   ntv   N      553 kB: netd (153) native
03-17 17:36:51.927 I/ActivityManager(  427):   ntv   N      534 kB: vold (142) native
03-17 17:36:51.927 I/ActivityManager(  427):   ntv   N      497 kB: keystore (158) native
03-17 17:36:51.927 I/ActivityManager(  427):   ntv   N      491 kB: iddd (964) native
03-17 17:36:51.927 I/ActivityManager(  427):   ntv   N      448 kB: ClockworkProxy (148) native
03-17 17:36:51.927 I/ActivityManager(  427):   ntv   N      344 kB: adbd (163) native
03-17 17:36:51.927 I/ActivityManager(  427):   ntv   N      314 kB: ueventd (121) native
03-17 17:36:51.927 I/ActivityManager(  427):   ntv   N      307 kB: /init (1) native
03-17 17:36:51.927 I/ActivityManager(  427):   ntv   N      272 kB: sdcard (161) native
03-17 17:36:51.927 I/ActivityManager(  427):   ntv   N      270 kB: lmkd (140) native
03-17 17:36:51.927 I/ActivityManager(  427):   ntv   N      224 kB: debuggerd (154) native
03-17 17:36:51.927 I/ActivityManager(  427):   ntv   N      215 kB: servicemanager (141) native
03-17 17:36:51.927 I/ActivityManager(  427):   ntv   N      202 kB: installd (157) native
03-17 17:36:51.927 I/ActivityManager(  427):   ntv   N      187 kB: sh (150) native
03-17 17:36:51.927 I/ActivityManager(  427):   ntv   N      184 kB: healthd (139) native
03-17 17:36:51.927 I/ActivityManager(  427):   ntv   N      172 kB: key_sleep_vibrate_service (962) native
03-17 17:36:51.927 I/ActivityManager(  427):   ntv   N      104 kB: tad_static (122) native
03-17 17:36:51.927 I/ActivityManager(  427):   sys   P    28603 kB: system (427) fixed
03-17 17:36:51.927 I/ActivityManager(  427):   psvc  IF    8137 kB: com.android.bluetooth (1075) service
03-17 17:36:51.927 I/ActivityManager(  427):                        com.android.bluetooth/.btservice.AdapterService<=Proc{427:system/1000}
03-17 17:36:51.927 I/ActivityManager(  427):   fore  T    57908 kB: com.baidu.wear.app (608) top-activity
03-17 17:36:51.927 I/ActivityManager(  427):   vis   IF   14700 kB: com.google.android.wearable.app (590) service
03-17 17:36:51.927 I/ActivityManager(  427):                        com.google.android.wearable.app/com.google.android.clockwork.stream.NotificationCollectorService<=Proc{427:system/1000}
03-17 17:36:51.927 I/ActivityManager(  427):   vis   IF   11199 kB: mobi.byss.instaweather.watchface (7250) service
03-17 17:36:51.927 I/ActivityManager(  427):                        mobi.byss.instaweather.watchface/.services.watchface.WeatherMapWatchFaceService<=Proc{427:system/1000}
03-17 17:36:51.927 I/ActivityManager(  427):   vis   IF   10168 kB: com.google.android.gms.wearable (629) service
03-17 17:36:51.927 I/ActivityManager(  427):                        com.google.android.gms/.wearable.service.WearableService<=Proc{590:com.google.android.wearable.app/u0a3}
03-17 17:36:51.927 I/ActivityManager(  427):   vis   IF    9455 kB: com.baidu.wear.bws (648) service
03-17 17:36:51.927 I/ActivityManager(  427):                        com.baidu.wear.app/com.baidu.wear.bws.service.WearableService<=Proc{608:com.baidu.wear.app/u0a2}
03-17 17:36:51.927 I/ActivityManager(  427):   vis   T     8823 kB: com.google.android.apps.fitness (3092) visible
03-17 17:36:51.927 I/ActivityManager(  427):   vis   IF    8148 kB: com.google.android.apps.wearable.settings (729) provider
03-17 17:36:51.927 I/ActivityManager(  427):                        com.google.android.apps.wearable.settings/com.google.android.clockwork.settings.SettingsProvider<=Proc{590:com.google.android.wearable.app/u0a3}
03-17 17:36:51.927 I/ActivityManager(  427):   prcp  IF   12267 kB: com.wandoujia.phoenix2.usbproxy (29964) fg-service
03-17 17:36:51.927 I/ActivityManager(  427):   svc   S     8184 kB: com.google.process.location (7893) started-services
03-17 17:36:51.927 I/ActivityManager(  427):             195736 kB: TOTAL
03-17 17:36:51.927 I/ActivityManager(  427):   MemInfo: 35636 kB slab, 2060 kB shmem, 196 kB buffers, 60780 kB cached, 85380 kB free
03-17 17:36:55.587 E/ActivityThread(29964): Failed to find provider info for sms
03-17 17:37:00.594 E/ActivityThread(29964): Failed to find provider info for sms
03-17 17:37:05.609 E/ActivityThread(29964): Failed to find provider info for sms
03-17 17:37:10.620 E/ActivityThread(29964): Failed to find provider info for sms
03-17 17:37:15.639 E/ActivityThread(29964): Failed to find provider info for sms
03-17 17:37:20.648 E/ActivityThread(29964): Failed to find provider info for sms
03-17 17:37:25.659 E/ActivityThread(29964): Failed to find provider info for sms
03-17 17:37:30.674 E/ActivityThread(29964): Failed to find provider info for sms
03-17 17:37:35.686 E/ActivityThread(29964): Failed to find provider info for sms
03-17 17:37:40.698 E/ActivityThread(29964): Failed to find provider info for sms
03-17 17:37:45.708 E/ActivityThread(29964): Failed to find provider info for sms
03-17 17:37:50.722 E/ActivityThread(29964): Failed to find provider info for sms
03-17 17:37:55.735 E/ActivityThread(29964): Failed to find provider info for sms
03-17 17:38:00.738 E/ActivityThread(29964): Failed to find provider info for sms
03-17 17:38:05.751 E/ActivityThread(29964): Failed to find provider info for sms
03-17 17:38:10.769 E/ActivityThread(29964): Failed to find provider info for sms
03-17 17:38:13.763 I/ActivityManager(  427): Start proc com.sony.systemmonitor.service for service com.sony.systemmonitor.service/.SystemMonitorService: pid=8156 uid=10026 gids={50026, 9997, 3002, 3003} abi=armeabi-v7a
03-17 17:38:13.844 W/ResourcesManager( 8156): Asset path '/system/framework/com.google.protobuf-2.3.0.jar' does not exist or contains no resources.
03-17 17:38:13.845 W/ResourcesManager( 8156): Asset path '/system/framework/com.sonyericsson.idd.jar' does not exist or contains no resources.
03-17 17:38:15.777 E/ActivityThread(29964): Failed to find provider info for sms
03-17 17:38:18.877 I/ActivityManager(  427): Process com.google.process.location (pid 7893) has died
03-17 17:38:18.880 W/ActivityManager(  427): Scheduling restart of crashed service com.google.android.gms/.common.stats.GmsCoreStatsService in 1000ms
03-17 17:38:18.884 I/ActivityManager(  427): Process com.sony.systemmonitor.service (pid 8156) has died
03-17 17:38:18.884 W/ActivityManager(  427): Scheduling restart of crashed service com.sony.systemmonitor.service/.SystemMonitorService in 1974528ms
03-17 17:38:19.933 I/ActivityManager(  427): Start proc com.google.process.location for service com.google.android.gms/.common.stats.GmsCoreStatsService: pid=8187 uid=10009 gids={50009, 9997, 3003, 1028, 1015, 3002, 3001, 1005, 1007, 3007, 2001, 3006} abi=armeabi-v7a
03-17 17:38:20.061 W/ResourcesManager( 8187): Asset path '/system/framework/com.android.location.provider.jar' does not exist or contains no resources.
03-17 17:38:20.227 I/ActivityManager(  427): Start proc com.google.process.gapps for content provider com.google.android.gsf/.gservices.GservicesProvider: pid=8207 uid=10009 gids={50009, 9997, 3003, 1028, 1015, 3002, 3001, 1005, 1007, 3007, 2001, 3006} abi=armeabi-v7a
03-17 17:38:20.366 D/ActivityThread( 8207): Loading provider com.google.android.gsf.gservices: com.google.android.gsf.gservices.GservicesProvider
03-17 17:38:20.690 I/ActivityManager(  427): Start proc com.google.android.gms for broadcast com.google.android.gms/.wearable.init.InitializeGmsWearableReceiver: pid=8227 uid=10009 gids={50009, 9997, 3003, 1028, 1015, 3002, 3001, 1005, 1007, 3007, 2001, 3006} abi=armeabi-v7a
03-17 17:38:20.786 E/ActivityThread(29964): Failed to find provider info for sms
03-17 17:38:20.789 W/ResourcesManager( 8227): Asset path '/system/framework/com.android.location.provider.jar' does not exist or contains no resources.
03-17 17:38:20.891 I/ActivityManager(  427): Delay finish: com.google.android.gms/.wearable.init.InitializeGmsWearableReceiver
03-17 17:38:20.912 I/ActivityManager(  427): Resuming delayed broadcast
03-17 17:38:20.949 W/ResourcesManager( 8207): Asset path '/system/framework/com.android.location.provider.jar' does not exist or contains no resources.
03-17 17:38:21.041 I/ActivityManager(  427): Delay finish: com.google.android.gms/.gcm.ServiceAutoStarter
03-17 17:38:21.127 I/ActivityManager(  427): Resuming delayed broadcast
03-17 17:38:21.288 I/ActivityManager(  427): Delay finish: com.google.android.gms/.wearable.init.InitializeGmsWearableReceiver
03-17 17:38:21.296 I/ActivityManager(  427): Resuming delayed broadcast
03-17 17:38:21.301 I/PowerManagerService(  427): Going to sleep due to screen timeout (uid 1000)...
03-17 17:38:21.302 I/ActivityManager(  427): Delay finish: com.google.android.gms/.gcm.ServiceAutoStarter
03-17 17:38:21.305 I/ActivityManager(  427): Resuming delayed broadcast
03-17 17:38:21.348 I/DreamManagerService(  427): Entering dreamland.
03-17 17:38:21.351 I/PowerManagerService(  427): Dozing...
03-17 17:38:21.436 I/DreamController(  427): Starting dream: name=ComponentInfo{com.baidu.wear.app/com.baidu.wear.app.home.AmbientMode}, isTest=false, canDoze=true, userId=0
03-17 17:38:21.449 E/InputMethodManagerService(  427): Ignoring setImeWindowStatus due to an invalid token. uid:1000 token:null
03-17 17:38:21.452 E/InputMethodManagerService(  427): Ignoring setImeWindowStatus due to an invalid token. uid:1000 token:null
03-17 17:38:21.497 I/ActivityManager(  427): Delay finish: com.google.android.gms/.wearable.init.InitializeGmsWearableReceiver
03-17 17:38:21.501 I/ActivityManager(  427): Resuming delayed broadcast
03-17 17:38:21.507 I/ActivityManager(  427): Delay finish: com.google.android.gms/.gcm.ServiceAutoStarter
03-17 17:38:21.509 I/ActivityManager(  427): Resuming delayed broadcast
03-17 17:38:21.843 I/PowerManagerService(  427): Waking up from dozing (uid 1000)...
03-17 17:38:21.845 W/KeyguardServiceDelegate(  427): onScreenTurnedOn(): no keyguard service!
03-17 17:38:21.851 I/DreamManagerService(  427): Gently waking up from dream.
03-17 17:38:21.852 I/DreamController(  427): Stopping dream: name=ComponentInfo{com.baidu.wear.app/com.baidu.wear.app.home.AmbientMode}, isTest=false, canDoze=true, userId=0
03-17 17:38:21.918 V/ActivityManager(  427): Display changed displayId=0
03-17 17:38:21.938 E/InputMethodManagerService(  427): Ignoring setImeWindowStatus due to an invalid token. uid:1000 token:null
03-17 17:38:21.946 W/IntentResolver(  427): resolveIntent: multiple matches, only some with CATEGORY_DEFAULT
03-17 17:38:21.952 I/ActivityManager(  427): START u0 {act=android.intent.action.MAIN cat=[android.intent.category.HOME] flg=0x10000000 cmp=com.baidu.wear.app/.HomeActivity (has extras)} from uid 10002 on display 0
03-17 17:38:22.664 I/ActivityManager(  427): Activity reported stop, but no longer stopping: ActivityRecord{1d66887c u0 com.baidu.wear.app/.HomeActivity t1}
03-17 17:38:25.802 E/ActivityThread(29964): Failed to find provider info for sms
03-17 17:38:30.818 E/ActivityThread(29964): Failed to find provider info for sms
03-17 17:38:35.823 E/ActivityThread(29964): Failed to find provider info for sms
03-17 17:38:39.208 I/ActivityManager(  427): Process com.google.android.gms (pid 8227) has died
03-17 17:38:39.215 I/ActivityManager(  427): Process com.google.process.gapps (pid 8207) has died
03-17 17:38:40.833 E/ActivityThread(29964): Failed to find provider info for sms
03-17 17:38:45.684 I/ActivityManager(  427): Process com.google.process.location (pid 8187) has died
03-17 17:38:45.685 W/ActivityManager(  427): Scheduling restart of crashed service com.google.android.gms/.common.stats.GmsCoreStatsService in 4000ms
03-17 17:38:45.847 E/ActivityThread(29964): Failed to find provider info for sms
03-17 17:38:49.765 I/ActivityManager(  427): Start proc com.google.process.location for service com.google.android.gms/.common.stats.GmsCoreStatsService: pid=8326 uid=10009 gids={50009, 9997, 3003, 1028, 1015, 3002, 3001, 1005, 1007, 3007, 2001, 3006} abi=armeabi-v7a
03-17 17:38:49.833 W/ResourcesManager( 8326): Asset path '/system/framework/com.android.location.provider.jar' does not exist or contains no resources.
03-17 17:38:49.906 I/ActivityManager(  427): Start proc com.google.process.gapps for content provider com.google.android.gsf/.gservices.GservicesProvider: pid=8345 uid=10009 gids={50009, 9997, 3003, 1028, 1015, 3002, 3001, 1005, 1007, 3007, 2001, 3006} abi=armeabi-v7a
03-17 17:38:50.002 D/ActivityThread( 8345): Loading provider com.google.android.gsf.gservices: com.google.android.gsf.gservices.GservicesProvider
03-17 17:38:50.239 I/ActivityManager(  427): Start proc com.google.android.gms for broadcast com.google.android.gms/.wearable.init.InitializeGmsWearableReceiver: pid=8367 uid=10009 gids={50009, 9997, 3003, 1028, 1015, 3002, 3001, 1005, 1007, 3007, 2001, 3006} abi=armeabi-v7a
03-17 17:38:50.313 W/ResourcesManager( 8367): Asset path '/system/framework/com.android.location.provider.jar' does not exist or contains no resources.
03-17 17:38:50.378 I/ActivityManager(  427): Delay finish: com.google.android.gms/.wearable.init.InitializeGmsWearableReceiver
03-17 17:38:50.391 I/ActivityManager(  427): Resuming delayed broadcast
03-17 17:38:50.417 W/ResourcesManager( 8345): Asset path '/system/framework/com.android.location.provider.jar' does not exist or contains no resources.
03-17 17:38:50.451 I/ActivityManager(  427): Delay finish: com.google.android.gms/.gcm.ServiceAutoStarter
03-17 17:38:50.497 I/ActivityManager(  427): Resuming delayed broadcast
03-17 17:38:50.596 I/ActivityManager(  427): Delay finish: com.google.android.gms/.wearable.init.InitializeGmsWearableReceiver
03-17 17:38:50.605 I/ActivityManager(  427): Resuming delayed broadcast
03-17 17:38:50.611 I/ActivityManager(  427): Delay finish: com.google.android.gms/.gcm.ServiceAutoStarter
03-17 17:38:50.614 I/ActivityManager(  427): Resuming delayed broadcast
03-17 17:38:50.671 I/ActivityManager(  427): Delay finish: com.google.android.gms/.wearable.init.InitializeGmsWearableReceiver
03-17 17:38:50.679 I/ActivityManager(  427): Resuming delayed broadcast
03-17 17:38:50.685 I/ActivityManager(  427): Delay finish: com.google.android.gms/.gcm.ServiceAutoStarter
03-17 17:38:50.688 I/ActivityManager(  427): Resuming delayed broadcast
03-17 17:38:50.864 E/ActivityThread(29964): Failed to find provider info for sms
03-17 17:38:54.292 I/ActivityManager(  427): Process com.google.process.gapps (pid 8345) has died
03-17 17:38:55.883 E/ActivityThread(29964): Failed to find provider info for sms
03-17 17:38:57.648 I/ActivityManager(  427): Process com.google.android.gms (pid 8367) has died
03-17 17:38:57.650 E/ActivityThread( 7250): Service mobi.byss.instaweather.watchface.services.watchface.WeatherForecastWatchFaceService has leaked IntentReceiver android.support.wearable.watchface.WatchFaceService$Engine$1@27a95e63 that was originally registered here. Are you missing a call to unregisterReceiver()?
03-17 17:38:57.650 E/ActivityThread( 7250): android.app.IntentReceiverLeaked: Service mobi.byss.instaweather.watchface.services.watchface.WeatherForecastWatchFaceService has leaked IntentReceiver android.support.wearable.watchface.WatchFaceService$Engine$1@27a95e63 that was originally registered here. Are you missing a call to unregisterReceiver()?
03-17 17:38:57.650 E/ActivityThread( 7250): 	at android.app.LoadedApk$ReceiverDispatcher.<init>(LoadedApk.java:898)
03-17 17:38:57.650 E/ActivityThread( 7250): 	at android.app.LoadedApk.getReceiverDispatcher(LoadedApk.java:699)
03-17 17:38:57.650 E/ActivityThread( 7250): 	at android.app.ContextImpl.registerReceiverInternal(ContextImpl.java:1637)
03-17 17:38:57.650 E/ActivityThread( 7250): 	at android.app.ContextImpl.registerReceiver(ContextImpl.java:1617)
03-17 17:38:57.650 E/ActivityThread( 7250): 	at android.app.ContextImpl.registerReceiver(ContextImpl.java:1611)
03-17 17:38:57.650 E/ActivityThread( 7250): 	at android.content.ContextWrapper.registerReceiver(ContextWrapper.java:488)
03-17 17:38:57.650 E/ActivityThread( 7250): 	at android.support.wearable.watchface.WatchFaceService$Engine.dispatchAmbientModeChanged(WatchFaceService.java:429)
03-17 17:38:57.650 E/ActivityThread( 7250): 	at android.support.wearable.watchface.WatchFaceService$Engine.maybeUpdateAmbientMode(WatchFaceService.java:419)
03-17 17:38:57.650 E/ActivityThread( 7250): 	at android.support.wearable.watchface.WatchFaceService$Engine.onCommand(WatchFaceService.java:192)
03-17 17:38:57.650 E/ActivityThread( 7250): 	at android.service.wallpaper.WallpaperService$Engine.doCommand(WallpaperService.java:977)
03-17 17:38:57.650 E/ActivityThread( 7250): 	at android.service.wallpaper.WallpaperService$IWallpaperEngineWrapper.executeMessage(WallpaperService.java:1191)
03-17 17:38:57.650 E/ActivityThread( 7250): 	at com.android.internal.os.HandlerCaller$MyHandler.handleMessage(HandlerCaller.java:37)
03-17 17:38:57.650 E/ActivityThread( 7250): 	at android.os.Handler.dispatchMessage(Handler.java:102)
03-17 17:38:57.650 E/ActivityThread( 7250): 	at android.os.Looper.loop(Looper.java:135)
03-17 17:38:57.650 E/ActivityThread( 7250): 	at android.app.ActivityThread.main(ActivityThread.java:5221)
03-17 17:38:57.650 E/ActivityThread( 7250): 	at java.lang.reflect.Method.invoke(Native Method)
03-17 17:38:57.650 E/ActivityThread( 7250): 	at java.lang.reflect.Method.invoke(Method.java:372)
03-17 17:38:57.650 E/ActivityThread( 7250): 	at com.android.internal.os.ZygoteInit$MethodAndArgsCaller.run(ZygoteInit.java:899)
03-17 17:38:57.650 E/ActivityThread( 7250): 	at com.android.internal.os.ZygoteInit.main(ZygoteInit.java:694)
03-17 17:39:00.746 I/ActivityManager(  427): Process com.google.process.location (pid 8326) has died
03-17 17:39:00.747 W/ActivityManager(  427): Scheduling restart of crashed service com.google.android.gms/.common.stats.GmsCoreStatsService in 16000ms
03-17 17:39:00.883 E/ActivityThread(29964): Failed to find provider info for sms
03-17 17:39:05.901 E/ActivityThread(29964): Failed to find provider info for sms
03-17 17:39:10.910 E/ActivityThread(29964): Failed to find provider info for sms
03-17 17:39:15.925 E/ActivityThread(29964): Failed to find provider info for sms
03-17 17:39:16.784 I/ActivityManager(  427): Start proc com.google.process.location for service com.google.android.gms/.common.stats.GmsCoreStatsService: pid=8465 uid=10009 gids={50009, 9997, 3003, 1028, 1015, 3002, 3001, 1005, 1007, 3007, 2001, 3006} abi=armeabi-v7a
03-17 17:39:16.860 W/ResourcesManager( 8465): Asset path '/system/framework/com.android.location.provider.jar' does not exist or contains no resources.
03-17 17:39:16.929 I/ActivityManager(  427): Start proc com.google.process.gapps for content provider com.google.android.gsf/.gservices.GservicesProvider: pid=8484 uid=10009 gids={50009, 9997, 3003, 1028, 1015, 3002, 3001, 1005, 1007, 3007, 2001, 3006} abi=armeabi-v7a
03-17 17:39:17.003 D/ActivityThread( 8484): Loading provider com.google.android.gsf.gservices: com.google.android.gsf.gservices.GservicesProvider
03-17 17:39:17.209 I/ActivityManager(  427): Start proc com.google.android.gms for broadcast com.google.android.gms/.wearable.init.InitializeGmsWearableReceiver: pid=8505 uid=10009 gids={50009, 9997, 3003, 1028, 1015, 3002, 3001, 1005, 1007, 3007, 2001, 3006} abi=armeabi-v7a
03-17 17:39:17.294 W/ResourcesManager( 8505): Asset path '/system/framework/com.android.location.provider.jar' does not exist or contains no resources.
03-17 17:39:17.352 I/ActivityManager(  427): Delay finish: com.google.android.gms/.wearable.init.InitializeGmsWearableReceiver
03-17 17:39:17.364 I/ActivityManager(  427): Resuming delayed broadcast
03-17 17:39:17.386 W/ResourcesManager( 8484): Asset path '/system/framework/com.android.location.provider.jar' does not exist or contains no resources.
03-17 17:39:17.426 I/ActivityManager(  427): Delay finish: com.google.android.gms/.gcm.ServiceAutoStarter
03-17 17:39:17.470 I/ActivityManager(  427): Resuming delayed broadcast
03-17 17:39:17.583 I/ActivityManager(  427): Delay finish: com.google.android.gms/.wearable.init.InitializeGmsWearableReceiver
03-17 17:39:17.591 I/ActivityManager(  427): Resuming delayed broadcast
03-17 17:39:17.598 I/ActivityManager(  427): Delay finish: com.google.android.gms/.gcm.ServiceAutoStarter
03-17 17:39:17.601 I/ActivityManager(  427): Resuming delayed broadcast
03-17 17:39:17.661 I/ActivityManager(  427): Delay finish: com.google.android.gms/.wearable.init.InitializeGmsWearableReceiver
03-17 17:39:17.669 I/ActivityManager(  427): Resuming delayed broadcast
03-17 17:39:17.674 I/ActivityManager(  427): Delay finish: com.google.android.gms/.gcm.ServiceAutoStarter
03-17 17:39:17.676 I/ActivityManager(  427): Resuming delayed broadcast
03-17 17:39:20.943 E/ActivityThread(29964): Failed to find provider info for sms
03-17 17:39:24.311 I/ActivityManager(  427): Process com.google.process.gapps (pid 8484) has died
03-17 17:39:25.962 E/ActivityThread(29964): Failed to find provider info for sms
03-17 17:39:30.735 I/ActivityManager(  427): Process com.google.android.gms (pid 8505) has died
03-17 17:39:30.743 I/ActivityManager(  427): Process com.google.process.location (pid 8465) has died
03-17 17:39:30.743 W/ActivityManager(  427): Scheduling restart of crashed service com.google.android.gms/.common.stats.GmsCoreStatsService in 64000ms
03-17 17:39:30.978 E/ActivityThread(29964): Failed to find provider info for sms
03-17 17:39:35.980 E/ActivityThread(29964): Failed to find provider info for sms
03-17 17:39:38.861 I/ActivityManager(  427): Start proc net.codejugglers.android.cjwatchface for service net.codejugglers.android.cjwatchface/.components.WearWearableService: pid=8580 uid=10029 gids={50029, 9997} abi=armeabi-v7a
03-17 17:39:40.997 E/ActivityThread(29964): Failed to find provider info for sms
03-17 17:39:46.013 E/ActivityThread(29964): Failed to find provider info for sms
03-17 17:39:51.028 E/ActivityThread(29964): Failed to find provider info for sms
03-17 17:39:53.285 I/ActivityManager(  427): Process net.codejugglers.android.cjwatchface (pid 8580) has died
03-17 17:39:56.037 E/ActivityThread(29964): Failed to find provider info for sms
03-17 17:40:01.045 E/ActivityThread(29964): Failed to find provider info for sms
03-17 17:40:03.509 I/PowerManagerService(  427): Going to sleep due to screen timeout (uid 1000)...
03-17 17:40:03.523 I/DreamManagerService(  427): Entering dreamland.
03-17 17:40:03.524 I/PowerManagerService(  427): Dozing...
03-17 17:40:03.533 E/InputMethodManagerService(  427): Ignoring setImeWindowStatus due to an invalid token. uid:1000 token:null
03-17 17:40:03.535 I/DreamController(  427): Starting dream: name=ComponentInfo{com.baidu.wear.app/com.baidu.wear.app.home.AmbientMode}, isTest=false, canDoze=true, userId=0
03-17 17:40:03.537 E/InputMethodManagerService(  427): Ignoring setImeWindowStatus due to an invalid token. uid:1000 token:null
03-17 17:40:03.561 I/PowerManagerService(  427): Waking up from dozing (uid 1000)...
03-17 17:40:03.562 W/KeyguardServiceDelegate(  427): onScreenTurnedOn(): no keyguard service!
03-17 17:40:03.567 E/InputMethodManagerService(  427): Ignoring setImeWindowStatus due to an invalid token. uid:1000 token:null
03-17 17:40:03.570 I/DreamManagerService(  427): Gently waking up from dream.
03-17 17:40:03.571 I/DreamController(  427): Stopping dream: name=ComponentInfo{com.baidu.wear.app/com.baidu.wear.app.home.AmbientMode}, isTest=false, canDoze=true, userId=0
03-17 17:40:03.926 W/IntentResolver(  427): resolveIntent: multiple matches, only some with CATEGORY_DEFAULT
03-17 17:40:03.927 I/ActivityManager(  427): START u0 {act=android.intent.action.MAIN cat=[android.intent.category.HOME] flg=0x10000000 cmp=com.baidu.wear.app/.HomeActivity (has extras)} from uid 10002 on display 0
03-17 17:40:06.071 E/ActivityThread(29964): Failed to find provider info for sms
03-17 17:40:11.076 E/ActivityThread(29964): Failed to find provider info for sms
03-17 17:40:16.087 E/ActivityThread(29964): Failed to find provider info for sms
03-17 17:40:21.095 E/ActivityThread(29964): Failed to find provider info for sms
03-17 17:40:26.109 E/ActivityThread(29964): Failed to find provider info for sms
03-17 17:40:31.125 E/ActivityThread(29964): Failed to find provider info for sms
03-17 17:40:34.805 I/ActivityManager(  427): Start proc com.google.process.location for service com.google.android.gms/.common.stats.GmsCoreStatsService: pid=8731 uid=10009 gids={50009, 9997, 3003, 1028, 1015, 3002, 3001, 1005, 1007, 3007, 2001, 3006} abi=armeabi-v7a
03-17 17:40:34.870 W/ResourcesManager( 8731): Asset path '/system/framework/com.android.location.provider.jar' does not exist or contains no resources.
03-17 17:40:34.950 I/ActivityManager(  427): Start proc com.google.process.gapps for content provider com.google.android.gsf/.gservices.GservicesProvider: pid=8750 uid=10009 gids={50009, 9997, 3003, 1028, 1015, 3002, 3001, 1005, 1007, 3007, 2001, 3006} abi=armeabi-v7a
03-17 17:40:35.045 D/ActivityThread( 8750): Loading provider com.google.android.gsf.gservices: com.google.android.gsf.gservices.GservicesProvider
03-17 17:40:35.265 I/ActivityManager(  427): Start proc com.google.android.gms for broadcast com.google.android.gms/.wearable.init.InitializeGmsWearableReceiver: pid=8773 uid=10009 gids={50009, 9997, 3003, 1028, 1015, 3002, 3001, 1005, 1007, 3007, 2001, 3006} abi=armeabi-v7a
03-17 17:40:35.342 W/ResourcesManager( 8773): Asset path '/system/framework/com.android.location.provider.jar' does not exist or contains no resources.
03-17 17:40:35.401 I/ActivityManager(  427): Delay finish: com.google.android.gms/.wearable.init.InitializeGmsWearableReceiver
03-17 17:40:35.413 I/ActivityManager(  427): Resuming delayed broadcast
03-17 17:40:35.435 W/ResourcesManager( 8750): Asset path '/system/framework/com.android.location.provider.jar' does not exist or contains no resources.
03-17 17:40:35.484 I/ActivityManager(  427): Delay finish: com.google.android.gms/.gcm.ServiceAutoStarter
03-17 17:40:35.528 I/ActivityManager(  427): Resuming delayed broadcast
03-17 17:40:35.625 I/ActivityManager(  427): Delay finish: com.google.android.gms/.wearable.init.InitializeGmsWearableReceiver
03-17 17:40:35.632 I/ActivityManager(  427): Resuming delayed broadcast
03-17 17:40:35.638 I/ActivityManager(  427): Delay finish: com.google.android.gms/.gcm.ServiceAutoStarter
03-17 17:40:35.640 I/ActivityManager(  427): Resuming delayed broadcast
03-17 17:40:35.704 I/ActivityManager(  427): Delay finish: com.google.android.gms/.wearable.init.InitializeGmsWearableReceiver
03-17 17:40:35.712 I/ActivityManager(  427): Resuming delayed broadcast
03-17 17:40:35.718 I/ActivityManager(  427): Delay finish: com.google.android.gms/.gcm.ServiceAutoStarter
03-17 17:40:35.725 I/ActivityManager(  427): Resuming delayed broadcast
03-17 17:40:36.137 E/ActivityThread(29964): Failed to find provider info for sms
03-17 17:40:41.148 E/ActivityThread(29964): Failed to find provider info for sms
03-17 17:40:43.618 W/ProcessCpuTracker(  427): Skipping unknown process pid 8820
03-17 17:40:46.169 E/ActivityThread(29964): Failed to find provider info for sms
03-17 17:40:46.860 I/ActivityManager(  427): Process com.google.process.gapps (pid 8750) has died
03-17 17:40:46.865 I/ActivityManager(  427): Process com.google.android.gms (pid 8773) has died
03-17 17:40:46.923 I/ActivityManager(  427): Process com.google.process.location (pid 8731) has died
03-17 17:40:46.924 W/ActivityManager(  427): Scheduling restart of crashed service com.google.android.gms/.common.stats.GmsCoreStatsService in 256000ms
03-17 17:40:51.184 E/ActivityThread(29964): Failed to find provider info for sms
03-17 17:40:56.197 E/ActivityThread(29964): Failed to find provider info for sms
03-17 17:41:01.208 E/ActivityThread(29964): Failed to find provider info for sms
03-17 17:41:06.222 E/ActivityThread(29964): Failed to find provider info for sms
03-17 17:41:11.224 E/ActivityThread(29964): Failed to find provider info for sms
03-17 17:41:16.243 E/ActivityThread(29964): Failed to find provider info for sms
03-17 17:41:19.080 W/ProcessCpuTracker(  427): Skipping unknown process pid 8902
03-17 17:41:21.244 E/ActivityThread(29964): Failed to find provider info for sms
03-17 17:41:26.255 E/ActivityThread(29964): Failed to find provider info for sms
03-17 17:41:31.261 E/ActivityThread(29964): Failed to find provider info for sms
03-17 17:41:36.274 E/ActivityThread(29964): Failed to find provider info for sms
03-17 17:41:41.286 E/ActivityThread(29964): Failed to find provider info for sms
03-17 17:41:46.293 E/ActivityThread(29964): Failed to find provider info for sms
03-17 17:41:51.306 E/ActivityThread(29964): Failed to find provider info for sms
03-17 17:41:56.319 E/ActivityThread(29964): Failed to find provider info for sms
03-17 17:42:01.325 E/ActivityThread(29964): Failed to find provider info for sms
03-17 17:42:06.343 E/ActivityThread(29964): Failed to find provider info for sms
03-17 17:42:11.358 E/ActivityThread(29964): Failed to find provider info for sms
03-17 17:42:16.365 E/ActivityThread(29964): Failed to find provider info for sms
03-17 17:42:21.381 E/ActivityThread(29964): Failed to find provider info for sms
03-17 17:42:26.385 E/ActivityThread(29964): Failed to find provider info for sms
03-17 17:42:31.393 E/ActivityThread(29964): Failed to find provider info for sms
03-17 17:42:36.408 E/ActivityThread(29964): Failed to find provider info for sms
03-17 17:42:41.419 E/ActivityThread(29964): Failed to find provider info for sms
03-17 17:42:46.434 E/ActivityThread(29964): Failed to find provider info for sms
03-17 17:42:51.445 E/ActivityThread(29964): Failed to find provider info for sms
03-17 17:42:56.456 E/ActivityThread(29964): Failed to find provider info for sms
03-17 17:43:01.466 E/ActivityThread(29964): Failed to find provider info for sms
03-17 17:43:06.481 E/ActivityThread(29964): Failed to find provider info for sms
03-17 17:43:11.495 E/ActivityThread(29964): Failed to find provider info for sms
03-17 17:43:16.513 E/ActivityThread(29964): Failed to find provider info for sms
03-17 17:43:18.612 I/PowerManagerService(  427): Going to sleep due to screen timeout (uid 1000)...
03-17 17:43:18.614 I/DreamManagerService(  427): Entering dreamland.
03-17 17:43:18.616 I/PowerManagerService(  427): Dozing...
03-17 17:43:18.660 I/DreamController(  427): Starting dream: name=ComponentInfo{com.baidu.wear.app/com.baidu.wear.app.home.AmbientMode}, isTest=false, canDoze=true, userId=0
03-17 17:43:18.664 E/InputMethodManagerService(  427): Ignoring setImeWindowStatus due to an invalid token. uid:1000 token:null
03-17 17:43:18.665 E/InputMethodManagerService(  427): Ignoring setImeWindowStatus due to an invalid token. uid:1000 token:null
03-17 17:43:19.037 W/IntentResolver(  427): resolveIntent: multiple matches, only some with CATEGORY_DEFAULT
03-17 17:43:19.037 I/ActivityManager(  427): START u0 {act=android.intent.action.MAIN cat=[android.intent.category.HOME] flg=0x10000000 cmp=com.baidu.wear.app/.HomeActivity (has extras)} from uid 10002 on display 0
03-17 17:43:19.088 I/DisplayManagerService(  427): Display device changed: DisplayDeviceInfo{"Built-in Screen": 320 x 320, 60.0 fps, supportedRefreshRates [60.0], density 240, 280.275 x 280.275 dpi, appVsyncOff 0, presDeadline 17666667, touch INTERNAL, rotation 0, type BUILT_IN, state DOZE_SUSPEND, FLAG_DEFAULT_DISPLAY, FLAG_ROTATES_WITH_CONTENT, FLAG_SECURE, FLAG_SUPPORTS_PROTECTED_BUFFERS}
