03-17 17:43:19.095 V/ActivityManager(  427): Display changed displayId=0
03-17 17:43:19.123 I/ActivityManager(  427): Activity reported stop, but no longer stopping: ActivityRecord{1d66887c u0 com.baidu.wear.app/.HomeActivity t1}
03-17 17:43:21.525 E/ActivityThread(29964): Failed to find provider info for sms
03-17 17:43:26.538 E/ActivityThread(29964): Failed to find provider info for sms
03-17 17:43:31.552 E/ActivityThread(29964): Failed to find provider info for sms
03-17 17:43:36.567 E/ActivityThread(29964): Failed to find provider info for sms
03-17 17:43:41.581 E/ActivityThread(29964): Failed to find provider info for sms
03-17 17:43:46.596 E/ActivityThread(29964): Failed to find provider info for sms
03-17 17:43:48.178 I/PowerManagerService(  427): Waking up from dozing (uid 1000)...
03-17 17:43:48.181 W/KeyguardServiceDelegate(  427): onScreenTurnedOn(): no keyguard service!
03-17 17:43:48.271 V/ActivityManager(  427): Display changed displayId=0
03-17 17:43:48.274 E/InputMethodManagerService(  427): Ignoring setImeWindowStatus due to an invalid token. uid:1000 token:null
03-17 17:43:48.400 I/DisplayManagerService(  427): Display device changed: DisplayDeviceInfo{"Built-in Screen": 320 x 320, 60.0 fps, supportedRefreshRates [60.0], density 240, 280.275 x 280.275 dpi, appVsyncOff 0, presDeadline 17666667, touch INTERNAL, rotation 0, type BUILT_IN, state ON, FLAG_DEFAULT_DISPLAY, FLAG_ROTATES_WITH_CONTENT, FLAG_SECURE, FLAG_SUPPORTS_PROTECTED_BUFFERS}
03-17 17:43:48.402 V/ActivityManager(  427): Display changed displayId=0
03-17 17:43:48.409 I/DreamManagerService(  427): Gently waking up from dream.
03-17 17:43:48.414 I/DreamManagerService(  427): Leaving dreamland.
03-17 17:43:48.415 I/DreamController(  427): Stopping dream: name=ComponentInfo{com.baidu.wear.app/com.baidu.wear.app.home.AmbientMode}, isTest=false, canDoze=true, userId=0
03-17 17:43:51.267 I/PowerManagerService(  427): Going to sleep due to power button (uid 1000)...
03-17 17:43:51.294 I/DreamManagerService(  427): Entering dreamland.
03-17 17:43:51.295 I/PowerManagerService(  427): Dozing...
03-17 17:43:51.295 I/DreamController(  427): Starting dream: name=ComponentInfo{com.baidu.wear.app/com.baidu.wear.app.home.AmbientMode}, isTest=false, canDoze=true, userId=0
03-17 17:43:51.299 E/InputMethodManagerService(  427): Ignoring setImeWindowStatus due to an invalid token. uid:1000 token:null
03-17 17:43:51.300 E/InputMethodManagerService(  427): Ignoring setImeWindowStatus due to an invalid token. uid:1000 token:null
03-17 17:43:51.607 E/ActivityThread(29964): Failed to find provider info for sms
03-17 17:43:51.751 W/IntentResolver(  427): resolveIntent: multiple matches, only some with CATEGORY_DEFAULT
03-17 17:43:51.751 I/ActivityManager(  427): START u0 {act=android.intent.action.MAIN cat=[android.intent.category.HOME] flg=0x10000000 cmp=com.baidu.wear.app/.HomeActivity (has extras)} from uid 10002 on display 0
03-17 17:43:51.757 V/ActivityManager(  427): Display changed displayId=0
03-17 17:43:51.815 I/DisplayManagerService(  427): Display device changed: DisplayDeviceInfo{"Built-in Screen": 320 x 320, 60.0 fps, supportedRefreshRates [60.0], density 240, 280.275 x 280.275 dpi, appVsyncOff 0, presDeadline 17666667, touch INTERNAL, rotation 0, type BUILT_IN, state DOZE_SUSPEND, FLAG_DEFAULT_DISPLAY, FLAG_ROTATES_WITH_CONTENT, FLAG_SECURE, FLAG_SUPPORTS_PROTECTED_BUFFERS}
03-17 17:43:51.816 V/ActivityManager(  427): Display changed displayId=0
03-17 17:43:51.837 I/PowerManagerService(  427): Waking up from dozing (uid 1000)...
03-17 17:43:51.837 W/KeyguardServiceDelegate(  427): onScreenTurnedOn(): no keyguard service!
03-17 17:43:51.882 I/ActivityManager(  427): Activity reported stop, but no longer stopping: ActivityRecord{1d66887c u0 com.baidu.wear.app/.HomeActivity t1}
03-17 17:43:51.883 V/ActivityManager(  427): Display changed displayId=0
03-17 17:43:51.900 E/InputMethodManagerService(  427): Ignoring setImeWindowStatus due to an invalid token. uid:1000 token:null
03-17 17:43:52.028 I/DisplayManagerService(  427): Display device changed: DisplayDeviceInfo{"Built-in Screen": 320 x 320, 60.0 fps, supportedRefreshRates [60.0], density 240, 280.275 x 280.275 dpi, appVsyncOff 0, presDeadline 17666667, touch INTERNAL, rotation 0, type BUILT_IN, state ON, FLAG_DEFAULT_DISPLAY, FLAG_ROTATES_WITH_CONTENT, FLAG_SECURE, FLAG_SUPPORTS_PROTECTED_BUFFERS}
03-17 17:43:52.028 V/ActivityManager(  427): Display changed displayId=0
03-17 17:43:52.037 I/DreamManagerService(  427): Gently waking up from dream.
03-17 17:43:52.050 I/DreamManagerService(  427): Leaving dreamland.
03-17 17:43:52.050 I/DreamController(  427): Stopping dream: name=ComponentInfo{com.baidu.wear.app/com.baidu.wear.app.home.AmbientMode}, isTest=false, canDoze=true, userId=0
03-17 17:43:53.767 I/PowerManagerService(  427): Going to sleep due to power button (uid 1000)...
03-17 17:43:53.769 I/DreamManagerService(  427): Entering dreamland.
03-17 17:43:53.770 I/PowerManagerService(  427): Dozing...
03-17 17:43:53.774 I/DreamController(  427): Starting dream: name=ComponentInfo{com.baidu.wear.app/com.baidu.wear.app.home.AmbientMode}, isTest=false, canDoze=true, userId=0
03-17 17:43:53.777 E/InputMethodManagerService(  427): Ignoring setImeWindowStatus due to an invalid token. uid:1000 token:null
03-17 17:43:53.778 E/InputMethodManagerService(  427): Ignoring setImeWindowStatus due to an invalid token. uid:1000 token:null
03-17 17:43:54.107 W/IntentResolver(  427): resolveIntent: multiple matches, only some with CATEGORY_DEFAULT
03-17 17:43:54.107 I/ActivityManager(  427): START u0 {act=android.intent.action.MAIN cat=[android.intent.category.HOME] flg=0x10000000 cmp=com.baidu.wear.app/.HomeActivity (has extras)} from uid 10002 on display 0
03-17 17:43:54.115 V/ActivityManager(  427): Display changed displayId=0
03-17 17:43:54.173 I/DisplayManagerService(  427): Display device changed: DisplayDeviceInfo{"Built-in Screen": 320 x 320, 60.0 fps, supportedRefreshRates [60.0], density 240, 280.275 x 280.275 dpi, appVsyncOff 0, presDeadline 17666667, touch INTERNAL, rotation 0, type BUILT_IN, state DOZE_SUSPEND, FLAG_DEFAULT_DISPLAY, FLAG_ROTATES_WITH_CONTENT, FLAG_SECURE, FLAG_SUPPORTS_PROTECTED_BUFFERS}
03-17 17:43:54.173 V/ActivityManager(  427): Display changed displayId=0
03-17 17:43:54.195 I/ActivityManager(  427): Activity reported stop, but no longer stopping: ActivityRecord{1d66887c u0 com.baidu.wear.app/.HomeActivity t1}
03-17 17:43:56.622 E/ActivityThread(29964): Failed to find provider info for sms
03-17 17:43:56.724 I/PowerManagerService(  427): Waking up from dozing (uid 1000)...
03-17 17:43:56.727 W/KeyguardServiceDelegate(  427): onScreenTurnedOn(): no keyguard service!
03-17 17:43:56.772 V/ActivityManager(  427): Display changed displayId=0
03-17 17:43:56.781 E/InputMethodManagerService(  427): Ignoring setImeWindowStatus due to an invalid token. uid:1000 token:null
03-17 17:43:56.915 I/DisplayManagerService(  427): Display device changed: DisplayDeviceInfo{"Built-in Screen": 320 x 320, 60.0 fps, supportedRefreshRates [60.0], density 240, 280.275 x 280.275 dpi, appVsyncOff 0, presDeadline 17666667, touch INTERNAL, rotation 0, type BUILT_IN, state ON, FLAG_DEFAULT_DISPLAY, FLAG_ROTATES_WITH_CONTENT, FLAG_SECURE, FLAG_SUPPORTS_PROTECTED_BUFFERS}
03-17 17:43:56.915 V/ActivityManager(  427): Display changed displayId=0
03-17 17:43:56.921 I/DreamManagerService(  427): Gently waking up from dream.
03-17 17:43:56.926 I/DreamManagerService(  427): Leaving dreamland.
03-17 17:43:56.926 I/DreamController(  427): Stopping dream: name=ComponentInfo{com.baidu.wear.app/com.baidu.wear.app.home.AmbientMode}, isTest=false, canDoze=true, userId=0
03-17 17:44:01.631 E/ActivityThread(29964): Failed to find provider info for sms
03-17 17:44:06.638 E/ActivityThread(29964): Failed to find provider info for sms
03-17 17:44:11.651 E/ActivityThread(29964): Failed to find provider info for sms
03-17 17:44:16.667 E/ActivityThread(29964): Failed to find provider info for sms
03-17 17:44:21.677 E/ActivityThread(29964): Failed to find provider info for sms
03-17 17:44:26.695 E/ActivityThread(29964): Failed to find provider info for sms
03-17 17:44:26.720 I/PowerManagerService(  427): Going to sleep due to screen timeout (uid 1000)...
03-17 17:44:26.721 I/DreamManagerService(  427): Entering dreamland.
03-17 17:44:26.721 I/PowerManagerService(  427): Dozing...
03-17 17:44:26.762 E/InputMethodManagerService(  427): Ignoring setImeWindowStatus due to an invalid token. uid:1000 token:null
03-17 17:44:26.763 I/DreamController(  427): Starting dream: name=ComponentInfo{com.baidu.wear.app/com.baidu.wear.app.home.AmbientMode}, isTest=false, canDoze=true, userId=0
03-17 17:44:26.765 E/InputMethodManagerService(  427): Ignoring setImeWindowStatus due to an invalid token. uid:1000 token:null
03-17 17:44:27.105 W/IntentResolver(  427): resolveIntent: multiple matches, only some with CATEGORY_DEFAULT
03-17 17:44:27.105 I/ActivityManager(  427): START u0 {act=android.intent.action.MAIN cat=[android.intent.category.HOME] flg=0x10000000 cmp=com.baidu.wear.app/.HomeActivity (has extras)} from uid 10002 on display 0
03-17 17:44:27.108 V/ActivityManager(  427): Display changed displayId=0
03-17 17:44:27.174 I/DisplayManagerService(  427): Display device changed: DisplayDeviceInfo{"Built-in Screen": 320 x 320, 60.0 fps, supportedRefreshRates [60.0], density 240, 280.275 x 280.275 dpi, appVsyncOff 0, presDeadline 17666667, touch INTERNAL, rotation 0, type BUILT_IN, state DOZE_SUSPEND, FLAG_DEFAULT_DISPLAY, FLAG_ROTATES_WITH_CONTENT, FLAG_SECURE, FLAG_SUPPORTS_PROTECTED_BUFFERS}
03-17 17:44:27.174 V/ActivityManager(  427): Display changed displayId=0
03-17 17:44:27.185 I/ActivityManager(  427): Activity reported stop, but no longer stopping: ActivityRecord{1d66887c u0 com.baidu.wear.app/.HomeActivity t1}
03-17 17:44:28.272 I/PowerManagerService(  427): Waking up from dozing (uid 1000)...
03-17 17:44:28.275 W/KeyguardServiceDelegate(  427): onScreenTurnedOn(): no keyguard service!
03-17 17:44:28.318 V/ActivityManager(  427): Display changed displayId=0
03-17 17:44:28.319 E/InputMethodManagerService(  427): Ignoring setImeWindowStatus due to an invalid token. uid:1000 token:null
03-17 17:44:28.464 I/DisplayManagerService(  427): Display device changed: DisplayDeviceInfo{"Built-in Screen": 320 x 320, 60.0 fps, supportedRefreshRates [60.0], density 240, 280.275 x 280.275 dpi, appVsyncOff 0, presDeadline 17666667, touch INTERNAL, rotation 0, type BUILT_IN, state ON, FLAG_DEFAULT_DISPLAY, FLAG_ROTATES_WITH_CONTENT, FLAG_SECURE, FLAG_SUPPORTS_PROTECTED_BUFFERS}
03-17 17:44:28.465 V/ActivityManager(  427): Display changed displayId=0
03-17 17:44:28.472 I/DreamManagerService(  427): Gently waking up from dream.
03-17 17:44:28.486 I/DreamManagerService(  427): Leaving dreamland.
03-17 17:44:28.487 I/DreamController(  427): Stopping dream: name=ComponentInfo{com.baidu.wear.app/com.baidu.wear.app.home.AmbientMode}, isTest=false, canDoze=true, userId=0
03-17 17:44:31.706 E/ActivityThread(29964): Failed to find provider info for sms
03-17 17:44:36.713 E/ActivityThread(29964): Failed to find provider info for sms
03-17 17:44:41.725 E/ActivityThread(29964): Failed to find provider info for sms
03-17 17:44:46.735 E/ActivityThread(29964): Failed to find provider info for sms
03-17 17:44:51.753 E/ActivityThread(29964): Failed to find provider info for sms
03-17 17:44:56.762 E/ActivityThread(29964): Failed to find provider info for sms
03-17 17:45:01.767 E/ActivityThread(29964): Failed to find provider info for sms
03-17 17:45:02.999 I/ActivityManager(  427): Start proc com.google.process.location for service com.google.android.gms/.common.stats.GmsCoreStatsService: pid=9391 uid=10009 gids={50009, 9997, 3003, 1028, 1015, 3002, 3001, 1005, 1007, 3007, 2001, 3006} abi=armeabi-v7a
03-17 17:45:03.088 W/ResourcesManager( 9391): Asset path '/system/framework/com.android.location.provider.jar' does not exist or contains no resources.
03-17 17:45:03.172 I/ActivityManager(  427): Start proc com.google.process.gapps for content provider com.google.android.gsf/.gservices.GservicesProvider: pid=9410 uid=10009 gids={50009, 9997, 3003, 1028, 1015, 3002, 3001, 1005, 1007, 3007, 2001, 3006} abi=armeabi-v7a
03-17 17:45:03.254 D/ActivityThread( 9410): Loading provider com.google.android.gsf.gservices: com.google.android.gsf.gservices.GservicesProvider
03-17 17:45:03.450 I/ActivityManager(  427): Start proc com.google.android.gms for broadcast com.google.android.gms/.wearable.init.InitializeGmsWearableReceiver: pid=9431 uid=10009 gids={50009, 9997, 3003, 1028, 1015, 3002, 3001, 1005, 1007, 3007, 2001, 3006} abi=armeabi-v7a
03-17 17:45:03.527 W/ResourcesManager( 9431): Asset path '/system/framework/com.android.location.provider.jar' does not exist or contains no resources.
03-17 17:45:03.586 I/ActivityManager(  427): Delay finish: com.google.android.gms/.wearable.init.InitializeGmsWearableReceiver
03-17 17:45:03.598 I/ActivityManager(  427): Resuming delayed broadcast
03-17 17:45:03.650 W/ResourcesManager( 9410): Asset path '/system/framework/com.android.location.provider.jar' does not exist or contains no resources.
03-17 17:45:03.694 I/ActivityManager(  427): Delay finish: com.google.android.gms/.gcm.ServiceAutoStarter
03-17 17:45:03.744 I/ActivityManager(  427): Resuming delayed broadcast
03-17 17:45:03.866 I/ActivityManager(  427): Delay finish: com.google.android.gms/.wearable.init.InitializeGmsWearableReceiver
03-17 17:45:03.877 I/ActivityManager(  427): Resuming delayed broadcast
03-17 17:45:03.885 I/ActivityManager(  427): Delay finish: com.google.android.gms/.gcm.ServiceAutoStarter
03-17 17:45:03.888 I/ActivityManager(  427): Resuming delayed broadcast
03-17 17:45:03.946 I/ActivityManager(  427): Delay finish: com.google.android.gms/.wearable.init.InitializeGmsWearableReceiver
03-17 17:45:03.956 I/ActivityManager(  427): Resuming delayed broadcast
03-17 17:45:03.961 I/ActivityManager(  427): Delay finish: com.google.android.gms/.gcm.ServiceAutoStarter
03-17 17:45:03.963 I/ActivityManager(  427): Resuming delayed broadcast
03-17 17:45:06.777 E/ActivityThread(29964): Failed to find provider info for sms
03-17 17:45:08.405 I/ActivityManager(  427): Process com.google.process.gapps (pid 9410) has died
03-17 17:45:11.785 E/ActivityThread(29964): Failed to find provider info for sms
03-17 17:45:12.351 I/PowerManagerService(  427): Going to sleep due to screen timeout (uid 1000)...
03-17 17:45:12.398 I/DreamManagerService(  427): Entering dreamland.
03-17 17:45:12.398 I/PowerManagerService(  427): Dozing...
03-17 17:45:12.399 I/DreamController(  427): Starting dream: name=ComponentInfo{com.baidu.wear.app/com.baidu.wear.app.home.AmbientMode}, isTest=false, canDoze=true, userId=0
03-17 17:45:12.403 E/InputMethodManagerService(  427): Ignoring setImeWindowStatus due to an invalid token. uid:1000 token:null
03-17 17:45:12.403 E/InputMethodManagerService(  427): Ignoring setImeWindowStatus due to an invalid token. uid:1000 token:null
03-17 17:45:12.727 W/IntentResolver(  427): resolveIntent: multiple matches, only some with CATEGORY_DEFAULT
03-17 17:45:12.727 I/ActivityManager(  427): START u0 {act=android.intent.action.MAIN cat=[android.intent.category.HOME] flg=0x10000000 cmp=com.baidu.wear.app/.HomeActivity (has extras)} from uid 10002 on display 0
03-17 17:45:12.731 V/ActivityManager(  427): Display changed displayId=0
03-17 17:45:12.787 I/DisplayManagerService(  427): Display device changed: DisplayDeviceInfo{"Built-in Screen": 320 x 320, 60.0 fps, supportedRefreshRates [60.0], density 240, 280.275 x 280.275 dpi, appVsyncOff 0, presDeadline 17666667, touch INTERNAL, rotation 0, type BUILT_IN, state DOZE_SUSPEND, FLAG_DEFAULT_DISPLAY, FLAG_ROTATES_WITH_CONTENT, FLAG_SECURE, FLAG_SUPPORTS_PROTECTED_BUFFERS}
03-17 17:45:12.788 V/ActivityManager(  427): Display changed displayId=0
03-17 17:45:12.812 I/ActivityManager(  427): Activity reported stop, but no longer stopping: ActivityRecord{1d66887c u0 com.baidu.wear.app/.HomeActivity t1}
03-17 17:45:16.219 I/PowerManagerService(  427): Waking up from dozing (uid 1000)...
03-17 17:45:16.220 W/KeyguardServiceDelegate(  427): onScreenTurnedOn(): no keyguard service!
03-17 17:45:16.293 V/ActivityManager(  427): Display changed displayId=0
03-17 17:45:16.301 E/InputMethodManagerService(  427): Ignoring setImeWindowStatus due to an invalid token. uid:1000 token:null
03-17 17:45:16.409 I/DisplayManagerService(  427): Display device changed: DisplayDeviceInfo{"Built-in Screen": 320 x 320, 60.0 fps, supportedRefreshRates [60.0], density 240, 280.275 x 280.275 dpi, appVsyncOff 0, presDeadline 17666667, touch INTERNAL, rotation 0, type BUILT_IN, state ON, FLAG_DEFAULT_DISPLAY, FLAG_ROTATES_WITH_CONTENT, FLAG_SECURE, FLAG_SUPPORTS_PROTECTED_BUFFERS}
03-17 17:45:16.410 V/ActivityManager(  427): Display changed displayId=0
03-17 17:45:16.417 I/DreamManagerService(  427): Gently waking up from dream.
03-17 17:45:16.420 I/DreamManagerService(  427): Leaving dreamland.
03-17 17:45:16.421 I/DreamController(  427): Stopping dream: name=ComponentInfo{com.baidu.wear.app/com.baidu.wear.app.home.AmbientMode}, isTest=false, canDoze=true, userId=0
03-17 17:45:16.809 E/ActivityThread(29964): Failed to find provider info for sms
03-17 17:45:20.273 I/ActivityManager(  427): Process com.google.android.gms (pid 9431) has died
03-17 17:45:21.215 I/ActivityManager(  427): Low on memory:
03-17 17:45:21.215 I/ActivityManager(  427):   ntv   N     3976 kB: zygote (160) native
03-17 17:45:21.215 I/ActivityManager(  427):   ntv   N     2300 kB: mediaserver (156) native
03-17 17:45:21.215 I/ActivityManager(  427):   ntv   N     2068 kB: logd (138) native
03-17 17:45:21.215 I/ActivityManager(  427):   ntv   N     1780 kB: sysdbg_service (963) native
03-17 17:45:21.215 I/ActivityManager(  427):   ntv   N     1618 kB: surfaceflinger (143) native
03-17 17:45:21.215 I/ActivityManager(  427):   ntv   N     1043 kB: glgps (159) native
03-17 17:45:21.215 I/ActivityManager(  427):   ntv   N      584 kB: netd (153) native
03-17 17:45:21.215 I/ActivityManager(  427):   ntv   N      533 kB: vold (142) native
03-17 17:45:21.215 I/ActivityManager(  427):   ntv   N      518 kB: iddd (964) native
03-17 17:45:21.215 I/ActivityManager(  427):   ntv   N      496 kB: keystore (158) native
03-17 17:45:21.215 I/ActivityManager(  427):   ntv   N      448 kB: ClockworkProxy (148) native
03-17 17:45:21.215 I/ActivityManager(  427):   ntv   N      344 kB: adbd (163) native
03-17 17:45:21.215 I/ActivityManager(  427):   ntv   N      314 kB: ueventd (121) native
03-17 17:45:21.215 I/ActivityManager(  427):   ntv   N      307 kB: /init (1) native
03-17 17:45:21.215 I/ActivityManager(  427):   ntv   N      272 kB: sdcard (161) native
03-17 17:45:21.215 I/ActivityManager(  427):   ntv   N      270 kB: lmkd (140) native
03-17 17:45:21.215 I/ActivityManager(  427):   ntv   N      224 kB: debuggerd (154) native
03-17 17:45:21.215 I/ActivityManager(  427):   ntv   N      215 kB: servicemanager (141) native
03-17 17:45:21.215 I/ActivityManager(  427):   ntv   N      202 kB: installd (157) native
03-17 17:45:21.215 I/ActivityManager(  427):   ntv   N      187 kB: sh (150) native
03-17 17:45:21.215 I/ActivityManager(  427):   ntv   N      184 kB: healthd (139) native
03-17 17:45:21.215 I/ActivityManager(  427):   ntv   N      172 kB: key_sleep_vibrate_service (962) native
03-17 17:45:21.215 I/ActivityManager(  427):   ntv   N      104 kB: tad_static (122) native
03-17 17:45:21.215 I/ActivityManager(  427):   sys   P    28988 kB: system (427) fixed
03-17 17:45:21.215 I/ActivityManager(  427):   psvc  IF    8172 kB: com.android.bluetooth (1075) service
03-17 17:45:21.215 I/ActivityManager(  427):                        com.android.bluetooth/.btservice.AdapterService<=Proc{427:system/1000}
03-17 17:45:21.215 I/ActivityManager(  427):   fore  T    56966 kB: com.baidu.wear.app (608) top-activity
03-17 17:45:21.215 I/ActivityManager(  427):   vis   IF   14737 kB: com.google.android.wearable.app (590) service
03-17 17:45:21.215 I/ActivityManager(  427):                        com.google.android.wearable.app/com.google.android.clockwork.stream.NotificationCollectorService<=Proc{427:system/1000}
03-17 17:45:21.215 I/ActivityManager(  427):   vis   IF   14225 kB: mobi.byss.instaweather.watchface (7250) service
03-17 17:45:21.215 I/ActivityManager(  427):                        mobi.byss.instaweather.watchface/.services.watchface.AnalogWeatherWatchFaceService<=Proc{427:system/1000}
03-17 17:45:21.215 I/ActivityManager(  427):   vis   IF   10525 kB: com.google.android.gms.wearable (629) service
03-17 17:45:21.215 I/ActivityManager(  427):                        com.google.android.gms/.wearable.service.WearableService<=Proc{590:com.google.android.wearable.app/u0a3}
03-17 17:45:21.215 I/ActivityManager(  427):   vis   IF    9477 kB: com.baidu.wear.bws (648) service
03-17 17:45:21.215 I/ActivityManager(  427):                        com.baidu.wear.app/com.baidu.wear.bws.service.WearableService<=Proc{608:com.baidu.wear.app/u0a2}
03-17 17:45:21.215 I/ActivityManager(  427):   vis   T     8710 kB: com.google.android.apps.fitness (3092) visible
03-17 17:45:21.215 I/ActivityManager(  427):   vis   IF    8115 kB: com.google.android.apps.wearable.settings (729) provider
03-17 17:45:21.215 I/ActivityManager(  427):                        com.google.android.apps.wearable.settings/com.google.android.clockwork.settings.SettingsProvider<=Proc{590:com.google.android.wearable.app/u0a3}
03-17 17:45:21.215 I/ActivityManager(  427):   prcp  IF   14795 kB: com.wandoujia.phoenix2.usbproxy (29964) fg-service
03-17 17:45:21.215 I/ActivityManager(  427):   svc   S     8355 kB: com.google.process.location (9391) started-services
03-17 17:45:21.215 I/ActivityManager(  427):             201224 kB: TOTAL
03-17 17:45:21.215 I/ActivityManager(  427):   MemInfo: 35856 kB slab, 2060 kB shmem, 280 kB buffers, 58964 kB cached, 88104 kB free
03-17 17:45:21.821 E/ActivityThread(29964): Failed to find provider info for sms
03-17 17:45:26.826 E/ActivityThread(29964): Failed to find provider info for sms
03-17 17:45:31.839 E/ActivityThread(29964): Failed to find provider info for sms
03-17 17:45:33.560 I/PowerManagerService(  427): Going to sleep due to power button (uid 1000)...
03-17 17:45:33.562 I/DreamManagerService(  427): Entering dreamland.
03-17 17:45:33.562 I/PowerManagerService(  427): Dozing...
03-17 17:45:33.608 I/DreamController(  427): Starting dream: name=ComponentInfo{com.baidu.wear.app/com.baidu.wear.app.home.AmbientMode}, isTest=false, canDoze=true, userId=0
03-17 17:45:33.612 E/InputMethodManagerService(  427): Ignoring setImeWindowStatus due to an invalid token. uid:1000 token:null
03-17 17:45:33.613 E/InputMethodManagerService(  427): Ignoring setImeWindowStatus due to an invalid token. uid:1000 token:null
03-17 17:45:34.063 W/ActivityManager(  427): Activity pause timeout for ActivityRecord{1d66887c u0 com.baidu.wear.app/.HomeActivity t1}
03-17 17:45:34.089 W/IntentResolver(  427): resolveIntent: multiple matches, only some with CATEGORY_DEFAULT
03-17 17:45:34.089 I/ActivityManager(  427): START u0 {act=android.intent.action.MAIN cat=[android.intent.category.HOME] flg=0x10000000 cmp=com.baidu.wear.app/.HomeActivity (has extras)} from uid 10002 on display 0
03-17 17:45:34.093 V/ActivityManager(  427): Display changed displayId=0
03-17 17:45:34.150 I/ActivityManager(  427): Activity reported stop, but no longer stopping: ActivityRecord{1d66887c u0 com.baidu.wear.app/.HomeActivity t1}
03-17 17:45:34.152 I/DisplayManagerService(  427): Display device changed: DisplayDeviceInfo{"Built-in Screen": 320 x 320, 60.0 fps, supportedRefreshRates [60.0], density 240, 280.275 x 280.275 dpi, appVsyncOff 0, presDeadline 17666667, touch INTERNAL, rotation 0, type BUILT_IN, state DOZE_SUSPEND, FLAG_DEFAULT_DISPLAY, FLAG_ROTATES_WITH_CONTENT, FLAG_SECURE, FLAG_SUPPORTS_PROTECTED_BUFFERS}
03-17 17:45:34.152 V/ActivityManager(  427): Display changed displayId=0
03-17 17:45:36.860 E/ActivityThread(29964): Failed to find provider info for sms
03-17 17:45:41.872 E/ActivityThread(29964): Failed to find provider info for sms
03-17 17:45:46.879 E/ActivityThread(29964): Failed to find provider info for sms
03-17 17:45:48.281 I/PowerManagerService(  427): Waking up from dozing (uid 1000)...
03-17 17:45:48.285 W/KeyguardServiceDelegate(  427): onScreenTurnedOn(): no keyguard service!
03-17 17:45:48.341 V/ActivityManager(  427): Display changed displayId=0
03-17 17:45:48.346 E/InputMethodManagerService(  427): Ignoring setImeWindowStatus due to an invalid token. uid:1000 token:null
03-17 17:45:48.483 I/DisplayManagerService(  427): Display device changed: DisplayDeviceInfo{"Built-in Screen": 320 x 320, 60.0 fps, supportedRefreshRates [60.0], density 240, 280.275 x 280.275 dpi, appVsyncOff 0, presDeadline 17666667, touch INTERNAL, rotation 0, type BUILT_IN, state ON, FLAG_DEFAULT_DISPLAY, FLAG_ROTATES_WITH_CONTENT, FLAG_SECURE, FLAG_SUPPORTS_PROTECTED_BUFFERS}
03-17 17:45:48.483 V/ActivityManager(  427): Display changed displayId=0
03-17 17:45:48.493 I/DreamManagerService(  427): Gently waking up from dream.
03-17 17:45:48.499 I/DreamManagerService(  427): Leaving dreamland.
03-17 17:45:48.500 I/DreamController(  427): Stopping dream: name=ComponentInfo{com.baidu.wear.app/com.baidu.wear.app.home.AmbientMode}, isTest=false, canDoze=true, userId=0
03-17 17:45:51.891 E/ActivityThread(29964): Failed to find provider info for sms
03-17 17:45:55.394 E/ActivityThread( 7250): Service mobi.byss.instaweather.watchface.services.watchface.AnalogWeatherWatchFaceService has leaked IntentReceiver android.support.wearable.watchface.WatchFaceService$Engine$1@38010d93 that was originally registered here. Are you missing a call to unregisterReceiver()?
03-17 17:45:55.394 E/ActivityThread( 7250): android.app.IntentReceiverLeaked: Service mobi.byss.instaweather.watchface.services.watchface.AnalogWeatherWatchFaceService has leaked IntentReceiver android.support.wearable.watchface.WatchFaceService$Engine$1@38010d93 that was originally registered here. Are you missing a call to unregisterReceiver()?
03-17 17:45:55.394 E/ActivityThread( 7250): 	at android.app.LoadedApk$ReceiverDispatcher.<init>(LoadedApk.java:898)
03-17 17:45:55.394 E/ActivityThread( 7250): 	at android.app.LoadedApk.getReceiverDispatcher(LoadedApk.java:699)
03-17 17:45:55.394 E/ActivityThread( 7250): 	at android.app.ContextImpl.registerReceiverInternal(ContextImpl.java:1637)
03-17 17:45:55.394 E/ActivityThread( 7250): 	at android.app.ContextImpl.registerReceiver(ContextImpl.java:1617)
03-17 17:45:55.394 E/ActivityThread( 7250): 	at android.app.ContextImpl.registerReceiver(ContextImpl.java:1611)
03-17 17:45:55.394 E/ActivityThread( 7250): 	at android.content.ContextWrapper.registerReceiver(ContextWrapper.java:488)
03-17 17:45:55.394 E/ActivityThread( 7250): 	at android.support.wearable.watchface.WatchFaceService$Engine.dispatchAmbientModeChanged(WatchFaceService.java:429)
03-17 17:45:55.394 E/ActivityThread( 7250): 	at android.support.wearable.watchface.WatchFaceService$Engine.maybeUpdateAmbientMode(WatchFaceService.java:419)
03-17 17:45:55.394 E/ActivityThread( 7250): 	at android.support.wearable.watchface.WatchFaceService$Engine.onCommand(WatchFaceService.java:192)
03-17 17:45:55.394 E/ActivityThread( 7250): 	at android.service.wallpaper.WallpaperService$Engine.doCommand(WallpaperService.java:977)
03-17 17:45:55.394 E/ActivityThread( 7250): 	at android.service.wallpaper.WallpaperService$IWallpaperEngineWrapper.executeMessage(WallpaperService.java:1191)
03-17 17:45:55.394 E/ActivityThread( 7250): 	at com.android.internal.os.HandlerCaller$MyHandler.handleMessage(HandlerCaller.java:37)
03-17 17:45:55.394 E/ActivityThread( 7250): 	at android.os.Handler.dispatchMessage(Handler.java:102)
03-17 17:45:55.394 E/ActivityThread( 7250): 	at android.os.Looper.loop(Looper.java:135)
03-17 17:45:55.394 E/ActivityThread( 7250): 	at android.app.ActivityThread.main(ActivityThread.java:5221)
03-17 17:45:55.394 E/ActivityThread( 7250): 	at java.lang.reflect.Method.invoke(Native Method)
03-17 17:45:55.394 E/ActivityThread( 7250): 	at java.lang.reflect.Method.invoke(Method.java:372)
03-17 17:45:55.394 E/ActivityThread( 7250): 	at com.android.internal.os.ZygoteInit$MethodAndArgsCaller.run(ZygoteInit.java:899)
03-17 17:45:55.394 E/ActivityThread( 7250): 	at com.android.internal.os.ZygoteInit.main(ZygoteInit.java:694)
03-17 17:45:56.894 E/ActivityThread(29964): Failed to find provider info for sms
03-17 17:46:01.913 E/ActivityThread(29964): Failed to find provider info for sms
03-17 17:46:03.005 I/ActivityManager(  427): Process com.google.process.location (pid 9391) has died
03-17 17:46:03.005 W/ActivityManager(  427): Scheduling restart of crashed service com.google.android.gms/.common.stats.GmsCoreStatsService in 1024000ms
03-17 17:46:06.919 E/ActivityThread(29964): Failed to find provider info for sms
03-17 17:46:11.938 E/ActivityThread(29964): Failed to find provider info for sms
03-17 17:46:16.947 E/ActivityThread(29964): Failed to find provider info for sms
03-17 17:46:18.369 I/PowerManagerService(  427): Going to sleep due to power button (uid 1000)...
03-17 17:46:18.372 I/DreamManagerService(  427): Entering dreamland.
03-17 17:46:18.372 I/PowerManagerService(  427): Dozing...
03-17 17:46:18.378 I/DreamController(  427): Starting dream: name=ComponentInfo{com.baidu.wear.app/com.baidu.wear.app.home.AmbientMode}, isTest=false, canDoze=true, userId=0
03-17 17:46:18.383 E/InputMethodManagerService(  427): Ignoring setImeWindowStatus due to an invalid token. uid:1000 token:null
03-17 17:46:18.383 E/InputMethodManagerService(  427): Ignoring setImeWindowStatus due to an invalid token. uid:1000 token:null
03-17 17:46:18.875 W/ActivityManager(  427): Activity pause timeout for ActivityRecord{1d66887c u0 com.baidu.wear.app/.HomeActivity t1}
03-17 17:46:18.961 W/IntentResolver(  427): resolveIntent: multiple matches, only some with CATEGORY_DEFAULT
03-17 17:46:18.962 I/ActivityManager(  427): START u0 {act=android.intent.action.MAIN cat=[android.intent.category.HOME] flg=0x10000000 cmp=com.baidu.wear.app/.HomeActivity (has extras)} from uid 10002 on display 0
03-17 17:46:18.968 V/ActivityManager(  427): Display changed displayId=0
03-17 17:46:19.028 I/ActivityManager(  427): Activity reported stop, but no longer stopping: ActivityRecord{1d66887c u0 com.baidu.wear.app/.HomeActivity t1}
03-17 17:46:19.033 I/DisplayManagerService(  427): Display device changed: DisplayDeviceInfo{"Built-in Screen": 320 x 320, 60.0 fps, supportedRefreshRates [60.0], density 240, 280.275 x 280.275 dpi, appVsyncOff 0, presDeadline 17666667, touch INTERNAL, rotation 0, type BUILT_IN, state DOZE_SUSPEND, FLAG_DEFAULT_DISPLAY, FLAG_ROTATES_WITH_CONTENT, FLAG_SECURE, FLAG_SUPPORTS_PROTECTED_BUFFERS}
03-17 17:46:19.035 V/ActivityManager(  427): Display changed displayId=0
03-17 17:46:19.751 I/PowerManagerService(  427): Waking up from dozing (uid 1000)...
03-17 17:46:19.752 W/KeyguardServiceDelegate(  427): onScreenTurnedOn(): no keyguard service!
03-17 17:46:19.820 V/ActivityManager(  427): Display changed displayId=0
03-17 17:46:19.823 E/InputMethodManagerService(  427): Ignoring setImeWindowStatus due to an invalid token. uid:1000 token:null
03-17 17:46:19.949 I/DisplayManagerService(  427): Display device changed: DisplayDeviceInfo{"Built-in Screen": 320 x 320, 60.0 fps, supportedRefreshRates [60.0], density 240, 280.275 x 280.275 dpi, appVsyncOff 0, presDeadline 17666667, touch INTERNAL, rotation 0, type BUILT_IN, state ON, FLAG_DEFAULT_DISPLAY, FLAG_ROTATES_WITH_CONTENT, FLAG_SECURE, FLAG_SUPPORTS_PROTECTED_BUFFERS}
03-17 17:46:19.951 V/ActivityManager(  427): Display changed displayId=0
03-17 17:46:19.957 I/DreamManagerService(  427): Gently waking up from dream.
03-17 17:46:19.961 I/DreamManagerService(  427): Leaving dreamland.
03-17 17:46:19.961 I/DreamController(  427): Stopping dream: name=ComponentInfo{com.baidu.wear.app/com.baidu.wear.app.home.AmbientMode}, isTest=false, canDoze=true, userId=0
03-17 17:46:21.958 E/ActivityThread(29964): Failed to find provider info for sms
03-17 17:46:24.281 E/ActivityThread( 7250): Service mobi.byss.instaweather.watchface.services.watchface.AnalogWeatherWatchFaceService has leaked IntentReceiver android.support.wearable.watchface.WatchFaceService$Engine$1@2a104523 that was originally registered here. Are you missing a call to unregisterReceiver()?
03-17 17:46:24.281 E/ActivityThread( 7250): android.app.IntentReceiverLeaked: Service mobi.byss.instaweather.watchface.services.watchface.AnalogWeatherWatchFaceService has leaked IntentReceiver android.support.wearable.watchface.WatchFaceService$Engine$1@2a104523 that was originally registered here. Are you missing a call to unregisterReceiver()?
03-17 17:46:24.281 E/ActivityThread( 7250): 	at android.app.LoadedApk$ReceiverDispatcher.<init>(LoadedApk.java:898)
03-17 17:46:24.281 E/ActivityThread( 7250): 	at android.app.LoadedApk.getReceiverDispatcher(LoadedApk.java:699)
03-17 17:46:24.281 E/ActivityThread( 7250): 	at android.app.ContextImpl.registerReceiverInternal(ContextImpl.java:1637)
03-17 17:46:24.281 E/ActivityThread( 7250): 	at android.app.ContextImpl.registerReceiver(ContextImpl.java:1617)
03-17 17:46:24.281 E/ActivityThread( 7250): 	at android.app.ContextImpl.registerReceiver(ContextImpl.java:1611)
03-17 17:46:24.281 E/ActivityThread( 7250): 	at android.content.ContextWrapper.registerReceiver(ContextWrapper.java:488)
03-17 17:46:24.281 E/ActivityThread( 7250): 	at android.support.wearable.watchface.WatchFaceService$Engine.dispatchAmbientModeChanged(WatchFaceService.java:429)
03-17 17:46:24.281 E/ActivityThread( 7250): 	at android.support.wearable.watchface.WatchFaceService$Engine.maybeUpdateAmbientMode(WatchFaceService.java:419)
03-17 17:46:24.281 E/ActivityThread( 7250): 	at android.support.wearable.watchface.WatchFaceService$Engine.onCommand(WatchFaceService.java:192)
03-17 17:46:24.281 E/ActivityThread( 7250): 	at android.service.wallpaper.WallpaperService$Engine.doCommand(WallpaperService.java:977)
03-17 17:46:24.281 E/ActivityThread( 7250): 	at android.service.wallpaper.WallpaperService$IWallpaperEngineWrapper.executeMessage(WallpaperService.java:1191)
03-17 17:46:24.281 E/ActivityThread( 7250): 	at com.android.internal.os.HandlerCaller$MyHandler.handleMessage(HandlerCaller.java:37)
03-17 17:46:24.281 E/ActivityThread( 7250): 	at android.os.Handler.dispatchMessage(Handler.java:102)
03-17 17:46:24.281 E/ActivityThread( 7250): 	at android.os.Looper.loop(Looper.java:135)
03-17 17:46:24.281 E/ActivityThread( 7250): 	at android.app.ActivityThread.main(ActivityThread.java:5221)
03-17 17:46:24.281 E/ActivityThread( 7250): 	at java.lang.reflect.Method.invoke(Native Method)
03-17 17:46:24.281 E/ActivityThread( 7250): 	at java.lang.reflect.Method.invoke(Method.java:372)
03-17 17:46:24.281 E/ActivityThread( 7250): 	at com.android.internal.os.ZygoteInit$MethodAndArgsCaller.run(ZygoteInit.java:899)
03-17 17:46:24.281 E/ActivityThread( 7250): 	at com.android.internal.os.ZygoteInit.main(ZygoteInit.java:694)
03-17 17:46:26.976 E/ActivityThread(29964): Failed to find provider info for sms
03-17 17:46:31.997 E/ActivityThread(29964): Failed to find provider info for sms
03-17 17:46:37.005 E/ActivityThread(29964): Failed to find provider info for sms
03-17 17:46:42.027 E/ActivityThread(29964): Failed to find provider info for sms
03-17 17:46:47.036 E/ActivityThread(29964): Failed to find provider info for sms
03-17 17:46:52.047 E/ActivityThread(29964): Failed to find provider info for sms
03-17 17:46:53.875 I/PowerManagerService(  427): Going to sleep due to screen timeout (uid 1000)...
03-17 17:46:53.876 I/DreamManagerService(  427): Entering dreamland.
03-17 17:46:53.877 I/PowerManagerService(  427): Dozing...
03-17 17:46:53.917 I/DreamController(  427): Starting dream: name=ComponentInfo{com.baidu.wear.app/com.baidu.wear.app.home.AmbientMode}, isTest=false, canDoze=true, userId=0
03-17 17:46:53.922 E/InputMethodManagerService(  427): Ignoring setImeWindowStatus due to an invalid token. uid:1000 token:null
03-17 17:46:53.922 E/InputMethodManagerService(  427): Ignoring setImeWindowStatus due to an invalid token. uid:1000 token:null
03-17 17:46:54.249 W/IntentResolver(  427): resolveIntent: multiple matches, only some with CATEGORY_DEFAULT
03-17 17:46:54.250 I/ActivityManager(  427): START u0 {act=android.intent.action.MAIN cat=[android.intent.category.HOME] flg=0x10000000 cmp=com.baidu.wear.app/.HomeActivity (has extras)} from uid 10002 on display 0
03-17 17:46:54.254 V/ActivityManager(  427): Display changed displayId=0
03-17 17:46:54.302 I/DisplayManagerService(  427): Display device changed: DisplayDeviceInfo{"Built-in Screen": 320 x 320, 60.0 fps, supportedRefreshRates [60.0], density 240, 280.275 x 280.275 dpi, appVsyncOff 0, presDeadline 17666667, touch INTERNAL, rotation 0, type BUILT_IN, state DOZE_SUSPEND, FLAG_DEFAULT_DISPLAY, FLAG_ROTATES_WITH_CONTENT, FLAG_SECURE, FLAG_SUPPORTS_PROTECTED_BUFFERS}
03-17 17:46:54.303 V/ActivityManager(  427): Display changed displayId=0
03-17 17:46:54.335 I/ActivityManager(  427): Activity reported stop, but no longer stopping: ActivityRecord{1d66887c u0 com.baidu.wear.app/.HomeActivity t1}
03-17 17:46:56.276 I/PowerManagerService(  427): Waking up from dozing (uid 1000)...
03-17 17:46:56.280 W/KeyguardServiceDelegate(  427): onScreenTurnedOn(): no keyguard service!
03-17 17:46:56.323 V/ActivityManager(  427): Display changed displayId=0
03-17 17:46:56.329 E/InputMethodManagerService(  427): Ignoring setImeWindowStatus due to an invalid token. uid:1000 token:null
03-17 17:46:56.470 I/DisplayManagerService(  427): Display device changed: DisplayDeviceInfo{"Built-in Screen": 320 x 320, 60.0 fps, supportedRefreshRates [60.0], density 240, 280.275 x 280.275 dpi, appVsyncOff 0, presDeadline 17666667, touch INTERNAL, rotation 0, type BUILT_IN, state ON, FLAG_DEFAULT_DISPLAY, FLAG_ROTATES_WITH_CONTENT, FLAG_SECURE, FLAG_SUPPORTS_PROTECTED_BUFFERS}
03-17 17:46:56.471 V/ActivityManager(  427): Display changed displayId=0
03-17 17:46:56.476 I/DreamManagerService(  427): Gently waking up from dream.
03-17 17:46:56.480 I/DreamManagerService(  427): Leaving dreamland.
03-17 17:46:56.480 I/DreamController(  427): Stopping dream: name=ComponentInfo{com.baidu.wear.app/com.baidu.wear.app.home.AmbientMode}, isTest=false, canDoze=true, userId=0
03-17 17:46:57.064 E/ActivityThread(29964): Failed to find provider info for sms
03-17 17:47:02.068 E/ActivityThread(29964): Failed to find provider info for sms
03-17 17:47:07.090 E/ActivityThread(29964): Failed to find provider info for sms
03-17 17:47:12.098 E/ActivityThread(29964): Failed to find provider info for sms
03-17 17:47:17.101 E/ActivityThread(29964): Failed to find provider info for sms
03-17 17:47:22.125 E/ActivityThread(29964): Failed to find provider info for sms
03-17 17:47:27.134 E/ActivityThread(29964): Failed to find provider info for sms
03-17 17:47:32.146 E/ActivityThread(29964): Failed to find provider info for sms
03-17 17:47:37.157 E/ActivityThread(29964): Failed to find provider info for sms
03-17 17:47:42.172 E/ActivityThread(29964): Failed to find provider info for sms
03-17 17:47:47.186 E/ActivityThread(29964): Failed to find provider info for sms
03-17 17:47:52.198 E/ActivityThread(29964): Failed to find provider info for sms
03-17 17:47:53.283 I/PowerManagerService(  427): Going to sleep due to screen timeout (uid 1000)...
03-17 17:47:53.285 I/DreamManagerService(  427): Entering dreamland.
03-17 17:47:53.285 I/PowerManagerService(  427): Dozing...
03-17 17:47:53.329 I/DreamController(  427): Starting dream: name=ComponentInfo{com.baidu.wear.app/com.baidu.wear.app.home.AmbientMode}, isTest=false, canDoze=true, userId=0
03-17 17:47:53.334 E/InputMethodManagerService(  427): Ignoring setImeWindowStatus due to an invalid token. uid:1000 token:null
03-17 17:47:53.334 E/InputMethodManagerService(  427): Ignoring setImeWindowStatus due to an invalid token. uid:1000 token:null
03-17 17:47:53.775 W/IntentResolver(  427): resolveIntent: multiple matches, only some with CATEGORY_DEFAULT
03-17 17:47:53.776 I/ActivityManager(  427): START u0 {act=android.intent.action.MAIN cat=[android.intent.category.HOME] flg=0x10000000 cmp=com.baidu.wear.app/.HomeActivity (has extras)} from uid 10002 on display 0
03-17 17:47:53.779 V/ActivityManager(  427): Display changed displayId=0
03-17 17:47:53.824 I/DisplayManagerService(  427): Display device changed: DisplayDeviceInfo{"Built-in Screen": 320 x 320, 60.0 fps, supportedRefreshRates [60.0], density 240, 280.275 x 280.275 dpi, appVsyncOff 0, presDeadline 17666667, touch INTERNAL, rotation 0, type BUILT_IN, state DOZE_SUSPEND, FLAG_DEFAULT_DISPLAY, FLAG_ROTATES_WITH_CONTENT, FLAG_SECURE, FLAG_SUPPORTS_PROTECTED_BUFFERS}
03-17 17:47:53.824 V/ActivityManager(  427): Display changed displayId=0
03-17 17:47:53.851 I/ActivityManager(  427): Activity reported stop, but no longer stopping: ActivityRecord{1d66887c u0 com.baidu.wear.app/.HomeActivity t1}
03-17 17:47:57.216 E/ActivityThread(29964): Failed to find provider info for sms
03-17 17:48:00.123 W/IntentResolver(  427): resolveIntent: multiple matches, only some with CATEGORY_DEFAULT
03-17 17:48:00.124 I/ActivityManager(  427): START u0 {act=android.intent.action.MAIN cat=[android.intent.category.HOME] flg=0x10000000 cmp=com.baidu.wear.app/.HomeActivity (has extras)} from uid 10002 on display 0
03-17 17:48:00.130 V/ActivityManager(  427): Display changed displayId=0
03-17 17:48:02.227 E/ActivityThread(29964): Failed to find provider info for sms
03-17 17:48:07.239 E/ActivityThread(29964): Failed to find provider info for sms
03-17 17:48:12.258 E/ActivityThread(29964): Failed to find provider info for sms
03-17 17:48:17.275 E/ActivityThread(29964): Failed to find provider info for sms
03-17 17:48:22.287 E/ActivityThread(29964): Failed to find provider info for sms
03-17 17:48:27.305 E/ActivityThread(29964): Failed to find provider info for sms
03-17 17:48:32.317 E/ActivityThread(29964): Failed to find provider info for sms
03-17 17:48:37.331 E/ActivityThread(29964): Failed to find provider info for sms
03-17 17:48:42.342 E/ActivityThread(29964): Failed to find provider info for sms
03-17 17:48:47.353 E/ActivityThread(29964): Failed to find provider info for sms
03-17 17:48:52.364 E/ActivityThread(29964): Failed to find provider info for sms
03-17 17:48:57.379 E/ActivityThread(29964): Failed to find provider info for sms
03-17 17:49:00.122 W/IntentResolver(  427): resolveIntent: multiple matches, only some with CATEGORY_DEFAULT
03-17 17:49:00.122 I/ActivityManager(  427): START u0 {act=android.intent.action.MAIN cat=[android.intent.category.HOME] flg=0x10000000 cmp=com.baidu.wear.app/.HomeActivity (has extras)} from uid 10002 on display 0
03-17 17:49:02.396 E/ActivityThread(29964): Failed to find provider info for sms
03-17 17:49:07.428 E/ActivityThread(29964): Failed to find provider info for sms
03-17 17:49:11.269 I/ActivityManager(  427): Start proc com.google.android.gms for broadcast com.google.android.gms/.checkin.EventLogService$Receiver: pid=10019 uid=10009 gids={50009, 9997, 3003, 1028, 1015, 3002, 3001, 1005, 1007, 3007, 2001, 3006} abi=armeabi-v7a
03-17 17:49:11.456 W/ResourcesManager(10019): Asset path '/system/framework/com.android.location.provider.jar' does not exist or contains no resources.
03-17 17:49:11.651 I/ActivityManager(  427): Start proc com.google.process.gapps for content provider com.google.android.gsf/.gservices.GservicesProvider: pid=10040 uid=10009 gids={50009, 9997, 3003, 1028, 1015, 3002, 3001, 1005, 1007, 3007, 2001, 3006} abi=armeabi-v7a
03-17 17:49:11.812 D/ActivityThread(10040): Loading provider com.google.android.gsf.gservices: com.google.android.gsf.gservices.GservicesProvider
03-17 17:49:12.257 I/ActivityManager(  427): Delay finish: com.google.android.gms/.checkin.EventLogService$Receiver
03-17 17:49:12.410 E/ActivityThread(29964): Failed to find provider info for sms
03-17 17:49:12.800 I/ActivityManager(  427): Resuming delayed broadcast
03-17 17:49:12.849 I/ActivityManager(  427): Delay finish: com.google.android.gms/.wearable.init.InitializeGmsWearableReceiver
03-17 17:49:12.878 I/ActivityManager(  427): Resuming delayed broadcast
03-17 17:49:12.923 W/ResourcesManager(10040): Asset path '/system/framework/com.android.location.provider.jar' does not exist or contains no resources.
03-17 17:49:12.993 I/ActivityManager(  427): Delay finish: com.google.android.gms/.gcm.ServiceAutoStarter
03-17 17:49:13.054 I/ActivityManager(  427): Resuming delayed broadcast
03-17 17:49:13.212 I/ActivityManager(  427): Start proc com.google.process.location for service com.google.android.gms/.common.stats.GmsCoreStatsService: pid=10075 uid=10009 gids={50009, 9997, 3003, 1028, 1015, 3002, 3001, 1005, 1007, 3007, 2001, 3006} abi=armeabi-v7a
03-17 17:49:13.214 I/ActivityManager(  427): Delay finish: com.google.android.gms/.common.stats.GmsCoreStatsServiceLauncher
03-17 17:49:13.297 W/ResourcesManager(10075): Asset path '/system/framework/com.android.location.provider.jar' does not exist or contains no resources.
03-17 17:49:17.431 E/ActivityThread(29964): Failed to find provider info for sms
03-17 17:49:21.264 I/ActivityManager(  427): Process com.google.process.gapps (pid 10040) has died
03-17 17:49:21.268 I/ActivityManager(  427): Process com.google.process.location (pid 10075) has died
03-17 17:49:21.269 W/ActivityManager(  427): Scheduling restart of crashed service com.google.android.gms/.common.stats.GmsCoreStatsService in 1000ms
03-17 17:49:21.279 I/ActivityManager(  427): Process com.google.android.gms (pid 10019) has died
03-17 17:49:22.362 I/ActivityManager(  427): Start proc com.google.process.location for service com.google.android.gms/.common.stats.GmsCoreStatsService: pid=10113 uid=10009 gids={50009, 9997, 3003, 1028, 1015, 3002, 3001, 1005, 1007, 3007, 2001, 3006} abi=armeabi-v7a
03-17 17:49:22.443 E/ActivityThread(29964): Failed to find provider info for sms
03-17 17:49:22.479 W/ResourcesManager(10113): Asset path '/system/framework/com.android.location.provider.jar' does not exist or contains no resources.
03-17 17:49:22.583 I/ActivityManager(  427): Start proc com.google.process.gapps for content provider com.google.android.gsf/.gservices.GservicesProvider: pid=10133 uid=10009 gids={50009, 9997, 3003, 1028, 1015, 3002, 3001, 1005, 1007, 3007, 2001, 3006} abi=armeabi-v7a
03-17 17:49:22.697 D/ActivityThread(10133): Loading provider com.google.android.gsf.gservices: com.google.android.gsf.gservices.GservicesProvider
03-17 17:49:27.455 E/ActivityThread(29964): Failed to find provider info for sms
03-17 17:49:28.213 I/ActivityManager(  427): Waited long enough for: ServiceRecord{8c7674b u0 com.google.android.gms/.common.stats.GmsCoreStatsService}
03-17 17:49:28.214 I/ActivityManager(  427): Resuming delayed broadcast
03-17 17:49:28.274 I/ActivityManager(  427): Start proc com.google.android.gms for broadcast com.google.android.gms/.fitness.service.FitnessInitReceiver: pid=10165 uid=10009 gids={50009, 9997, 3003, 1028, 1015, 3002, 3001, 1005, 1007, 3007, 2001, 3006} abi=armeabi-v7a
03-17 17:49:28.352 W/ResourcesManager(10165): Asset path '/system/framework/com.android.location.provider.jar' does not exist or contains no resources.
03-17 17:49:28.481 I/ActivityManager(  427): Delay finish: com.google.android.gms/.wearable.init.InitializeGmsWearableReceiver
03-17 17:49:28.504 I/ActivityManager(  427): Resuming delayed broadcast
03-17 17:49:28.536 W/ResourcesManager(10133): Asset path '/system/framework/com.android.location.provider.jar' does not exist or contains no resources.
03-17 17:49:28.573 I/ActivityManager(  427): Delay finish: com.google.android.gms/.gcm.ServiceAutoStarter
03-17 17:49:28.635 I/ActivityManager(  427): Resuming delayed broadcast
03-17 17:49:28.788 I/ActivityManager(  427): Delay finish: com.google.android.gms/.wearable.init.InitializeGmsWearableReceiver
03-17 17:49:28.799 I/ActivityManager(  427): Resuming delayed broadcast
03-17 17:49:28.808 I/ActivityManager(  427): Delay finish: com.google.android.gms/.gcm.ServiceAutoStarter
03-17 17:49:28.811 I/ActivityManager(  427): Resuming delayed broadcast
03-17 17:49:28.902 I/ActivityManager(  427): Delay finish: com.google.android.gms/.wearable.init.InitializeGmsWearableReceiver
03-17 17:49:28.910 I/ActivityManager(  427): Resuming delayed broadcast
03-17 17:49:28.919 I/ActivityManager(  427): Delay finish: com.google.android.gms/.gcm.ServiceAutoStarter
03-17 17:49:28.922 I/ActivityManager(  427): Resuming delayed broadcast
03-17 17:49:28.993 I/ActivityManager(  427): Delay finish: com.google.android.gms/.wearable.init.InitializeGmsWearableReceiver
03-17 17:49:29.005 I/ActivityManager(  427): Resuming delayed broadcast
03-17 17:49:29.014 I/ActivityManager(  427): Delay finish: com.google.android.gms/.gcm.ServiceAutoStarter
03-17 17:49:29.018 I/ActivityManager(  427): Resuming delayed broadcast
03-17 17:49:29.087 I/ActivityManager(  427): Delay finish: com.google.android.gms/.wearable.init.InitializeGmsWearableReceiver
03-17 17:49:29.097 I/ActivityManager(  427): Resuming delayed broadcast
03-17 17:49:29.105 I/ActivityManager(  427): Delay finish: com.google.android.gms/.gcm.ServiceAutoStarter
03-17 17:49:29.109 I/ActivityManager(  427): Resuming delayed broadcast
